Archive member included because of file (symbol)

..\..\..\src\LCD\libgl_hx8352_flash.a(Clip.o)
                              ..\obj\User_Interface.o (Set_New_ClipObject)
..\..\..\src\LCD\libgl_hx8352_flash.a(Font.o)
                              ..\obj\User_Interface.o (LCD_SetFont)
..\..\..\src\LCD\libgl_hx8352_flash.a(Graphics_Primitive.o)
                              ..\obj\User_Interface.o (DrawPixel)
..\..\..\src\LCD\libgl_hx8352_flash.a(FillTriangle.o)
                              ..\obj\User_Interface.o (LCD_DrawFillTriangle)
..\..\..\src\LCD\libgl_hx8352_flash.a(hx8352.o)
                              ..\obj\User_Interface.o (LCD_SetTextColor)
..\..\..\src\LCD\libgl_hx8352_flash.a(hx8352_GPIO.o)
                              ..\obj\init.o (set_LCD_DATAPort_Init)
..\..\..\src\LCD\libgl_hx8352_flash.a(GUI_elements.o)
                              ..\obj\User_Interface.o (LCD_DrawButton)
c:/program files/gnu tools arm embedded/4.9 2015q2/bin/../lib/gcc/arm-none-eabi/4.9.3/../../../../arm-none-eabi/lib/armv7-m\libm.a(lib_a-s_round.o)
                              ..\obj\Processing_and_output.o (round)
c:/program files/gnu tools arm embedded/4.9 2015q2/bin/../lib/gcc/arm-none-eabi/4.9.3/../../../../arm-none-eabi/lib/armv7-m\libm.a(lib_a-sf_pow10.o)
                              ..\obj\Measurments.o (pow10f)
c:/program files/gnu tools arm embedded/4.9 2015q2/bin/../lib/gcc/arm-none-eabi/4.9.3/../../../../arm-none-eabi/lib/armv7-m\libm.a(lib_a-sf_sin.o)
                              ..\obj\User_Interface.o (sinf)
c:/program files/gnu tools arm embedded/4.9 2015q2/bin/../lib/gcc/arm-none-eabi/4.9.3/../../../../arm-none-eabi/lib/armv7-m\libm.a(lib_a-wf_pow.o)
                              c:/program files/gnu tools arm embedded/4.9 2015q2/bin/../lib/gcc/arm-none-eabi/4.9.3/../../../../arm-none-eabi/lib/armv7-m\libm.a(lib_a-sf_pow10.o) (powf)
c:/program files/gnu tools arm embedded/4.9 2015q2/bin/../lib/gcc/arm-none-eabi/4.9.3/../../../../arm-none-eabi/lib/armv7-m\libm.a(lib_a-wf_sqrt.o)
                              ..\obj\FFT.o (sqrtf)
c:/program files/gnu tools arm embedded/4.9 2015q2/bin/../lib/gcc/arm-none-eabi/4.9.3/../../../../arm-none-eabi/lib/armv7-m\libm.a(lib_a-ef_pow.o)
                              c:/program files/gnu tools arm embedded/4.9 2015q2/bin/../lib/gcc/arm-none-eabi/4.9.3/../../../../arm-none-eabi/lib/armv7-m\libm.a(lib_a-wf_pow.o) (__ieee754_powf)
c:/program files/gnu tools arm embedded/4.9 2015q2/bin/../lib/gcc/arm-none-eabi/4.9.3/../../../../arm-none-eabi/lib/armv7-m\libm.a(lib_a-ef_rem_pio2.o)
                              c:/program files/gnu tools arm embedded/4.9 2015q2/bin/../lib/gcc/arm-none-eabi/4.9.3/../../../../arm-none-eabi/lib/armv7-m\libm.a(lib_a-sf_sin.o) (__ieee754_rem_pio2f)
c:/program files/gnu tools arm embedded/4.9 2015q2/bin/../lib/gcc/arm-none-eabi/4.9.3/../../../../arm-none-eabi/lib/armv7-m\libm.a(lib_a-ef_sqrt.o)
                              c:/program files/gnu tools arm embedded/4.9 2015q2/bin/../lib/gcc/arm-none-eabi/4.9.3/../../../../arm-none-eabi/lib/armv7-m\libm.a(lib_a-wf_sqrt.o) (__ieee754_sqrtf)
c:/program files/gnu tools arm embedded/4.9 2015q2/bin/../lib/gcc/arm-none-eabi/4.9.3/../../../../arm-none-eabi/lib/armv7-m\libm.a(lib_a-kf_cos.o)
                              c:/program files/gnu tools arm embedded/4.9 2015q2/bin/../lib/gcc/arm-none-eabi/4.9.3/../../../../arm-none-eabi/lib/armv7-m\libm.a(lib_a-sf_sin.o) (__kernel_cosf)
c:/program files/gnu tools arm embedded/4.9 2015q2/bin/../lib/gcc/arm-none-eabi/4.9.3/../../../../arm-none-eabi/lib/armv7-m\libm.a(lib_a-kf_rem_pio2.o)
                              c:/program files/gnu tools arm embedded/4.9 2015q2/bin/../lib/gcc/arm-none-eabi/4.9.3/../../../../arm-none-eabi/lib/armv7-m\libm.a(lib_a-ef_rem_pio2.o) (__kernel_rem_pio2f)
c:/program files/gnu tools arm embedded/4.9 2015q2/bin/../lib/gcc/arm-none-eabi/4.9.3/../../../../arm-none-eabi/lib/armv7-m\libm.a(lib_a-kf_sin.o)
                              c:/program files/gnu tools arm embedded/4.9 2015q2/bin/../lib/gcc/arm-none-eabi/4.9.3/../../../../arm-none-eabi/lib/armv7-m\libm.a(lib_a-sf_sin.o) (__kernel_sinf)
c:/program files/gnu tools arm embedded/4.9 2015q2/bin/../lib/gcc/arm-none-eabi/4.9.3/../../../../arm-none-eabi/lib/armv7-m\libm.a(lib_a-s_lib_ver.o)
                              c:/program files/gnu tools arm embedded/4.9 2015q2/bin/../lib/gcc/arm-none-eabi/4.9.3/../../../../arm-none-eabi/lib/armv7-m\libm.a(lib_a-wf_pow.o) (__fdlib_version)
c:/program files/gnu tools arm embedded/4.9 2015q2/bin/../lib/gcc/arm-none-eabi/4.9.3/../../../../arm-none-eabi/lib/armv7-m\libm.a(lib_a-s_matherr.o)
                              c:/program files/gnu tools arm embedded/4.9 2015q2/bin/../lib/gcc/arm-none-eabi/4.9.3/../../../../arm-none-eabi/lib/armv7-m\libm.a(lib_a-wf_pow.o) (matherr)
c:/program files/gnu tools arm embedded/4.9 2015q2/bin/../lib/gcc/arm-none-eabi/4.9.3/../../../../arm-none-eabi/lib/armv7-m\libm.a(lib_a-s_rint.o)
[...]
Memory Configuration

Name             Origin             Length             Attributes
rom              0x08000000         0x00020000         xr
ram              0x20000000         0x00005000         xrw
*default*        0x00000000         0xffffffff

Linker script and memory map

                0x20005000                _eram = 0x20005000

.text           0x08000000    0x13b00
 *(.isr_vector)
 .isr_vector    0x08000000      0x10c ..\obj\startup_stm32f10x_md.o
                0x08000000                g_pfnVectors
 *(.text*)
 .text.Draw_Logo
                0x0800010c      0x104 ..\obj\User_Interface.o
                0x0800010c                Draw_Logo
 .text.btnTIME_SCALE_trigX_Update
                0x08000210      0x2d0 ..\obj\User_Interface.o
                0x08000210                btnTIME_SCALE_trigX_Update
 .text.Draw_btnTIME_SCALE
                0x080004e0      0x18c ..\obj\User_Interface.o
                0x080004e0                Draw_btnTIME_SCALE
 .text.Draw_Batt
                0x0800066c      0x1a0 ..\obj\User_Interface.o
                0x0800066c                Draw_Batt
 .text.UI_SamplingClearTimeout
                0x0800080c       0x34 ..\obj\User_Interface.o
                0x0800080c                UI_SamplingClearTimeout
 .text.UI_SamplingSetTimeout
                0x08000840       0x98 ..\obj\User_Interface.o
                0x08000840                UI_SamplingSetTimeout
 .text.Draw_Cursor_CH
                0x080008d8       0x2c ..\obj\User_Interface.o
                0x080008d8                Draw_Cursor_CH
 .text.UI_Update_CH_Cursors
                0x08000904       0x34 ..\obj\User_Interface.o
                0x08000904                UI_Update_CH_Cursors
 .text.Verify_Grid_Match
                0x08000938       0xa8 ..\obj\User_Interface.o
                0x08000938                Verify_Grid_Match
 .text.Draw_Cursor_Trig_Line
                0x080009e0      0x14c ..\obj\User_Interface.o
                0x080009e0                Draw_Cursor_Trig_Line
 .text.Draw_Cursor_Trig
                0x08000b2c      0x15c ..\obj\User_Interface.o
                0x08000b2c                Draw_Cursor_Trig
 .text.DrawTrig_PosX
                0x08000c88      0x148 ..\obj\User_Interface.o
                0x08000c88                DrawTrig_PosX
 .text.Draw_Cursor_Meas_Line
                0x08000dd0      0x18c ..\obj\User_Interface.o
                0x08000dd0                Draw_Cursor_Meas_Line
 .text.Change_horizontal_size
                0x08000f5c       0x94 ..\obj\User_Interface.o
                0x08000f5c                Change_horizontal_size
 .text.UpdateAllCursors
                0x08000ff0       0x74 ..\obj\User_Interface.o
                0x08000ff0                UpdateAllCursors
 .text.mSet_Button_Color
                0x08001064       0x30 ..\obj\User_Interface.o
                0x08001064                mSet_Button_Color
 .text.mSet_AllButtons_Color
                0x08001094       0x28 ..\obj\User_Interface.o
                0x08001094                mSet_AllButtons_Color
 .text.setActiveButton
                0x080010bc        0xc ..\obj\User_Interface.o
                0x080010bc                setActiveButton
 .text.Draw_Menu
                0x080010c8       0x94 ..\obj\User_Interface.o
                0x080010c8                Draw_Menu
 .text.ReDraw_Menu
                0x0800115c       0x50 ..\obj\User_Interface.o
                0x0800115c                ReDraw_Menu
 .text.Clear_Menu
                0x080011ac       0x44 ..\obj\User_Interface.o
                0x080011ac                Clear_Menu
 .text.Save_ReDraw_Auto_Meas
                0x080011f0       0x90 ..\obj\User_Interface.o
                0x080011f0                Save_ReDraw_Auto_Meas
 .text.SetActiveMenu
                0x08001280        0xc ..\obj\User_Interface.o
                0x08001280                SetActiveMenu
 .text.Draw_COLOR_Mn
                0x0800128c       0x5c ..\obj\User_Interface.o
                0x0800128c                Draw_COLOR_Mn
 .text.Get_State_COLOR_Mn
                0x080012e8        0xc ..\obj\User_Interface.o
                0x080012e8                Get_State_COLOR_Mn
 .text.Clear_COLOR_Mn
                0x080012f4       0x6c ..\obj\User_Interface.o
                0x080012f4                Clear_COLOR_Mn
 .text.Change_COLOR_Mn_Position
                0x08001360       0xa4 ..\obj\User_Interface.o
                0x08001360                Change_COLOR_Mn_Position
 .text.FrequencyMeas_Draw
                0x08001404       0xd0 ..\obj\User_Interface.o
                0x08001404                FrequencyMeas_Draw
 .text.FrequencyMeas_SaveRestore_State
                0x080014d4       0x30 ..\obj\User_Interface.o
                0x080014d4                FrequencyMeas_SaveRestore_State
 .text.Draw_Interface
                0x08001504       0xe4 ..\obj\User_Interface.o
                0x08001504                Draw_Interface
 .text.UI_BackLightPowerState_UpdateButton
                0x080015e8       0x4c ..\obj\User_Interface.o
                0x080015e8                UI_BackLightPowerState_UpdateButton
 .text.UI_LoadPreferenceUpdate
                0x08001634      0x130 ..\obj\User_Interface.o
                0x08001634                UI_LoadPreferenceUpdate
 .text.Beep_Start
                0x08001764       0x28 ..\obj\User_Interface.o
                0x08001764                Beep_Start
 .text.Change_Menu_Indx
                0x0800178c      0x100 ..\obj\User_Interface.o
                0x0800178c                Change_Menu_Indx
 .text.Beep_Stop
                0x0800188c       0x10 ..\obj\User_Interface.o
                0x0800188c                Beep_Stop
 .text.Clear_Message
                0x0800189c       0x6c ..\obj\User_Interface.o
                0x0800189c                Clear_Message
 .text.Init_COLOR_Mn
                0x08001908       0x98 ..\obj\User_Interface.o
                0x08001908                Init_COLOR_Mn
 .text.Show_Message
                0x080019a0       0xdc ..\obj\User_Interface.o
                0x080019a0                Show_Message
 .text.ConvertToString
                0x08001a7c       0x80 ..\obj\User_Interface.o
                0x08001a7c                ConvertToString
 .text.UI_ShowFPS
                0x08001afc       0x64 ..\obj\User_Interface.o
                0x08001afc                UI_ShowFPS
 .text.RTC_ITConfig
                0x08001b60       0x20 ..\obj\stm32f10x_rtc.o
                0x08001b60                RTC_ITConfig
 .text.RTC_EnterConfigMode
                0x08001b80       0x14 ..\obj\stm32f10x_rtc.o
                0x08001b80                RTC_EnterConfigMode
 .text.RTC_ExitConfigMode
                0x08001b94       0x14 ..\obj\stm32f10x_rtc.o
                0x08001b94                RTC_ExitConfigMode
 .text.RTC_GetCounter
                0x08001ba8       0x14 ..\obj\stm32f10x_rtc.o
                0x08001ba8                RTC_GetCounter
 .text.RTC_SetCounter
                0x08001bbc       0x1c ..\obj\stm32f10x_rtc.o
                0x08001bbc                RTC_SetCounter
 .text.RTC_SetPrescaler
                0x08001bd8       0x20 ..\obj\stm32f10x_rtc.o
                0x08001bd8                RTC_SetPrescaler
 .text.RTC_WaitForLastTask
                0x08001bf8       0x14 ..\obj\stm32f10x_rtc.o
                0x08001bf8                RTC_WaitForLastTask
 .text.RTC_WaitForSynchro
                0x08001c0c       0x20 ..\obj\stm32f10x_rtc.o
                0x08001c0c                RTC_WaitForSynchro
 .text.RTC_GetITStatus
                0x08001c2c       0x24 ..\obj\stm32f10x_rtc.o
                0x08001c2c                RTC_GetITStatus
 .text.RTC_ClearITPendingBit
                0x08001c50       0x14 ..\obj\stm32f10x_rtc.o
                0x08001c50                RTC_ClearITPendingBit
 .text.TIM_TimeBaseInit
                0x08001c64       0xa0 ..\obj\stm32f10x_tim.o
                0x08001c64                TIM_TimeBaseInit
 .text.TIM_OC3Init
                0x08001d04       0x84 ..\obj\stm32f10x_tim.o
                0x08001d04                TIM_OC3Init
 .text.TIM_OC4Init
                0x08001d88       0x6c ..\obj\stm32f10x_tim.o
                0x08001d88                TIM_OC4Init
 .text.TIM_Cmd  0x08001df4       0x1c ..\obj\stm32f10x_tim.o
                0x08001df4                TIM_Cmd
 .text.TIM_ARRPreloadConfig
                0x08001e10       0x1c ..\obj\stm32f10x_tim.o
                0x08001e10                TIM_ARRPreloadConfig
 .text.TIM_OC3PreloadConfig
                0x08001e2c       0x10 ..\obj\stm32f10x_tim.o
                0x08001e2c                TIM_OC3PreloadConfig
 .text.TIM_OC4PreloadConfig
                0x08001e3c       0x14 ..\obj\stm32f10x_tim.o
                0x08001e3c                TIM_OC4PreloadConfig
 .text.TIM_SetAutoreload
                0x08001e50        0x4 ..\obj\stm32f10x_tim.o
                0x08001e50                TIM_SetAutoreload
 .text.TIM_GetITStatus
                0x08001e54       0x18 ..\obj\stm32f10x_tim.o
                0x08001e54                TIM_GetITStatus
 .text.TrigMenuCallBack
                0x08001e6c       0x10 ..\obj\Trig_Menu.o
 .text.SetActiveTrigCursor
                0x08001e7c        0xc ..\obj\Trig_Menu.o
                0x08001e7c                SetActiveTrigCursor
 .text.Update_triggInfo_OnScreen
                0x08001e88      0x2b0 ..\obj\Trig_Menu.o
                0x08001e88                Update_triggInfo_OnScreen
 .text.Trigg_Position_X
                0x08002138       0xa8 ..\obj\Trig_Menu.o
                0x08002138                Trigg_Position_X
 .text.Sync_ChangeLevel
                0x080021e0       0x84 ..\obj\Trig_Menu.o
                0x080021e0                Sync_ChangeLevel
 .text.Change_Sync_CursorLevel
                0x08002264       0x38 ..\obj\Trig_Menu.o
 .text.Change_H_CursorLevel
                0x0800229c       0x44 ..\obj\Trig_Menu.o
                0x0800229c                Change_H_CursorLevel
 .text.Change_L_CursorLevel
                0x080022e0       0x54 ..\obj\Trig_Menu.o
                0x080022e0                Change_L_CursorLevel
 .text.Trigg_SyncType
                0x08002334       0xc8 ..\obj\Trig_Menu.o
                0x08002334                Trigg_SyncType
 .text.Trigg_SyncSourse
                0x080023fc      0x13c ..\obj\Trig_Menu.o
                0x080023fc                Trigg_SyncSourse
 .text.Change_Trig_X_Y_onMainMenu
                0x08002538      0x100 ..\obj\Trig_Menu.o
                0x08002538                Change_Trig_X_Y_onMainMenu
 .text.Draw_Trigg_Info
                0x08002638       0x98 ..\obj\Trig_Menu.o
                0x08002638                Draw_Trigg_Info
 .text.Hide_Show_triggInfo
                0x080026d0       0x38 ..\obj\Trig_Menu.o
                0x080026d0                Hide_Show_triggInfo
 .text.DBGMCU_GetREVID
                0x08002708        0xc ..\obj\stm32f10x_dbgmcu.o
                0x08002708                DBGMCU_GetREVID
 .text.DBGMCU_GetDEVID
                0x08002714       0x10 ..\obj\stm32f10x_dbgmcu.o
                0x08002714                DBGMCU_GetDEVID
 .text.SystemInit
                0x08002724      0x100 ..\obj\system_stm32f10x.o
                0x08002724                SystemInit
 .text.Error_message
                0x08002824       0x4c ..\obj\eeprom_WR_RD.o
                0x08002824                Error_message
 .text.EEPROM_Read
                0x08002870      0x1a0 ..\obj\eeprom_WR_RD.o
                0x08002870                EEPROM_Read
 .text.EEPROM_Write
                0x08002a10      0x150 ..\obj\eeprom_WR_RD.o
                0x08002a10                EEPROM_Write
 .text.Control_AD8129
                0x08002b60       0x48 ..\obj\Analog.o
                0x08002b60                Control_AD8129
 .text.Change_AnalogDivider
                0x08002ba8       0x9c ..\obj\Analog.o
                0x08002ba8                Change_AnalogDivider
 .text.Get_AnalogDivider_Index
                0x08002c44       0x1c ..\obj\Analog.o
                0x08002c44                Get_AnalogDivider_Index
 .text.Get_AnalogDivider_Gain_Coeff
                0x08002c60       0x10 ..\obj\Analog.o
                0x08002c60                Get_AnalogDivider_Gain_Coeff
 .text.Get_AutoDivider_State
                0x08002c70        0xc ..\obj\Analog.o
                0x08002c70                Get_AutoDivider_State
 .text.Set_AutoDivider_State
                0x08002c7c       0x1c ..\obj\Analog.o
                0x08002c7c                Set_AutoDivider_State
 .text.Analog_AutodividerMain
                0x08002c98       0xb8 ..\obj\Analog.o
                0x08002c98                Analog_AutodividerMain
 .text.Analog_SetInput_ACDC
                0x08002d50       0x3c ..\obj\Analog.o
                0x08002d50                Analog_SetInput_ACDC
 .text.Analog_InteliveMode
                0x08002d8c       0x48 ..\obj\Analog.o
                0x08002d8c                Analog_InteliveMode
 .text.PWR_BackupAccessCmd
                0x08002dd4        0xc ..\obj\stm32f10x_pwr.o
                0x08002dd4                PWR_BackupAccessCmd
 .text.Default_Handler
                0x08002de0        0x4 ..\obj\startup_stm32f10x_md.o
                0x08002de0                EXTI2_IRQHandler
                0x08002de0                TIM1_CC_IRQHandler
                0x08002de0                PVD_IRQHandler
                0x08002de0                EXTI3_IRQHandler
                0x08002de0                EXTI0_IRQHandler
                0x08002de0                I2C2_EV_IRQHandler
                0x08002de0                SPI1_IRQHandler
                0x08002de0                TAMPER_IRQHandler
                0x08002de0                DMA1_Channel4_IRQHandler
                0x08002de0                USART3_IRQHandler
                0x08002de0                DMA1_Channel7_IRQHandler
                0x08002de0                CAN1_RX1_IRQHandler
                0x08002de0                I2C1_EV_IRQHandler
                0x08002de0                DMA1_Channel6_IRQHandler
                0x08002de0                TIM3_IRQHandler
                0x08002de0                RCC_IRQHandler
                0x08002de0                TIM1_TRG_COM_IRQHandler
                0x08002de0                DMA1_Channel1_IRQHandler
                0x08002de0                EXTI15_10_IRQHandler
                0x08002de0                EXTI9_5_IRQHandler
                0x08002de0                SPI2_IRQHandler
                0x08002de0                EXTI4_IRQHandler
                0x08002de0                USB_LP_CAN1_RX0_IRQHandler
                0x08002de0                USB_HP_CAN1_TX_IRQHandler
                0x08002de0                DMA1_Channel3_IRQHandler
                0x08002de0                WWDG_IRQHandler
                0x08002de0                TIM1_BRK_IRQHandler
                0x08002de0                EXTI1_IRQHandler
                0x08002de0                RTCAlarm_IRQHandler
                0x08002de0                USART2_IRQHandler
                0x08002de0                I2C2_ER_IRQHandler
                0x08002de0                DMA1_Channel2_IRQHandler
                0x08002de0                CAN1_SCE_IRQHandler
                0x08002de0                FLASH_IRQHandler
                0x08002de0                USART1_IRQHandler
                0x08002de0                USBWakeUp_IRQHandler
 .text.Default_Reset_Handler
                0x08002de4       0x58 ..\obj\startup_stm32f10x_md.o
                0x08002de4                Default_Reset_Handler
                0x08002de4                Reset_Handler
 .text.GPIO_Init
                0x08002e3c       0xa0 ..\obj\stm32f10x_gpio.o
                0x08002e3c                GPIO_Init
 .text.GPIO_ReadOutputDataBit
                0x08002edc        0xc ..\obj\stm32f10x_gpio.o
                0x08002edc                GPIO_ReadOutputDataBit
 .text.GPIO_PinRemapConfig
                0x08002ee8       0x6c ..\obj\stm32f10x_gpio.o
                0x08002ee8                GPIO_PinRemapConfig
 .text.EPM570_Signals_Init
                0x08002f54        0x8 ..\obj\EPM570.o
                0x08002f54                EPM570_Signals_Init
 .text.EPM570_Set_Decimation
                0x08002f5c       0x14 ..\obj\EPM570.o
                0x08002f5c                EPM570_Set_Decimation
 .text.EPM570_Get_Decimation
                0x08002f70       0x14 ..\obj\EPM570.o
                0x08002f70                EPM570_Get_Decimation
 .text.EPM570_Set_numPoints
                0x08002f84       0x3c ..\obj\EPM570.o
                0x08002f84                EPM570_Set_numPoints
 .text.EPM570_Get_numPoints
                0x08002fc0       0x30 ..\obj\EPM570.o
                0x08002fc0                EPM570_Get_numPoints
 .text.EPM570_Registers_Init
                0x08002ff0       0x80 ..\obj\EPM570.o
                0x08002ff0                EPM570_Registers_Init
 .text.EPM570_SRAM_SetWriteState
                0x08003070        0xc ..\obj\EPM570.o
                0x08003070                EPM570_SRAM_SetWriteState
 .text.EPM570_SRAM_GetWriteState
                0x0800307c        0xc ..\obj\EPM570.o
                0x0800307c                EPM570_SRAM_GetWriteState
 .text.EPM570_SRAM_Write
                0x08003088      0x238 ..\obj\EPM570.o
                0x08003088                EPM570_SRAM_Write
 .text.EPM570_SRAM_ReadDirection
                0x080032c0       0x2c ..\obj\EPM570.o
                0x080032c0                EPM570_SRAM_ReadDirection
 .text.EPM570_SRAM_ReadState
                0x080032ec       0x48 ..\obj\EPM570.o
                0x080032ec                EPM570_SRAM_ReadState
 .text.EPM570_SRAM_Shift
                0x08003334       0xc4 ..\obj\EPM570.o
                0x08003334                EPM570_SRAM_Shift
 .text.EPM570_SRAM_Read
                0x080033f8      0x1b0 ..\obj\EPM570.o
                0x080033f8                EPM570_SRAM_Read
 .text.EPM570_Update_SynchronizationMode
                0x080035a8      0x1a4 ..\obj\EPM570.o
                0x080035a8                EPM570_Update_SynchronizationMode
 .text.EPM570_Set_AnalogDigital_DataInput
                0x0800374c       0x40 ..\obj\EPM570.o
                0x0800374c                EPM570_Set_AnalogDigital_DataInput
 .text.EPM570_Set_LA_RLE_State
                0x0800378c       0x30 ..\obj\EPM570.o
                0x0800378c                EPM570_Set_LA_RLE_State
 .text.EPM570_Get_LA_RLE_State
                0x080037bc        0xc ..\obj\EPM570.o
                0x080037bc                EPM570_Get_LA_RLE_State
 .text.EPM570_Set_BackLight
                0x080037c8       0x24 ..\obj\EPM570.o
                0x080037c8                EPM570_Set_BackLight
 .text.EPM570_Read_Keys
                0x080037ec       0x18 ..\obj\EPM570.o
                0x080037ec                EPM570_Read_Keys
 .text.Sync_Calc_ReadNumPoints
                0x08003804       0x2c ..\obj\Synchronization.o
 .text.Sync_delay_pre_trigger
                0x08003830       0x3c ..\obj\Synchronization.o
 .text.Sync_SetTriggCursor_X
                0x0800386c       0x44 ..\obj\Synchronization.o
 .text.Sync_Calc_WriteNumPoints
                0x080038b0       0x68 ..\obj\Synchronization.o
 .text.Sync_StateReset
                0x08003918       0x10 ..\obj\Synchronization.o
 .text.Sync_StateUpdate
                0x08003928       0x14 ..\obj\Synchronization.o
 .text.setCondition
                0x0800393c       0x68 ..\obj\main.o
                0x0800393c                setCondition
 .text.main     0x080039a4      0x184 ..\obj\main.o
                0x080039a4                main
 .text.Digit_Trig_Menu_UpdateButtons
                0x08003b28      0x11c ..\obj\Digit_Trig_Menu.o
 .text.Change_Digit_Trig_Menu
                0x08003c44      0x150 ..\obj\Digit_Trig_Menu.o
 .text.Draw_Digit_Trig_Menu_Callback
                0x08003d94       0x94 ..\obj\Digit_Trig_Menu.o
                0x08003d94                Draw_Digit_Trig_Menu_Callback
 .text.ExHardware_Init_ERROR
                0x08003e28       0x28 ..\obj\init.o
 .text.Global_Init
                0x08003e50      0x438 ..\obj\init.o
                0x08003e50                Global_Init
 .text.External_Peripheral_Init
                0x08004288      0x1b0 ..\obj\init.o
                0x08004288                External_Peripheral_Init
 .text.Start_Bootloader
                0x08004438       0x9c ..\obj\init.o
                0x08004438                Start_Bootloader
 .text.PutString
                0x080044d4       0x24 ..\obj\printf.o
                0x080044d4                PutString
 .text.PutUnsignedInt
                0x080044f8       0x50 ..\obj\printf.o
                0x080044f8                PutUnsignedInt
 .text.PutSignedInt
                0x08004548       0x98 ..\obj\printf.o
                0x08004548                PutSignedInt
 .text.PutHexa  0x080045e0       0x60 ..\obj\printf.o
                0x080045e0                PutHexa
 .text.vsnprintf
                0x08004640      0x144 ..\obj\printf.o
                0x08004640                vsnprintf
 .text.vsprintf
                0x08004784       0x10 ..\obj\printf.o
                0x08004784                vsprintf
 .text.sprintf  0x08004794       0x1c ..\obj\printf.o
                0x08004794                sprintf
 .text.fputc    0x080047b0       0x1c ..\obj\printf.o
                0x080047b0                fputc
 .text.fputs    0x080047cc       0x2c ..\obj\printf.o
                0x080047cc                fputs
 .text.vfprintf
                0x080047f8       0x4c ..\obj\printf.o
                0x080047f8                vfprintf
 .text.RCC_RTCCLKConfig
                0x08004844       0x10 ..\obj\stm32f10x_rcc.o
                0x08004844                RCC_RTCCLKConfig
 .text.RCC_RTCCLKCmd
                0x08004854        0xc ..\obj\stm32f10x_rcc.o
                0x08004854                RCC_RTCCLKCmd
 .text.RCC_GetClocksFreq
                0x08004860       0xb0 ..\obj\stm32f10x_rcc.o
                0x08004860                RCC_GetClocksFreq
 .text.RCC_AHBPeriphClockCmd
                0x08004910       0x1c ..\obj\stm32f10x_rcc.o
                0x08004910                RCC_AHBPeriphClockCmd
 .text.RCC_APB2PeriphClockCmd
                0x0800492c       0x1c ..\obj\stm32f10x_rcc.o
                0x0800492c                RCC_APB2PeriphClockCmd
 .text.RCC_APB1PeriphClockCmd
                0x08004948       0x1c ..\obj\stm32f10x_rcc.o
                0x08004948                RCC_APB1PeriphClockCmd
 .text.RCC_BackupResetCmd
                0x08004964        0xc ..\obj\stm32f10x_rcc.o
                0x08004964                RCC_BackupResetCmd
 .text.Processing_Digit_CH
                0x08004970        0x8 ..\obj\Processing_and_output.o
 .text.Clear_OLD_Data_NONE
                0x08004978       0x78 ..\obj\Processing_and_output.o
 .text.Clear_OLD_Data_MIN_MAX
                0x080049f0       0xe4 ..\obj\Processing_and_output.o
 .text.InterpolationNONE
                0x08004ad4       0xf0 ..\obj\Processing_and_output.o
                0x08004ad4                InterpolationNONE
 .text.MIN_MAX_MODEfunc
                0x08004bc4      0x22c ..\obj\Processing_and_output.o
                0x08004bc4                MIN_MAX_MODEfunc
 .text.InterpolationLINEAR
                0x08004df0      0x1f8 ..\obj\Processing_and_output.o
                0x08004df0                InterpolationLINEAR
 .text.FFT_MODEfunc
                0x08004fe8       0xa8 ..\obj\Processing_and_output.o
                0x08004fe8                FFT_MODEfunc
 .text.Clear_OLD_Data_Lines
                0x08005090       0xbc ..\obj\Processing_and_output.o
 .text.Clear_OLD_Data_FFT
                0x0800514c       0x1c ..\obj\Processing_and_output.o
 .text.Inerlive_Cmd
                0x08005168       0x14 ..\obj\Processing_and_output.o
                0x08005168                Inerlive_Cmd
 .text.Set_CH_TypeINFO
                0x0800517c       0x34 ..\obj\Processing_and_output.o
                0x0800517c                Set_CH_TypeINFO
 .text.changeInterpolation
                0x080051b0       0x18 ..\obj\Processing_and_output.o
                0x080051b0                changeInterpolation
 .text.Clear_OLD_DataCH_ON_SCREEN
                0x080051c8       0x30 ..\obj\Processing_and_output.o
                0x080051c8                Clear_OLD_DataCH_ON_SCREEN
 .text.Processing_Analog_CH
                0x080051f8      0x31c ..\obj\Processing_and_output.o
 .text.Update_Oscillogram
                0x08005514       0x90 ..\obj\Processing_and_output.o
                0x08005514                Update_Oscillogram
 .text.qMenu    0x080055a4       0x40 ..\obj\gInterface_MENU.o
                0x080055a4                qMenu
 .text.Change_Analog_Div
                0x080055e4       0xc8 ..\obj\gInterface_MENU.o
 .text.change_Div_A
                0x080056ac        0xc ..\obj\gInterface_MENU.o
                0x080056ac                change_Div_A
 .text.change_Div_B
                0x080056b8        0xc ..\obj\gInterface_MENU.o
                0x080056b8                change_Div_B
 .text.change_Sweep
                0x080056c4      0x1a0 ..\obj\gInterface_MENU.o
                0x080056c4                change_Sweep
 .text.RUN_HOLD
                0x08005864       0x60 ..\obj\gInterface_MENU.o
                0x08005864                RUN_HOLD
 .text.change_Trigg_Mode
                0x080058c4       0x98 ..\obj\gInterface_MENU.o
                0x080058c4                change_Trigg_Mode
 .text.Hide_Show_Meas
                0x0800595c      0x154 ..\obj\gInterface_MENU.o
                0x0800595c                Hide_Show_Meas
 .text.change_TIME_SCALE
                0x08005ab0       0x24 ..\obj\gInterface_MENU.o
                0x08005ab0                change_TIME_SCALE
 .text.Sweep_Mode
                0x08005ad4       0x80 ..\obj\gInterface_MENU.o
                0x08005ad4                Sweep_Mode
 .text.change_Sweep_Mode
                0x08005b54       0x6c ..\obj\gInterface_MENU.o
                0x08005b54                change_Sweep_Mode
 .text.ON_OFF_Channels
                0x08005bc0       0x94 ..\obj\gInterface_MENU.o
                0x08005bc0                ON_OFF_Channels
 .text.ON_OFF_CHANNEL_A
                0x08005c54       0x10 ..\obj\gInterface_MENU.o
                0x08005c54                ON_OFF_CHANNEL_A
 .text.ON_OFF_CHANNEL_B
                0x08005c64       0x54 ..\obj\gInterface_MENU.o
                0x08005c64                ON_OFF_CHANNEL_B
 .text.EPM570_Registers_WriteReg
                0x08005cb8       0x34 ..\obj\EPM570_Registers.o
                0x08005cb8                EPM570_Registers_WriteReg
 .text.EPM570_Registers_ReadReg
                0x08005cec       0x4c ..\obj\EPM570_Registers.o
                0x08005cec                EPM570_Registers_ReadReg
 .text.EPM570_Registers_WriteMultByte
                0x08005d38       0x2c ..\obj\EPM570_Registers.o
                0x08005d38                EPM570_Registers_WriteMultByte
 .text.EPM570_Registers_ReadMultByte
                0x08005d64       0x2c ..\obj\EPM570_Registers.o
                0x08005d64                EPM570_Registers_ReadMultByte
 .text.EPM570_Registers_GetOperateStatus
                0x08005d90        0xc ..\obj\EPM570_Registers.o
                0x08005d90                EPM570_Registers_GetOperateStatus
 .text.Sweep_UpdateState
                0x08005d9c       0x84 ..\obj\Sweep.o
                0x08005d9c                Sweep_UpdateState
 .text.ADC_Init
                0x08005e20       0x4c ..\obj\stm32f10x_adc.o
                0x08005e20                ADC_Init
 .text.ADC_Cmd  0x08005e6c       0x18 ..\obj\stm32f10x_adc.o
                0x08005e6c                ADC_Cmd
 .text.ADC_ITConfig
                0x08005e84       0x18 ..\obj\stm32f10x_adc.o
                0x08005e84                ADC_ITConfig
 .text.ADC_ResetCalibration
                0x08005e9c        0xc ..\obj\stm32f10x_adc.o
                0x08005e9c                ADC_ResetCalibration
 .text.ADC_GetResetCalibrationStatus
                0x08005ea8        0x8 ..\obj\stm32f10x_adc.o
                0x08005ea8                ADC_GetResetCalibrationStatus
 .text.ADC_StartCalibration
                0x08005eb0        0xc ..\obj\stm32f10x_adc.o
                0x08005eb0                ADC_StartCalibration
 .text.ADC_GetCalibrationStatus
                0x08005ebc        0x8 ..\obj\stm32f10x_adc.o
                0x08005ebc                ADC_GetCalibrationStatus
 .text.ADC_SoftwareStartConvCmd
                0x08005ec4       0x18 ..\obj\stm32f10x_adc.o
                0x08005ec4                ADC_SoftwareStartConvCmd
 .text.ADC_RegularChannelConfig
                0x08005edc       0x88 ..\obj\stm32f10x_adc.o
                0x08005edc                ADC_RegularChannelConfig
 .text.Settings_Message
                0x08005f64       0x80 ..\obj\Settings.o
 .text.Settings_EraseParam
                0x08005fe4       0x2c ..\obj\Settings.o
                0x08005fe4                Settings_EraseParam
 .text.ErasePreference
                0x08006010       0x24 ..\obj\Settings.o
                0x08006010                ErasePreference
 .text.Settings_SaveParam
                0x08006034       0x38 ..\obj\Settings.o
                0x08006034                Settings_SaveParam
 .text.SavePreference
                0x0800606c       0x94 ..\obj\Settings.o
                0x0800606c                SavePreference
 .text.LoadPreference
                0x08006100      0x32c ..\obj\Settings.o
                0x08006100                LoadPreference
 .text.USART_Init
                0x0800642c       0xb8 ..\obj\stm32f10x_usart.o
                0x0800642c                USART_Init
 .text.USART_Cmd
                0x080064e4       0x1c ..\obj\stm32f10x_usart.o
                0x080064e4                USART_Cmd
 .text.USART_DMACmd
                0x08006500       0x18 ..\obj\stm32f10x_usart.o
                0x08006500                USART_DMACmd
 .text.Change_Color_Buttons
                0x08006518       0xa0 ..\obj\Quick_Menu.o
                0x08006518                Change_Color_Buttons
 .text.Change_Color_Grid
                0x080065b8       0x80 ..\obj\Quick_Menu.o
                0x080065b8                Change_Color_Grid
 .text.Beep_ON_OFF
                0x08006638       0x4c ..\obj\Quick_Menu.o
                0x08006638                Beep_ON_OFF
 .text.Perform_Erase_EEPROM
                0x08006684       0x60 ..\obj\Quick_Menu.o
                0x08006684                Perform_Erase_EEPROM
 .text.Save_pref
                0x080066e4       0x3c ..\obj\Quick_Menu.o
                0x080066e4                Save_pref
 .text.Auto_Power_OFF
                0x08006720      0x11c ..\obj\Quick_Menu.o
                0x08006720                Auto_Power_OFF
 .text.BackLight
                0x0800683c       0x94 ..\obj\Quick_Menu.o
                0x0800683c                BackLight
 .text.ShowFFT_Freq
                0x080068d0       0x84 ..\obj\Quick_Menu.o
                0x080068d0                ShowFFT_Freq
 .text.Change_Interpolation
                0x08006954      0x1bc ..\obj\Quick_Menu.o
                0x08006954                Change_Interpolation
 .text.Color_ChangeBrightness
                0x08006b10       0x3c ..\obj\colors 5-6-5.o
                0x08006b10                Color_ChangeBrightness
 .text.Update_TimeScale_Menu_Text
                0x08006b4c       0xcc ..\obj\TimeScale_Menu.o
 .text.Draw_TimeScale_Menu
                0x08006c18       0x88 ..\obj\TimeScale_Menu.o
                0x08006c18                Draw_TimeScale_Menu
 .text.TimeScale_Menu
                0x08006ca0      0x184 ..\obj\TimeScale_Menu.o
                0x08006ca0                TimeScale_Menu
 .text.FLASH_Unlock
                0x08006e24       0x18 ..\obj\stm32f10x_flash.o
                0x08006e24                FLASH_Unlock
 .text.FLASH_Lock
                0x08006e3c       0x10 ..\obj\stm32f10x_flash.o
                0x08006e3c                FLASH_Lock
 .text.FLASH_GetBank1Status
                0x08006e4c       0x34 ..\obj\stm32f10x_flash.o
                0x08006e4c                FLASH_GetBank1Status
 .text.FLASH_WaitForLastOperation
                0x08006e80       0x2c ..\obj\stm32f10x_flash.o
                0x08006e80                FLASH_WaitForLastOperation
 .text.FLASH_ErasePage
                0x08006eac       0x40 ..\obj\stm32f10x_flash.o
                0x08006eac                FLASH_ErasePage
 .text.FLASH_ProgramWord
                0x08006eec       0x6c ..\obj\stm32f10x_flash.o
                0x08006eec                FLASH_ProgramWord
 .text.NMI_Handler
                0x08006f58        0x4 ..\obj\stm32f10x_it.o
                0x08006f58                NMI_Handler
 .text.HardFault_Handler
                0x08006f5c       0x44 ..\obj\stm32f10x_it.o
                0x08006f5c                HardFault_Handler
 .text.MemManage_Handler
                0x08006fa0        0x4 ..\obj\stm32f10x_it.o
                0x08006fa0                MemManage_Handler
 .text.BusFault_Handler
                0x08006fa4        0x4 ..\obj\stm32f10x_it.o
                0x08006fa4                BusFault_Handler
 .text.UsageFault_Handler
                0x08006fa8        0x4 ..\obj\stm32f10x_it.o
                0x08006fa8                UsageFault_Handler
 .text.SVC_Handler
                0x08006fac        0x4 ..\obj\stm32f10x_it.o
                0x08006fac                SVC_Handler
 .text.DebugMon_Handler
                0x08006fb0        0x4 ..\obj\stm32f10x_it.o
                0x08006fb0                DebugMon_Handler
 .text.PendSV_Handler
                0x08006fb4        0x4 ..\obj\stm32f10x_it.o
                0x08006fb4                PendSV_Handler
 .text.SysTick_Handler
                0x08006fb8        0x4 ..\obj\stm32f10x_it.o
                0x08006fb8                SysTick_Handler
 .text.RTC_IRQHandler
                0x08006fbc       0xbc ..\obj\stm32f10x_it.o
                0x08006fbc                RTC_IRQHandler
 .text.TIM1_UP_IRQHandler
                0x08007078       0x3c ..\obj\stm32f10x_it.o
                0x08007078                TIM1_UP_IRQHandler
 .text.TIM2_IRQHandler
                0x080070b4       0xb8 ..\obj\stm32f10x_it.o
                0x080070b4                TIM2_IRQHandler
 .text.TIM4_IRQHandler
                0x0800716c       0x64 ..\obj\stm32f10x_it.o
                0x0800716c                TIM4_IRQHandler
 .text.I2C1_ER_IRQHandler
                0x080071d0       0xe4 ..\obj\stm32f10x_it.o
                0x080071d0                I2C1_ER_IRQHandler
 *fill*         0x080072b4        0x4 
 .text.ADC1_2_IRQHandler
                0x080072b8       0xc0 ..\obj\stm32f10x_it.o
                0x080072b8                ADC1_2_IRQHandler
 .text.DMA1_Channel5_IRQHandler
                0x08007378       0xbc ..\obj\stm32f10x_it.o
                0x08007378                DMA1_Channel5_IRQHandler
 .text.Fill_Progress
                0x08007434       0x70 ..\obj\AutoCorrectCH.o
 .text.Update_Progress
                0x080074a4       0x80 ..\obj\AutoCorrectCH.o
 .text.Correction
                0x08007524      0x398 ..\obj\AutoCorrectCH.o
 .text.InterliveChannelCorrection
                0x080078bc       0xc8 ..\obj\AutoCorrectCH.o
 .text.Auto_CorrectZ_CH
                0x08007984      0x290 ..\obj\AutoCorrectCH.o
                0x08007984                Auto_CorrectZ_CH
 .text.Auto_CorrectZ_CH_A
                0x08007c14        0xc ..\obj\AutoCorrectCH.o
                0x08007c14                Auto_CorrectZ_CH_A
 .text.Auto_CorrectZ_CH_B
                0x08007c20        0xc ..\obj\AutoCorrectCH.o
                0x08007c20                Auto_CorrectZ_CH_B
 .text.Correct_Analog_Zero
                0x08007c2c       0x64 ..\obj\ChannelsMenu.o
 .text.Correct_AnalogZero_CH_A
                0x08007c90       0x10 ..\obj\ChannelsMenu.o
                0x08007c90                Correct_AnalogZero_CH_A
 .text.Correct_AnalogZero_CH_B
                0x08007ca0       0x10 ..\obj\ChannelsMenu.o
                0x08007ca0                Correct_AnalogZero_CH_B
 .text.Intrlive_Correct
                0x08007cb0       0x48 ..\obj\ChannelsMenu.o
                0x08007cb0                Intrlive_Correct
 .text.OFFSET_CH
                0x08007cf8       0xe0 ..\obj\ChannelsMenu.o
 .text.OFFSET_CH_A
                0x08007dd8       0x38 ..\obj\ChannelsMenu.o
                0x08007dd8                OFFSET_CH_A
 .text.OFFSET_CH_B
                0x08007e10       0x38 ..\obj\ChannelsMenu.o
                0x08007e10                OFFSET_CH_B
 .text.AutoDivider
                0x08007e48       0x28 ..\obj\ChannelsMenu.o
 .text.AutoDivider_A
                0x08007e70       0x28 ..\obj\ChannelsMenu.o
                0x08007e70                AutoDivider_A
 .text.AutoDivider_B
                0x08007e98       0x28 ..\obj\ChannelsMenu.o
                0x08007e98                AutoDivider_B
 .text.Change_COLOR_CH
                0x08007ec0       0x9c ..\obj\ChannelsMenu.o
 .text.Change_COLOR_CH_A
                0x08007f5c       0x38 ..\obj\ChannelsMenu.o
                0x08007f5c                Change_COLOR_CH_A
 .text.Change_TextColor_CH_A
                0x08007f94       0x38 ..\obj\ChannelsMenu.o
                0x08007f94                Change_TextColor_CH_A
 .text.Change_COLOR_CH_B
                0x08007fcc       0x38 ..\obj\ChannelsMenu.o
                0x08007fcc                Change_COLOR_CH_B
 .text.Change_TextColor_CH_B
                0x08008004       0x38 ..\obj\ChannelsMenu.o
                0x08008004                Change_TextColor_CH_B
 .text.DMA_DeInit
                0x0800803c      0x128 ..\obj\stm32f10x_dma.o
                0x0800803c                DMA_DeInit
 .text.DMA_Cmd  0x08008164       0x1c ..\obj\stm32f10x_dma.o
                0x08008164                DMA_Cmd
 .text.DMA_ITConfig
                0x08008180       0x14 ..\obj\stm32f10x_dma.o
                0x08008180                DMA_ITConfig
 .text.SysTick_CLKSourceConfig
                0x08008194       0x18 ..\obj\misc.o
                0x08008194                SysTick_CLKSourceConfig
 .text.ChangeMeasCursors
                0x080081ac       0xe4 ..\obj\Meas_Menu.o
 .text.ChangeMeasCursor_1
                0x08008290       0x10 ..\obj\Meas_Menu.o
                0x08008290                ChangeMeasCursor_1
 .text.ChangeMeasCursor_2
                0x080082a0       0x10 ..\obj\Meas_Menu.o
                0x080082a0                ChangeMeasCursor_2
 .text.DrawMeasModeText
                0x080082b0      0x128 ..\obj\Meas_Menu.o
 .text.MeasMenuCallBack
                0x080083d8       0xdc ..\obj\Meas_Menu.o
 .text.ChangeMeasMode
                0x080084b4       0x5c ..\obj\Meas_Menu.o
                0x080084b4                ChangeMeasMode
 .text.Host_IQueue_Initialization
                0x08008510       0x24 ..\obj\IQueue.o
                0x08008510                Host_IQueue_Initialization
 .text.Host_IQueue_GetReadStatus
                0x08008534       0x3c ..\obj\IQueue.o
                0x08008534                Host_IQueue_GetReadStatus
 .text.Host_GetIQueue
                0x08008570        0xc ..\obj\IQueue.o
                0x08008570                Host_GetIQueue
 .text.Host_IQueue_Clear
                0x0800857c       0x18 ..\obj\IQueue.o
                0x0800857c                Host_IQueue_Clear
 .text.Host_IQueue_Get_CommandsCount
                0x08008594       0x10 ..\obj\IQueue.o
                0x08008594                Host_IQueue_Get_CommandsCount
 .text.Host_IQueue_SetCommandCount
                0x080085a4       0x2c ..\obj\IQueue.o
                0x080085a4                Host_IQueue_SetCommandCount
 .text.Host_IQueue_GetEmptyIndex
                0x080085d0       0x58 ..\obj\IQueue.o
                0x080085d0                Host_IQueue_GetEmptyIndex
 .text.EPM570_GPIO_RS
                0x08008628       0x18 ..\obj\EPM570_GPIO.o
                0x08008628                EPM570_GPIO_RS
 .text.EPM570_GPIO_RD
                0x08008640       0x18 ..\obj\EPM570_GPIO.o
                0x08008640                EPM570_GPIO_RD
 .text.EPM570_GPIO_ResetCntrlSignals
                0x08008658       0x20 ..\obj\EPM570_GPIO.o
                0x08008658                EPM570_GPIO_ResetCntrlSignals
 .text.EPM570_GPIO_SetPortState
                0x08008678       0x30 ..\obj\EPM570_GPIO.o
                0x08008678                EPM570_GPIO_SetPortState
 .text.EPM570_GPIO_Configuration
                0x080086a8       0x60 ..\obj\EPM570_GPIO.o
                0x080086a8                EPM570_GPIO_Configuration
 .text.EPM570_GPIO_SetPortData
                0x08008708       0x14 ..\obj\EPM570_GPIO.o
                0x08008708                EPM570_GPIO_SetPortData
 .text.EPM570_GPIO_WriteStrobe
                0x0800871c       0x14 ..\obj\EPM570_GPIO.o
                0x0800871c                EPM570_GPIO_WriteStrobe
 .text.EPM570_GPIO_AddrWriteStrobe
                0x08008730       0x18 ..\obj\EPM570_GPIO.o
                0x08008730                EPM570_GPIO_AddrWriteStrobe
 .text.fft_calc
                0x08008748      0x164 ..\obj\FFT.o
                0x08008748                fft_calc
 .text.fft_realMag_calc
                0x080088ac       0x8c ..\obj\FFT.o
                0x080088ac                fft_realMag_calc
 .text.delay_init
                0x08008938       0x44 ..\obj\systick.o
                0x08008938                delay_init
 .text.delay_us
                0x0800897c       0x84 ..\obj\systick.o
                0x0800897c                delay_us
 .text.delay_ms
                0x08008a00       0x54 ..\obj\systick.o
                0x08008a00                delay_ms
 .text.I2C_Init
                0x08008a54       0xe0 ..\obj\stm32f10x_i2c.o
                0x08008a54                I2C_Init
 .text.I2C_Cmd  0x08008b34       0x1c ..\obj\stm32f10x_i2c.o
                0x08008b34                I2C_Cmd
 .text.I2C_GenerateSTART
                0x08008b50       0x1c ..\obj\stm32f10x_i2c.o
                0x08008b50                I2C_GenerateSTART
 .text.I2C_GenerateSTOP
                0x08008b6c       0x1c ..\obj\stm32f10x_i2c.o
                0x08008b6c                I2C_GenerateSTOP
 .text.I2C_SendData
                0x08008b88        0x4 ..\obj\stm32f10x_i2c.o
                0x08008b88                I2C_SendData
 .text.I2C_ReceiveData
                0x08008b8c        0x8 ..\obj\stm32f10x_i2c.o
                0x08008b8c                I2C_ReceiveData
 .text.I2C_Send7bitAddress
                0x08008b94       0x14 ..\obj\stm32f10x_i2c.o
                0x08008b94                I2C_Send7bitAddress
 .text.I2C_CheckEvent
                0x08008ba8       0x24 ..\obj\stm32f10x_i2c.o
                0x08008ba8                I2C_CheckEvent
 .text.I2C_GetFlagStatus
                0x08008bcc       0x38 ..\obj\stm32f10x_i2c.o
                0x08008bcc                I2C_GetFlagStatus
 .text.I2C_GetITStatus
                0x08008c04       0x20 ..\obj\stm32f10x_i2c.o
                0x08008c04                I2C_GetITStatus
 .text.I2C_ClearITPendingBit
                0x08008c24        0x8 ..\obj\stm32f10x_i2c.o
                0x08008c24                I2C_ClearITPendingBit
 .text.RTC_Configuration
                0x08008c2c       0x54 ..\obj\RTC.o
                0x08008c2c                RTC_Configuration
 .text.RTC_User_Init
                0x08008c80       0x24 ..\obj\RTC.o
                0x08008c80                RTC_User_Init
 *fill*         0x08008ca4        0x4 
 .text.FFT_Meas
                0x08008ca8       0xf0 ..\obj\Measurments.o
 .text.Print_Meas_Text
                0x08008d98       0x38 ..\obj\Measurments.o
 .text.Reset_Calc_Show_Freq
                0x08008dd0       0x14 ..\obj\Measurments.o
                0x08008dd0                Reset_Calc_Show_Freq
 .text.Init_Meas_Values
                0x08008de4       0x38 ..\obj\Measurments.o
                0x08008de4                Init_Meas_Values
 .text.ConvertFloatToString
                0x08008e1c       0xf4 ..\obj\Measurments.o
                0x08008e1c                ConvertFloatToString
 .text.cnvrtToVolts
                0x08008f10       0xcc ..\obj\Measurments.o
                0x08008f10                cnvrtToVolts
 .text.cnvrtToTime
                0x08008fdc      0x128 ..\obj\Measurments.o
                0x08008fdc                cnvrtToTime
 .text.All_Measurments_Menu_1
                0x08009104      0x2dc ..\obj\Measurments.o
                0x08009104                All_Measurments_Menu_1
 .text.cnvrtToFrequency
                0x080093e0       0xc0 ..\obj\Measurments.o
                0x080093e0                cnvrtToFrequency
 .text.Calc_Show_Freq
                0x080094a0       0xf4 ..\obj\Measurments.o
                0x080094a0                Calc_Show_Freq
 *fill*         0x08009594        0x4 
 .text.All_Measurments_Menu_2
                0x08009598      0x2cc ..\obj\Measurments.o
                0x08009598                All_Measurments_Menu_2
 *fill*         0x08009864        0x4 
 .text.All_Measurments_Menu_3
                0x08009868      0x2ac ..\obj\Measurments.o
                0x08009868                All_Measurments_Menu_3
 .text.SysTick_SetReload
                0x08009b14        0xc ..\obj\stm32f10x_systick.o
                0x08009b14                SysTick_SetReload
 .text.SysTick_CounterCmd
                0x08009b20       0x30 ..\obj\stm32f10x_systick.o
                0x08009b20                SysTick_CounterCmd
 .text.SysTick_ITConfig
                0x08009b50       0x20 ..\obj\stm32f10x_systick.o
                0x08009b50                SysTick_ITConfig
 .text.SysTick_GetFlagStatus
                0x08009b70       0x1c ..\obj\stm32f10x_systick.o
                0x08009b70                SysTick_GetFlagStatus
 .text.Host_RequestReset
                0x08009b8c       0x10 ..\obj\Host.o
                0x08009b8c                Host_RequestReset
 .text.Host_GetTerminateCmd
                0x08009b9c       0x1c ..\obj\Host.o
                0x08009b9c                Host_GetTerminateCmd
 .text.Switch_To_AutoMode
                0x08009bb8       0x3c ..\obj\Host.o
                0x08009bb8                Switch_To_AutoMode
 .text.CRC8     0x08009bf4       0x3c ..\obj\Host.o
                0x08009bf4                CRC8
 .text.Transmit_To_Host
                0x08009c30       0xc0 ..\obj\Host.o
                0x08009c30                Transmit_To_Host
 .text.Decoding_Command
                0x08009cf0      0x65c ..\obj\Host.o
                0x08009cf0                Decoding_Command
 .text.Switch_To_HostMode
                0x0800a34c      0x168 ..\obj\Host.o
                0x0800a34c                Switch_To_HostMode
 .text.Transmit_DataBuf_To_Host
                0x0800a4b4      0x2fc ..\obj\Host.o
                0x0800a4b4                Transmit_DataBuf_To_Host
 .text.CRC8_Buff
                0x0800a7b0       0x28 ..\obj\Host.o
                0x0800a7b0                CRC8_Buff
 .text.Recive_Host_Data
                0x0800a7d8      0x1b4 ..\obj\Host.o
                0x0800a7d8                Recive_Host_Data
 .text.BKP_DeInit
                0x0800a98c       0x10 ..\obj\stm32f10x_bkp.o
                0x0800a98c                BKP_DeInit
 .text.BKP_WriteBackupRegister
                0x0800a99c       0x1c ..\obj\stm32f10x_bkp.o
                0x0800a99c                BKP_WriteBackupRegister
 .text.CS_ClipPoint_IN_Window
                0x0800a9b8       0x3c ..\..\..\src\LCD\libgl_hx8352_flash.a(Clip.o)
                0x0800a9b8                CS_ClipPoint_IN_Window
 .text.CS_ClipPoint_OUT_Window
                0x0800a9f4       0x48 ..\..\..\src\LCD\libgl_hx8352_flash.a(Clip.o)
                0x0800a9f4                CS_ClipPoint_OUT_Window
 .text.CS_ClipLine_Out_Window
                0x0800aa3c      0x5ac ..\..\..\src\LCD\libgl_hx8352_flash.a(Clip.o)
                0x0800aa3c                CS_ClipLine_Out_Window
 .text.CS_ClipLine_IN_Window
                0x0800afe8      0x31c ..\..\..\src\LCD\libgl_hx8352_flash.a(Clip.o)
                0x0800afe8                CS_ClipLine_IN_Window
 .text.Set_New_ClipObject
                0x0800b304       0xe8 ..\..\..\src\LCD\libgl_hx8352_flash.a(Clip.o)
                0x0800b304                Set_New_ClipObject
 .text.Clear_ClipObject
                0x0800b3ec       0xd4 ..\..\..\src\LCD\libgl_hx8352_flash.a(Clip.o)
                0x0800b3ec                Clear_ClipObject
 .text.Verify_Clip_Point
                0x0800b4c0       0x58 ..\..\..\src\LCD\libgl_hx8352_flash.a(Clip.o)
                0x0800b4c0                Verify_Clip_Point
 .text.Verify_Clip_Line
                0x0800b518       0x5c ..\..\..\src\LCD\libgl_hx8352_flash.a(Clip.o)
                0x0800b518                Verify_Clip_Line
 .text.LCD_SetFont
                0x0800b574        0xc ..\..\..\src\LCD\libgl_hx8352_flash.a(Font.o)
                0x0800b574                LCD_SetFont
 .text.LCD_DrawChar
                0x0800b580      0x4ac ..\..\..\src\LCD\libgl_hx8352_flash.a(Font.o)
                0x0800b580                LCD_DrawChar
 .text.LCD_PutStrig
                0x0800ba2c       0xc4 ..\..\..\src\LCD\libgl_hx8352_flash.a(Font.o)
                0x0800ba2c                LCD_PutStrig
 .text.LCD_PutColorStrig
                0x0800baf0       0x18 ..\..\..\src\LCD\libgl_hx8352_flash.a(Font.o)
                0x0800baf0                LCD_PutColorStrig
 .text.LCD_Strig_PointsWidht
                0x0800bb08       0x48 ..\..\..\src\LCD\libgl_hx8352_flash.a(Font.o)
                0x0800bb08                LCD_Strig_PointsWidht
 .text.DrawPixel
                0x0800bb50       0x2c ..\..\..\src\LCD\libgl_hx8352_flash.a(Graphics_Primitive.o)
                0x0800bb50                DrawPixel
 .text.LCD_DrawLine
                0x0800bb7c      0x67c ..\..\..\src\LCD\libgl_hx8352_flash.a(Graphics_Primitive.o)
                0x0800bb7c                LCD_DrawLine
 .text.LCD_DrawRect
                0x0800c1f8       0x3c ..\..\..\src\LCD\libgl_hx8352_flash.a(Graphics_Primitive.o)
                0x0800c1f8                LCD_DrawRect
 .text.LCD_DrawFillRect
                0x0800c234       0xd4 ..\..\..\src\LCD\libgl_hx8352_flash.a(Graphics_Primitive.o)
                0x0800c234                LCD_DrawFillRect
 .text.LCD_DrawLowerHalf
                0x0800c308      0x11c ..\..\..\src\LCD\libgl_hx8352_flash.a(FillTriangle.o)
                0x0800c308                LCD_DrawLowerHalf
 .text.LCD_DrawUpperHalf
                0x0800c424      0x11c ..\..\..\src\LCD\libgl_hx8352_flash.a(FillTriangle.o)
                0x0800c424                LCD_DrawUpperHalf
 .text.LCD_DrawFillTriangle
                0x0800c540       0xd0 ..\..\..\src\LCD\libgl_hx8352_flash.a(FillTriangle.o)
                0x0800c540                LCD_DrawFillTriangle
 .text.LCD_PutPixel_16bpp
                0x0800c610       0x3c ..\..\..\src\LCD\libgl_hx8352_flash.a(hx8352.o)
                0x0800c610                LCD_PutPixel_16bpp
 .text.LCD_PutPixel_18bpp
                0x0800c64c       0x54 ..\..\..\src\LCD\libgl_hx8352_flash.a(hx8352.o)
                0x0800c64c                LCD_PutPixel_18bpp
 .text.LCD_PutPixel_18bpp_16
                0x0800c6a0       0x5c ..\..\..\src\LCD\libgl_hx8352_flash.a(hx8352.o)
                0x0800c6a0                LCD_PutPixel_18bpp_16
 .text.LCD_SetTextColor
                0x0800c6fc        0xc ..\..\..\src\LCD\libgl_hx8352_flash.a(hx8352.o)
                0x0800c6fc                LCD_SetTextColor
 .text.LCD_SetGraphicsColor
                0x0800c708        0xc ..\..\..\src\LCD\libgl_hx8352_flash.a(hx8352.o)
                0x0800c708                LCD_SetGraphicsColor
 .text.LCD_GetGraphicsColor
                0x0800c714       0x10 ..\..\..\src\LCD\libgl_hx8352_flash.a(hx8352.o)
                0x0800c714                LCD_GetGraphicsColor
 .text.LCD_SetBackColor
                0x0800c724        0xc ..\..\..\src\LCD\libgl_hx8352_flash.a(hx8352.o)
                0x0800c724                LCD_SetBackColor
 .text.Set_LCD_CS
                0x0800c730       0x14 ..\..\..\src\LCD\libgl_hx8352_flash.a(hx8352.o)
                0x0800c730                Set_LCD_CS
 .text.Reset_LCD_CS
                0x0800c744       0x10 ..\..\..\src\LCD\libgl_hx8352_flash.a(hx8352.o)
                0x0800c744                Reset_LCD_CS
 .text.LCD_SetCursor
                0x0800c754       0xd4 ..\..\..\src\LCD\libgl_hx8352_flash.a(hx8352.o)
                0x0800c754                LCD_SetCursor
 .text.LCD_SetArea
                0x0800c828      0x1e4 ..\..\..\src\LCD\libgl_hx8352_flash.a(hx8352.o)
                0x0800c828                LCD_SetArea
 .text.LCD_SetFullScreen
                0x0800ca0c       0x10 ..\..\..\src\LCD\libgl_hx8352_flash.a(hx8352.o)
                0x0800ca0c                LCD_SetFullScreen
 .text.LCD_Init
                0x0800ca1c      0x72c ..\..\..\src\LCD\libgl_hx8352_flash.a(hx8352.o)
                0x0800ca1c                LCD_Init
 .text.LCD_FillScreen
                0x0800d148       0x48 ..\..\..\src\LCD\libgl_hx8352_flash.a(hx8352.o)
                0x0800d148                LCD_FillScreen
 .text.LCD_ClearArea
                0x0800d190       0x7c ..\..\..\src\LCD\libgl_hx8352_flash.a(hx8352.o)
                0x0800d190                LCD_ClearArea
 .text.LCD_Change_Direction
                0x0800d20c       0xe4 ..\..\..\src\LCD\libgl_hx8352_flash.a(hx8352.o)
                0x0800d20c                LCD_Change_Direction
 .text.LCD_Set_DataWidth_ColorBitDepth
                0x0800d2f0       0x3c ..\..\..\src\LCD\libgl_hx8352_flash.a(hx8352.o)
                0x0800d2f0                LCD_Set_DataWidth_ColorBitDepth
 .text.set_LCD_DATAPort_Init
                0x0800d32c       0x18 ..\..\..\src\LCD\libgl_hx8352_flash.a(hx8352_GPIO.o)
                0x0800d32c                set_LCD_DATAPort_Init
 .text.set_RES_LCD
                0x0800d344       0x10 ..\..\..\src\LCD\libgl_hx8352_flash.a(hx8352_GPIO.o)
                0x0800d344                set_RES_LCD
 .text.set_RD_LCD
                0x0800d354       0x10 ..\..\..\src\LCD\libgl_hx8352_flash.a(hx8352_GPIO.o)
                0x0800d354                set_RD_LCD
 .text.set_RS_LCD
                0x0800d364       0x10 ..\..\..\src\LCD\libgl_hx8352_flash.a(hx8352_GPIO.o)
                0x0800d364                set_RS_LCD
 .text.set_WR_LCD
                0x0800d374       0x10 ..\..\..\src\LCD\libgl_hx8352_flash.a(hx8352_GPIO.o)
                0x0800d374                set_WR_LCD
 .text.set_CS_LCD
                0x0800d384       0x10 ..\..\..\src\LCD\libgl_hx8352_flash.a(hx8352_GPIO.o)
                0x0800d384                set_CS_LCD
 .text.LCD_DrawButton
                0x0800d394      0x348 ..\..\..\src\LCD\libgl_hx8352_flash.a(GUI_elements.o)
                0x0800d394                LCD_DrawButton
 .text.LCD_DrawGrid
                0x0800d6dc      0x26c ..\..\..\src\LCD\libgl_hx8352_flash.a(GUI_elements.o)
                0x0800d6dc                LCD_DrawGrid
 .text.round    0x0800d948       0xa0 c:/program files/gnu tools arm embedded/4.9 2015q2/bin/../lib/gcc/arm-none-eabi/4.9.3/../../../../arm-none-eabi/lib/armv7-m\libm.a(lib_a-s_round.o)
                0x0800d948                round
 .text.pow10f   0x0800d9e8        0xc c:/program files/gnu tools arm embedded/4.9 2015q2/bin/../lib/gcc/arm-none-eabi/4.9.3/../../../../arm-none-eabi/lib/armv7-m\libm.a(lib_a-sf_pow10.o)
                0x0800d9e8                pow10f
 .text.sinf     0x0800d9f4       0x7c c:/program files/gnu tools arm embedded/4.9 2015q2/bin/../lib/gcc/arm-none-eabi/4.9.3/../../../../arm-none-eabi/lib/armv7-m\libm.a(lib_a-sf_sin.o)
                0x0800d9f4                sinf
 .text.powf     0x0800da70      0x314 c:/program files/gnu tools arm embedded/4.9 2015q2/bin/../lib/gcc/arm-none-eabi/4.9.3/../../../../arm-none-eabi/lib/armv7-m\libm.a(lib_a-wf_pow.o)
                0x0800da70                powf
 .text.sqrtf    0x0800dd84       0x9c c:/program files/gnu tools arm embedded/4.9 2015q2/bin/../lib/gcc/arm-none-eabi/4.9.3/../../../../arm-none-eabi/lib/armv7-m\libm.a(lib_a-wf_sqrt.o)
                0x0800dd84                sqrtf
 .text.__ieee754_powf
                0x0800de20      0x6ec c:/program files/gnu tools arm embedded/4.9 2015q2/bin/../lib/gcc/arm-none-eabi/4.9.3/../../../../arm-none-eabi/lib/armv7-m\libm.a(lib_a-ef_pow.o)
                0x0800de20                __ieee754_powf
 .text.__ieee754_rem_pio2f
                0x0800e50c      0x2e4 c:/program files/gnu tools arm embedded/4.9 2015q2/bin/../lib/gcc/arm-none-eabi/4.9.3/../../../../arm-none-eabi/lib/armv7-m\libm.a(lib_a-ef_rem_pio2.o)
                0x0800e50c                __ieee754_rem_pio2f
 .text.__ieee754_sqrtf
                0x0800e7f0       0xa8 c:/program files/gnu tools arm embedded/4.9 2015q2/bin/../lib/gcc/arm-none-eabi/4.9.3/../../../../arm-none-eabi/lib/armv7-m\libm.a(lib_a-ef_sqrt.o)
                0x0800e7f0                __ieee754_sqrtf
 .text.__kernel_cosf
                0x0800e898      0x188 c:/program files/gnu tools arm embedded/4.9 2015q2/bin/../lib/gcc/arm-none-eabi/4.9.3/../../../../arm-none-eabi/lib/armv7-m\libm.a(lib_a-kf_cos.o)
                0x0800e898                __kernel_cosf
 .text.__kernel_rem_pio2f
                0x0800ea20      0x674 c:/program files/gnu tools arm embedded/4.9 2015q2/bin/../lib/gcc/arm-none-eabi/4.9.3/../../../../arm-none-eabi/lib/armv7-m\libm.a(lib_a-kf_rem_pio2.o)
                0x0800ea20                __kernel_rem_pio2f
 .text.__kernel_sinf
                0x0800f094       0xec c:/program files/gnu tools arm embedded/4.9 2015q2/bin/../lib/gcc/arm-none-eabi/4.9.3/../../../../arm-none-eabi/lib/armv7-m\libm.a(lib_a-kf_sin.o)
                0x0800f094                __kernel_sinf
 .text.matherr  0x0800f180        0x4 c:/program files/gnu tools arm embedded/4.9 2015q2/bin/../lib/gcc/arm-none-eabi/4.9.3/../../../../arm-none-eabi/lib/armv7-m\libm.a(lib_a-s_matherr.o)
                0x0800f180                matherr
 .text.rint     0x0800f184      0x11c c:/program files/gnu tools arm embedded/4.9 2015q2/bin/../lib/gcc/arm-none-eabi/4.9.3/../../../../arm-none-eabi/lib/armv7-m\libm.a(lib_a-s_rint.o)
                0x0800f184                rint
 .text.fabsf    0x0800f2a0        0x8 c:/program files/gnu tools arm embedded/4.9 2015q2/bin/../lib/gcc/arm-none-eabi/4.9.3/../../../../arm-none-eabi/lib/armv7-m\libm.a(lib_a-sf_fabs.o)
                0x0800f2a0                fabsf
 .text.finitef  0x0800f2a8       0x10 c:/program files/gnu tools arm embedded/4.9 2015q2/bin/../lib/gcc/arm-none-eabi/4.9.3/../../../../arm-none-eabi/lib/armv7-m\libm.a(lib_a-sf_finite.o)
                0x0800f2a8                finitef
 .text.floorf   0x0800f2b8       0x8c c:/program files/gnu tools arm embedded/4.9 2015q2/bin/../lib/gcc/arm-none-eabi/4.9.3/../../../../arm-none-eabi/lib/armv7-m\libm.a(lib_a-sf_floor.o)
                0x0800f2b8                floorf
 .text.__fpclassifyf
                0x0800f344       0x34 c:/program files/gnu tools arm embedded/4.9 2015q2/bin/../lib/gcc/arm-none-eabi/4.9.3/../../../../arm-none-eabi/lib/armv7-m\libm.a(lib_a-sf_fpclassify.o)
                0x0800f344                __fpclassifyf
 .text.nanf     0x0800f378        0x8 c:/program files/gnu tools arm embedded/4.9 2015q2/bin/../lib/gcc/arm-none-eabi/4.9.3/../../../../arm-none-eabi/lib/armv7-m\libm.a(lib_a-sf_nan.o)
                0x0800f378                nanf
 .text.scalbnf  0x0800f380       0xb0 c:/program files/gnu tools arm embedded/4.9 2015q2/bin/../lib/gcc/arm-none-eabi/4.9.3/../../../../arm-none-eabi/lib/armv7-m\libm.a(lib_a-sf_scalbn.o)
                0x0800f380                scalbnf
 .text.copysignf
                0x0800f430        0xc c:/program files/gnu tools arm embedded/4.9 2015q2/bin/../lib/gcc/arm-none-eabi/4.9.3/../../../../arm-none-eabi/lib/armv7-m\libm.a(lib_a-sf_copysign.o)
                0x0800f430                copysignf
 .text          0x0800f43c      0x370 c:/program files/gnu tools arm embedded/4.9 2015q2/bin/../lib/gcc/arm-none-eabi/4.9.3/armv7-m\libgcc.a(_arm_addsubdf3.o)
                0x0800f43c                __aeabi_drsub
                0x0800f444                __aeabi_dsub
                0x0800f444                __subdf3
                0x0800f448                __aeabi_dadd
                0x0800f448                __adddf3
                0x0800f6c0                __floatunsidf
                0x0800f6c0                __aeabi_ui2d
                0x0800f6e0                __floatsidf
                0x0800f6e0                __aeabi_i2d
                0x0800f704                __aeabi_f2d
                0x0800f704                __extendsfdf2
                0x0800f740                __floatundidf
                0x0800f740                __aeabi_ul2d
                0x0800f750                __floatdidf
                0x0800f750                __aeabi_l2d
 .text          0x0800f7ac      0x424 c:/program files/gnu tools arm embedded/4.9 2015q2/bin/../lib/gcc/arm-none-eabi/4.9.3/armv7-m\libgcc.a(_arm_muldivdf3.o)
                0x0800f7ac                __aeabi_dmul
                0x0800f7ac                __muldf3
                0x0800fa00                __divdf3
                0x0800fa00                __aeabi_ddiv
 .text          0x0800fbd0      0x110 c:/program files/gnu tools arm embedded/4.9 2015q2/bin/../lib/gcc/arm-none-eabi/4.9.3/armv7-m\libgcc.a(_arm_cmpdf2.o)
                0x0800fbd0                __gtdf2
                0x0800fbd0                __gedf2
                0x0800fbd8                __ltdf2
                0x0800fbd8                __ledf2
                0x0800fbe0                __nedf2
                0x0800fbe0                __eqdf2
                0x0800fbe0                __cmpdf2
                0x0800fc5c                __aeabi_cdrcmple
                0x0800fc6c                __aeabi_cdcmpeq
                0x0800fc6c                __aeabi_cdcmple
                0x0800fc7c                __aeabi_dcmpeq
                0x0800fc90                __aeabi_dcmplt
                0x0800fca4                __aeabi_dcmple
                0x0800fcb8                __aeabi_dcmpge
                0x0800fccc                __aeabi_dcmpgt
 .text          0x0800fce0       0x50 c:/program files/gnu tools arm embedded/4.9 2015q2/bin/../lib/gcc/arm-none-eabi/4.9.3/armv7-m\libgcc.a(_arm_fixdfsi.o)
                0x0800fce0                __aeabi_d2iz
                0x0800fce0                __fixdfsi
 .text          0x0800fd30       0x40 c:/program files/gnu tools arm embedded/4.9 2015q2/bin/../lib/gcc/arm-none-eabi/4.9.3/armv7-m\libgcc.a(_arm_fixunsdfsi.o)
                0x0800fd30                __aeabi_d2uiz
                0x0800fd30                __fixunsdfsi
 .text          0x0800fd70       0xa0 c:/program files/gnu tools arm embedded/4.9 2015q2/bin/../lib/gcc/arm-none-eabi/4.9.3/armv7-m\libgcc.a(_arm_truncdfsf2.o)
                0x0800fd70                __truncdfsf2
                0x0800fd70                __aeabi_d2f
 .text          0x0800fe10      0x21c c:/program files/gnu tools arm embedded/4.9 2015q2/bin/../lib/gcc/arm-none-eabi/4.9.3/armv7-m\libgcc.a(_arm_addsubsf3.o)
                0x0800fe10                __aeabi_frsub
                0x0800fe18                __subsf3
                0x0800fe18                __aeabi_fsub
                0x0800fe1c                __aeabi_fadd
                0x0800fe1c                __addsf3
                0x0800ff7c                __aeabi_ui2f
                0x0800ff7c                __floatunsisf
                0x0800ff84                __aeabi_i2f
                0x0800ff84                __floatsisf
                0x0800ffa0                __aeabi_ul2f
                0x0800ffa0                __floatundisf
                0x0800ffb0                __aeabi_l2f
                0x0800ffb0                __floatdisf
 .text          0x0801002c      0x2a0 c:/program files/gnu tools arm embedded/4.9 2015q2/bin/../lib/gcc/arm-none-eabi/4.9.3/armv7-m\libgcc.a(_arm_muldivsf3.o)
                0x0801002c                __mulsf3
                0x0801002c                __aeabi_fmul
                0x08010194                __aeabi_fdiv
                0x08010194                __divsf3
 .text          0x080102cc       0xec c:/program files/gnu tools arm embedded/4.9 2015q2/bin/../lib/gcc/arm-none-eabi/4.9.3/armv7-m\libgcc.a(_arm_cmpsf2.o)
                0x080102cc                __gesf2
                0x080102cc                __gtsf2
                0x080102d4                __lesf2
                0x080102d4                __ltsf2
                0x080102dc                __nesf2
                0x080102dc                __eqsf2
                0x080102dc                __cmpsf2
                0x0801033c                __aeabi_cfrcmple
                0x08010344                __aeabi_cfcmpeq
                0x08010344                __aeabi_cfcmple
                0x08010354                __aeabi_fcmpeq
                0x08010368                __aeabi_fcmplt
                0x0801037c                __aeabi_fcmple
                0x08010390                __aeabi_fcmpge
                0x080103a4                __aeabi_fcmpgt
 .text          0x080103b8       0x4c c:/program files/gnu tools arm embedded/4.9 2015q2/bin/../lib/gcc/arm-none-eabi/4.9.3/armv7-m\libgcc.a(_arm_fixsfsi.o)
                0x080103b8                __aeabi_f2iz
                0x080103b8                __fixsfsi
 .text          0x08010404       0x40 c:/program files/gnu tools arm embedded/4.9 2015q2/bin/../lib/gcc/arm-none-eabi/4.9.3/armv7-m\libgcc.a(_arm_fixunssfsi.o)
                0x08010404                __fixunssfsi
                0x08010404                __aeabi_f2uiz
 .text.__errno  0x08010444        0xc c:/program files/gnu tools arm embedded/4.9 2015q2/bin/../lib/gcc/arm-none-eabi/4.9.3/../../../../arm-none-eabi/lib/armv7-m\libg.a(lib_a-errno.o)
                0x08010444                __errno
 .text.memcmp   0x08010450       0x64 c:/program files/gnu tools arm embedded/4.9 2015q2/bin/../lib/gcc/arm-none-eabi/4.9.3/../../../../arm-none-eabi/lib/armv7-m\libg.a(lib_a-memcmp.o)
                0x08010450                memcmp
 .text          0x080104b4       0xec c:/program files/gnu tools arm embedded/4.9 2015q2/bin/../lib/gcc/arm-none-eabi/4.9.3/../../../../arm-none-eabi/lib/armv7-m\libg.a(lib_a-memcpy.o)
                0x080104b4                memcpy
 .text.memset   0x080105a0       0x9c c:/program files/gnu tools arm embedded/4.9 2015q2/bin/../lib/gcc/arm-none-eabi/4.9.3/../../../../arm-none-eabi/lib/armv7-m\libg.a(lib_a-memset.o)
                0x080105a0                memset
 .text.strcat   0x0801063c       0x40 c:/program files/gnu tools arm embedded/4.9 2015q2/bin/../lib/gcc/arm-none-eabi/4.9.3/../../../../arm-none-eabi/lib/armv7-m\libg.a(lib_a-strcat.o)
                0x0801063c                strcat
 .text.strcpy   0x0801067c       0xbc c:/program files/gnu tools arm embedded/4.9 2015q2/bin/../lib/gcc/arm-none-eabi/4.9.3/../../../../arm-none-eabi/lib/armv7-m\libg.a(lib_a-strcpy.o)
                0x0801067c                strcpy
 .text.strlen   0x08010738       0x5c c:/program files/gnu tools arm embedded/4.9 2015q2/bin/../lib/gcc/arm-none-eabi/4.9.3/../../../../arm-none-eabi/lib/armv7-m\libg.a(lib_a-strlen.o)
                0x08010738                strlen
 *(.init)
 *(.fini)
 *crtbegin.o(.ctors)
 *crtbegin?.o(.ctors)
 *(EXCLUDE_FILE(*crtend.o *crtend?.o) .ctors)
 *(SORT(.ctors.*))
 *(.ctors)
 *crtbegin.o(.dtors)
 *crtbegin?.o(.dtors)
 *(EXCLUDE_FILE(*crtend.o *crtend?.o) .dtors)
 *(SORT(.dtors.*))
 *(.dtors)
 *(.rodata*)
 .rodata        0x08010794      0x130 ..\obj\User_Interface.o
                0x080107a8                sweep_Scale_text
                0x080107c8                sweep_text
                0x0801089c                sweepMODE_text
 .rodata.str1.4
                0x080108c4       0xbd ..\obj\User_Interface.o
                                 0xc1 (size before relaxing)
 *fill*         0x08010981        0x3 
 .rodata        0x08010984       0x1e ..\obj\Trig_Menu.o
                0x08010984                Trigg_Sourse_Sync_Text
 *fill*         0x080109a2        0x2 
 .rodata.str1.4
                0x080109a4       0xb6 ..\obj\Trig_Menu.o
                                 0xbe (size before relaxing)
 *fill*         0x08010a5a        0x2 
 .rodata.str1.4
                0x08010a5c       0xc5 ..\obj\eeprom_WR_RD.o
 *fill*         0x08010b21        0x3 
 .rodata        0x08010b24       0x90 ..\obj\Analog.o
 .rodata.str1.4
                0x08010bb4       0x8d ..\obj\Analog.o
 *fill*         0x08010c41        0x3 
 .rodata        0x08010c44       0x18 ..\obj\Synchronization.o
                0x08010c44                syncfoops
 .rodata.str1.4
                0x08010c5c       0x2f ..\obj\main.o
 *fill*         0x08010c8b        0x1 
 .rodata.str1.4
                0x08010c8c       0x12 ..\obj\Digit_Trig_Menu.o
                                 0x22 (size before relaxing)
 *fill*         0x08010c9e        0x2 
 .rodata.str1.4
                0x08010ca0       0xf0 ..\obj\init.o
 .rodata        0x08010d90      0xcde ..\obj\Arial16.o
                0x08010d90                arialUnicodeMS_16ptFontInfo
                0x08010da0                arialUnicodeMS_16ptDescriptors
                0x08010f1c                arialUnicodeMS_16ptBitmaps
 *fill*         0x08011a6e        0x2 
 .rodata.str1.4
                0x08011a70       0x24 ..\obj\printf.o
 .rodata.str1.4
                0x08011a94       0x25 ..\obj\Processing_and_output.o
 *fill*         0x08011ab9        0x3 
 .rodata        0x08011abc       0x74 ..\obj\SansSerif_9Bold.o
                0x08011abc                lucidaConsole_9pt_Bold_FontInfo
                0x08011acc                lucidaConsole_9ptDescriptors
                0x08011af4                lucidaConsole_9ptBitmaps
 .rodata        0x08011b30       0x2c ..\obj\gInterface_MENU.o
 .rodata.str1.4
                0x08011b5c       0xd9 ..\obj\gInterface_MENU.o
                                 0xf9 (size before relaxing)
 *fill*         0x08011c35        0x3 
 .rodata        0x08011c38       0x5c ..\obj\Sweep.o
                0x08011c38                IntrlSweepScaleCoff
                0x08011c3c                SweepScaleCoff
                0x08011c40                sweep_coff
 .rodata        0x08011c94      0x14c ..\obj\Settings.o
                0x08011cc8                Param_oscNumPoints
                0x08011cd0                Param_InterliveCorrectionCoeff
                0x08011cd8                Param_ShowFFTFreq
                0x08011ce0                Param_ADC__Input_AC_DC_B
                0x08011ce8                Param_ADC_Input_AC_DC_A
                0x08011cf0                Param_BeepState
                0x08011cf8                Param_BL
                0x08011d00                Param_PowerSave
                0x08011d08                Param_indxColorGrid
                0x08011d10                Param_indxTextColorB
                0x08011d18                Param_indxTextColorA
                0x08011d20                Param_indxColorButtons
                0x08011d28                Param_indxColorB
                0x08011d30                Param_indxColorA
                0x08011d38                Param_TriggShowInfo
                0x08011d40                Param_trigPosX_WinPosition
                0x08011d48                Param_trigPosX_cursor
                0x08011d50                Param_Low_Y_cursor
                0x08011d58                Param_Height_Y_cursor
                0x08011d60                Param_SyncState_Type
                0x08011d68                Param_SyncState_Sourse
                0x08011d70                Param_SyncState_Mode
                0x08011d78                Param_AutoDivider_State
                0x08011d80                Param_AutoOff_Timer
                0x08011d88                Param_WindowPosition
                0x08011d90                Param_WindowsNum
                0x08011d98                Param_ScaleIndex
                0x08011da0                Param_SweepIndex
                0x08011da8                Param_ADC_IN_Div_B
                0x08011db0                Param_ADC_IN_Div_A
                0x08011db8                Param_ActiveMode
                0x08011dc0                Param_B_Position
                0x08011dc8                Param_A_Position
                0x08011dd0                Param_ADC_Zero_B
                0x08011dd8                Param_ADC_Zero_A
 .rodata.str1.4
                0x08011de0       0x54 ..\obj\Settings.o
                                 0x57 (size before relaxing)
 .rodata        0x08011e34       0x1e ..\obj\Quick_Menu.o
 *fill*         0x08011e52        0x2 
 .rodata.str1.4
                0x08011e54      0x142 ..\obj\Quick_Menu.o
                                0x162 (size before relaxing)
 *fill*         0x08011f96        0x2 
 .rodata        0x08011f98      0x400 ..\obj\colors 5-6-5.o
                0x08011f98                grayScalle
                0x08012198                M256_Colors
 .rodata.str1.4
                0x08012398       0x15 ..\obj\TimeScale_Menu.o
 *fill*         0x080123ad        0x3 
 .rodata.str1.4
                0x080123b0       0x38 ..\obj\stm32f10x_it.o
 .rodata.str1.4
                0x080123e8       0x47 ..\obj\AutoCorrectCH.o
                                 0x4b (size before relaxing)
 *fill*         0x0801242f        0x1 
 .rodata.str1.4
                0x08012430       0x9b ..\obj\ChannelsMenu.o
 *fill*         0x080124cb        0x1 
 .rodata        0x080124cc      0x5d6 ..\obj\lucidaConsole10.o
                0x080124cc                lucidaConsole10ptFontInfo
                0x080124dc                lucidaConsole10ptDescriptors
                0x08012658                lucidaConsole10ptBitmaps
 *fill*         0x08012aa2        0x2 
 .rodata.str1.4
                0x08012aa4       0x80 ..\obj\Meas_Menu.o
 .rodata        0x08012b24      0x69e ..\obj\TimesNewRoman12.o
                0x08012b24                timesNewRoman12ptFontInfo
                0x08012b34                timesNewRoman12ptDescriptors
                0x08012cb0                timesNewRoman12ptBitmaps
 *fill*         0x080131c2        0x2 
 .rodata        0x080131c4      0x400 ..\obj\FFT.o
                0x080131c4                Coeffs_256
 .rodata        0x080135c4       0x18 ..\obj\Measurments.o
                0x080135c4                MeasurmentsMode
 .rodata.str1.4
                0x080135dc       0x1f ..\obj\Measurments.o
                                 0x23 (size before relaxing)
 *fill*         0x080135fb        0x1 
 .rodata        0x080135fc       0x10 ..\obj\Host.o
 .rodata.str1.4
                0x0801360c       0xe6 ..\obj\Host.o
                                 0xfa (size before relaxing)
 *fill*         0x080136f2        0x2 
 .rodata.str1.4
                0x080136f4        0x5 c:/program files/gnu tools arm embedded/4.9 2015q2/bin/../lib/gcc/arm-none-eabi/4.9.3/../../../../arm-none-eabi/lib/armv7-m\libm.a(lib_a-wf_pow.o)
 *fill*         0x080136f9        0x3 
 .rodata.str1.4
                0x080136fc        0x8 c:/program files/gnu tools arm embedded/4.9 2015q2/bin/../lib/gcc/arm-none-eabi/4.9.3/../../../../arm-none-eabi/lib/armv7-m\libm.a(lib_a-wf_sqrt.o)
                                  0x6 (size before relaxing)
 .rodata.dp_h   0x08013704        0x8 c:/program files/gnu tools arm embedded/4.9 2015q2/bin/../lib/gcc/arm-none-eabi/4.9.3/../../../../arm-none-eabi/lib/armv7-m\libm.a(lib_a-ef_pow.o)
 .rodata.dp_l   0x0801370c        0x8 c:/program files/gnu tools arm embedded/4.9 2015q2/bin/../lib/gcc/arm-none-eabi/4.9.3/../../../../arm-none-eabi/lib/armv7-m\libm.a(lib_a-ef_pow.o)
 .rodata.bp     0x08013714        0x8 c:/program files/gnu tools arm embedded/4.9 2015q2/bin/../lib/gcc/arm-none-eabi/4.9.3/../../../../arm-none-eabi/lib/armv7-m\libm.a(lib_a-ef_pow.o)
 .rodata.str1.4
                0x00000000        0x1 c:/program files/gnu tools arm embedded/4.9 2015q2/bin/../lib/gcc/arm-none-eabi/4.9.3/../../../../arm-none-eabi/lib/armv7-m\libm.a(lib_a-ef_pow.o)
 .rodata.npio2_hw
                0x0801371c       0x80 c:/program files/gnu tools arm embedded/4.9 2015q2/bin/../lib/gcc/arm-none-eabi/4.9.3/../../../../arm-none-eabi/lib/armv7-m\libm.a(lib_a-ef_rem_pio2.o)
 .rodata.two_over_pi
                0x0801379c      0x318 c:/program files/gnu tools arm embedded/4.9 2015q2/bin/../lib/gcc/arm-none-eabi/4.9.3/../../../../arm-none-eabi/lib/armv7-m\libm.a(lib_a-ef_rem_pio2.o)
 .rodata.init_jk
                0x08013ab4        0xc c:/program files/gnu tools arm embedded/4.9 2015q2/bin/../lib/gcc/arm-none-eabi/4.9.3/../../../../arm-none-eabi/lib/armv7-m\libm.a(lib_a-kf_rem_pio2.o)
 .rodata.PIo2   0x08013ac0       0x2c c:/program files/gnu tools arm embedded/4.9 2015q2/bin/../lib/gcc/arm-none-eabi/4.9.3/../../../../arm-none-eabi/lib/armv7-m\libm.a(lib_a-kf_rem_pio2.o)
 *fill*         0x08013aec        0x4 
 .rodata.TWO52  0x08013af0       0x10 c:/program files/gnu tools arm embedded/4.9 2015q2/bin/../lib/gcc/arm-none-eabi/4.9.3/../../../../arm-none-eabi/lib/armv7-m\libm.a(lib_a-s_rint.o)
 *(.eh_fram e*)

.glue_7         0x08013b00        0x0
 .glue_7        0x00000000        0x0 linker stubs

.glue_7t        0x08013b00        0x0
 .glue_7t       0x00000000        0x0 linker stubs

.vfp11_veneer   0x08013b00        0x0
 .vfp11_veneer  0x00000000        0x0 linker stubs

.v4_bx          0x08013b00        0x0
 .v4_bx         0x00000000        0x0 linker stubs

.iplt           0x08013b00        0x0
 .iplt          0x00000000        0x0 ..\obj\User_Interface.o

.rel.dyn        0x08013b00        0x0
 .rel.iplt      0x00000000        0x0 ..\obj\User_Interface.o

.ARM.extab
 *(.ARM.extab* .gnu.linkonce.armextab.*)
                0x08013b00                __exidx_start = .

.ARM.exidx
 *(.ARM.exidx* .gnu.linkonce.armexidx.*)
                0x08013b00                __exidx_end = .
                0x08013b00                __etext = .
                0x08013b00                _sidata = __etext

.data           0x20000000     0x27b8 load address 0x08013b00
                0x20000000                __data_start__ = .
                0x20000000                _sdata = __data_start__
 *(vtable)
 *(.data*)
 .data          0x20000000       0x6c ..\obj\User_Interface.o
                0x20000002                leftLimit
                0x20000004                globalBackColor
                0x20000008                activeAreaGrid
                0x20000014                rightLimit
                0x20000016                upperLimit
                0x20000018                lowerLimit
                0x2000001a                Active_BorderColor
                0x2000001c                pAll_Menu
                0x20000038                pMenu
                0x2000003c                ColorMn
                0x20000044                indxColorA
                0x20000045                indxColorB
                0x20000046                indxColorButtons
                0x20000047                indxTextColorA
                0x20000048                indxTextColorB
                0x20000049                indxColorGrid
                0x2000004c                gMessage
                0x20000068                centerY
                0x2000006a                centerX
 .data          0x2000006c      0x17c ..\obj\Trig_Menu.o
                0x2000006c                pntTrigCursor
                0x20000070                TriggShowInfo
                0x200000d4                Height_Y_cursor
                0x200000e4                Low_Y_cursor
                0x200000f4                trigPosX_cursor
                0x20000104                btnHeight_Level_W
                0x2000011c                btnSync_Sourse
                0x20000134                btnTrigg_Type_sync
                0x2000014c                TrigMenu
                0x200001a0                btnLow_Level_W
                0x200001b8                btnTrigg_Position_X
                0x200001d0                btnTrigg_ShowInfo
 .data          0x200001e8       0x14 ..\obj\system_stm32f10x.o
                0x200001e8                SystemCoreClock
                0x200001ec                AHBPrescTable
 .data          0x200001fc        0x4 ..\obj\eeprom_WR_RD.o
                0x200001fc                sEETimeout
 .data          0x20000200        0x1 ..\obj\Analog.o
                0x20000200                param_auto_div
 *fill*         0x20000201        0x1 
 .data          0x20000202        0x2 ..\obj\EPM570.o
 .data          0x20000204       0x10 ..\obj\Synchronization.o
                0x20000204                gSyncState
 .data          0x20000214       0x1c ..\obj\main.o
                0x20000214                gOSC_MODE
                0x20000220                pMNU
                0x20000224                gSamplesWin
 .data          0x20000230      0x1e4 ..\obj\Digit_Trig_Menu.o
                0x20000230                pRegisters
                0x20000240                DigitTrigMenu
                0x20000294                btnDiffDigit_7
                0x200002ac                btnDiffDigit_6
                0x200002c4                btnDiffDigit_5
                0x200002dc                btnDiffDigit_4
                0x200002f4                btnDiffDigit_3
                0x2000030c                btnDiffDigit_2
                0x20000324                btnDiffDigit_1
                0x2000033c                btnDiffDigit_0
                0x20000354                btnCondDigit_7
                0x2000036c                btnCondDigit_6
                0x20000384                btnCondDigit_5
                0x2000039c                btnCondDigit_4
                0x200003b4                btnCondDigit_3
                0x200003cc                btnCondDigit_2
                0x200003e4                btnCondDigit_1
                0x200003fc                btnCondDigit_0
 *fill*         0x20000414        0x4 
 .data          0x20000418      0x430 ..\obj\printf.o
                0x20000418                _impure_ptr
                0x20000420                r
 .data          0x20000848       0x14 ..\obj\stm32f10x_rcc.o
 .data          0x2000085c     0x1859 ..\obj\Processing_and_output.o
                0x2000085c                INFO_A
                0x20001058                INFO_B
                0x20001854                DINFO_A
                0x20002050                ActiveMode
                0x20002054                IntMIN_MAX
                0x20002068                FFT_MODE
                0x2000207c                InterpModes
                0x2000208c                IntLIN
                0x200020a0                IntNONE
                0x200020b4                Shift
 *fill*         0x200020b5        0x3 
 .data          0x200020b8      0x15c ..\obj\gInterface_MENU.o
                0x200020b8                btnSWEEP
                0x200020d0                gInterfaceMenu
                0x20002124                btnTIME_SCALE
                0x2000213c                btnCHB_AC_DC
                0x20002154                btnCHA_AC_DC
                0x2000216c                btnRUN_HOLD
                0x20002184                btnMEASURMENTS
                0x2000219c                btnTRIG
                0x200021b4                btnSWEEP_MODE
                0x200021cc                btnVDIV_B
                0x200021e4                btnVDIV_A
                0x200021fc                btnMENU
 .data          0x20002214       0x50 ..\obj\EPM570_Registers.o
                0x20002214                EPM570_Register_WriteControl
                0x20002218                EPM570_Register_extPin_1
                0x2000221c                EPM570_Register_extPin0
                0x20002220                EPM570_Register_cnfPin_B
                0x20002224                EPM570_Register_cnfPin
                0x20002228                EPM570_Register_WIN
                0x20002238                EPM570_Register_Decim
                0x20002248                EPM570_Register_InKeys
                0x2000224c                EPM570_Register_LA_DIFF_MSK
                0x20002250                EPM570_Register_LA_CND_MSK
                0x20002254                EPM570_Register_LA_DIFF_DAT
                0x20002258                EPM570_Register_LA_CND_DAT
                0x2000225c                EPM570_Register_TRG_DWN
                0x20002260                EPM570_Register_TRG_UP
 .data          0x20002264        0x4 ..\obj\Sweep.o
                0x20002264                SweepScale
 .data          0x20002268       0x8c ..\obj\Settings.o
                0x20002268                SettingsParams
 .data          0x200022f4      0x13c ..\obj\Quick_Menu.o
                0x200022f4                QuickMenu
                0x20002348                Color_Buttons
                0x20002360                AutoPowerOFF_btnTxt
                0x20002370                AutoPowerOFF
                0x20002388                Interpolation
                0x200023a0                btnShowFFT
                0x200023b8                btnLIGHT_INFO
                0x200023d0                BeepEN
                0x200023e8                Save
                0x20002400                EraseEeprom
                0x20002418                Color_Grid
 .data          0x20002430       0x30 ..\obj\TimeScale_Menu.o
                0x20002458                nI
 .data          0x20002460        0x5 ..\obj\stm32f10x_it.o
                0x20002461                ButtonPush
                0x20002462                beep_cnt
                0x20002464                ButtonEnable
 *fill*         0x20002465        0x1 
 .data          0x20002466        0x2 ..\obj\AutoCorrectCH.o
 .data          0x20002468      0x1e0 ..\obj\ChannelsMenu.o
                0x20002468                ChannelB_Menu
                0x200024bc                ChannelA_Menu
                0x20002510                Offset_B
                0x20002528                AutoDiv_B
                0x20002540                Correction_Zero_B
                0x20002558                Auto_Correction_Zero_B
                0x20002570                Color_B
                0x20002588                TextColor_B
                0x200025a0                Offset_A
                0x200025b8                AutoDiv_A
                0x200025d0                Correction_Zero_A
                0x200025e8                Auto_Correction_Zero_A
                0x20002600                Color_A
                0x20002618                TextColor_A
                0x20002630                IntrlCorrect_A
 .data          0x20002648       0xa0 ..\obj\Meas_Menu.o
                0x20002648                MeasMenu
                0x2000269c                numMeasMenu
                0x200026a0                btnMeasMode
                0x200026b8                btnMeasCursor2
                0x200026d0                btnMeasCursor1
 .data          0x200026e8       0xb8 ..\obj\Measurments.o
                0x200026e8                OldFreq_A
                0x200026ec                OldFreq_B
                0x200026f0                measurments_A
                0x20002740                measurments_B
                0x20002790                measCursor1
                0x20002792                measCursor2
                0x20002794                gMIN
                0x20002798                MeasurmentsFunc
                0x2000279c                mModeActive
 .data          0x200027a0        0xc ..\obj\Host.o
                0x200027a0                SoftwareName
 .data          0x200027ac        0x4 ..\..\..\src\LCD\libgl_hx8352_flash.a(Graphics_Primitive.o)
                0x200027ac                NumLevels
                0x200027ae                IntensityBits
 .data          0x200027b0        0x4 ..\..\..\src\LCD\libgl_hx8352_flash.a(hx8352.o)
                0x200027b0                LCD_PutPixel
 .data          0x200027b4        0x2 ..\..\..\src\LCD\libgl_hx8352_flash.a(hx8352_GPIO.o)
                0x200027b4                LCD_portMask
 .data.__fdlib_version
                0x200027b6        0x1 c:/program files/gnu tools arm embedded/4.9 2015q2/bin/../lib/gcc/arm-none-eabi/4.9.3/../../../../arm-none-eabi/lib/armv7-m\libm.a(lib_a-s_lib_ver.o)
                0x200027b6                __fdlib_version
                0x200027b8                . = ALIGN (0x4)
 *fill*         0x200027b7        0x1 
                0x200027b8                PROVIDE (__preinit_array_start, .)
 *(.preinit_array)
                0x200027b8                PROVIDE (__preinit_array_end, .)
                0x200027b8                . = ALIGN (0x4)
                0x200027b8                PROVIDE (__init_array_start, .)
 *(SORT(.init_array.*))
 *(.init_array)
                0x200027b8                PROVIDE (__init_array_end, .)
                0x200027b8                . = ALIGN (0x4)
                0x200027b8                PROVIDE (__fini_array_start, .)
 *(SORT(.fini_array.*))
 *(.fini_array)
                0x200027b8                PROVIDE (__fini_array_end, .)
 *(.jcr*)
                0x200027b8                . = ALIGN (0x4)
                0x200027b8                __data_end__ = .
                0x200027b8                _edata = __data_end__

.igot.plt       0x200027b8        0x0 load address 0x080162b8
 .igot.plt      0x00000000        0x0 ..\obj\User_Interface.o

.bss            0x200027b8     0x135c load address 0x080162b8
                0x200027b8                . = ALIGN (0x4)
                0x200027b8                __bss_start__ = .
                0x200027b8                _sbss = __bss_start__
 *(.bss*)
 .bss           0x200027b8       0x4a ..\obj\User_Interface.o
                0x200027ba                Active_BackColor
                0x200027bd                TrigTimeoutState
                0x200027c0                btn
                0x200027d0                chMessage
 .bss           0x20002802        0x1 ..\obj\eeprom_WR_RD.o
                0x20002802                err_I2C_flag
 *fill*         0x20002803        0x1 
 .bss           0x20002804        0x6 ..\obj\Analog.o
 .bss           0x2000280a        0x8 ..\obj\EPM570.o
                0x2000280a                wrSRAM
                0x2000280b                SRAM_TimeoutState
                0x2000280e                InterliveCorrectionCoeff
                0x2000280f                RLE_State
                0x20002810                LA_Cond_MASK
                0x20002811                LA_Diff_MASK
 *fill*         0x20002812        0x2 
 .bss           0x20002814       0x15 ..\obj\main.o
                0x20002815                IQueue_WorkIndex
                0x20002816                show_FPS_flag
                0x20002817                FPS_counter
                0x20002818                AutoOff_Timer
                0x20002820                t_WorkMinutes
                0x20002824                temp
                0x20002828                VisibleDigitSyncChannel
 .bss           0x20002829        0x1 ..\obj\Processing_and_output.o
                0x20002829                Interpolate_AciveMode_Index
 *fill*         0x2000282a        0x2 
 .bss           0x2000282c        0x4 ..\obj\gInterface_MENU.o
 .bss           0x20002830        0x1 ..\obj\EPM570_Registers.o
                0x20002830                EPM570_Register_Process
 .bss           0x20002831        0x2 ..\obj\Sweep.o
                0x20002831                ScaleIndex
                0x20002832                SweepIndex
 *fill*         0x20002833        0x1 
 .bss           0x20002834       0x32 ..\obj\Settings.o
 *fill*         0x20002866        0x2 
 .bss           0x20002868        0x4 ..\obj\Quick_Menu.o
 .bss           0x2000286c        0xc ..\obj\stm32f10x_it.o
                0x2000286c                MessageEvent
                0x2000286d                show_ADC_flag
                0x2000286f                speed_up_cnt
                0x20002873                ADC_VbattPrecent
                0x20002876                ON_OFF_counter
 .bss           0x20002878        0x6 ..\obj\ChannelsMenu.o
                0x2000287c                CH_sw
 .bss           0x2000287e        0x1 ..\obj\Meas_Menu.o
 *fill*         0x2000287f        0x1 
 .bss           0x20002880       0x82 ..\obj\IQueue.o
                0x20002900                IQueue_CommandStatus
 .bss           0x20002902        0x5 ..\obj\systick.o
 *fill*         0x20002907        0x1 
 .bss           0x20002908       0x1c ..\obj\Measurments.o
                0x2000290a                gMAX
                0x20002922                gShowFFTFreq_DrawState
                0x20002923                gShowFFTFreq
 .bss           0x20002924       0x22 ..\obj\Host.o
                0x20002924                gHostRequest
                0x2000292c                HostMode
                0x20002930                SoftwarwVersion
                0x20002944                CMD_Length
                0x20002945                RLE_CodeSend
 .bss           0x20002946        0x6 ..\..\..\src\LCD\libgl_hx8352_flash.a(Clip.o)
                0x2000294a                NumOfActiveClipObjects
                0x2000294b                gClipState
 .bss           0x2000294c        0x4 ..\..\..\src\LCD\libgl_hx8352_flash.a(Font.o)
                0x2000294c                font
 .bss           0x20002950        0x1 ..\..\..\src\LCD\libgl_hx8352_flash.a(Graphics_Primitive.o)
                0x20002950                Antialiasing
 *fill*         0x20002951        0x3 
 .bss           0x20002954        0xc ..\..\..\src\LCD\libgl_hx8352_flash.a(FillTriangle.o)
 .bss           0x20002960        0x1 ..\..\..\src\LCD\libgl_hx8352_flash.a(hx8352.o)
                0x20002960                LCD_Direction
 *(COMMON)
 *fill*         0x20002961        0x3 
 COMMON         0x20002964        0x8 ..\obj\User_Interface.o
                0x20002964                tmp_MenuIndex
                0x20002968                p256ColorMassive
 COMMON         0x2000296c        0x4 ..\obj\EPM570.o
                0x2000296c                TimeoutCnt
 COMMON         0x20002970        0x4 ..\obj\Processing_and_output.o