Archive member included because of file (symbol)

..\..\..\src\LCD\libgl_hx8352_flash.a(Clip.o)
                              ..\obj\User_Interface.o (Set_New_ClipObject)
..\..\..\src\LCD\libgl_hx8352_flash.a(Font.o)
                              ..\obj\User_Interface.o (LCD_SetFont)
..\..\..\src\LCD\libgl_hx8352_flash.a(Graphics_Primitive.o)
                              ..\obj\User_Interface.o (DrawPixel)
..\..\..\src\LCD\libgl_hx8352_flash.a(FillTriangle.o)
                              ..\obj\User_Interface.o (LCD_DrawFillTriangle)
..\..\..\src\LCD\libgl_hx8352_flash.a(hx8352.o)
                              ..\obj\User_Interface.o (LCD_SetTextColor)
..\..\..\src\LCD\libgl_hx8352_flash.a(hx8352_GPIO.o)
                              ..\obj\init.o (set_LCD_DATAPort_Init)
..\..\..\src\LCD\libgl_hx8352_flash.a(GUI_elements.o)
                              ..\obj\User_Interface.o (LCD_DrawButton)
c:/program files/gnu tools arm embedded/4.8 2014q3/bin/../lib/gcc/arm-none-eabi/4.8.4/../../../../arm-none-eabi/lib/armv7-m\libm.a(lib_a-s_round.o)
                              ..\obj\Processing_and_output.o (round)
c:/program files/gnu tools arm embedded/4.8 2014q3/bin/../lib/gcc/arm-none-eabi/4.8.4/../../../../arm-none-eabi/lib/armv7-m\libm.a(lib_a-s_trunc.o)
                              ..\obj\Measurments.o (trunc)
c:/program files/gnu tools arm embedded/4.8 2014q3/bin/../lib/gcc/arm-none-eabi/4.8.4/../../../../arm-none-eabi/lib/armv7-m\libm.a(lib_a-sf_pow10.o)
                              ..\obj\Measurments.o (pow10f)
c:/program files/gnu tools arm embedded/4.8 2014q3/bin/../lib/gcc/arm-none-eabi/4.8.4/../../../../arm-none-eabi/lib/armv7-m\libm.a(lib_a-sf_sin.o)
                              ..\obj\User_Interface.o (sinf)
c:/program files/gnu tools arm embedded/4.8 2014q3/bin/../lib/gcc/arm-none-eabi/4.8.4/../../../../arm-none-eabi/lib/armv7-m\libm.a(lib_a-wf_pow.o)
                              c:/program files/gnu tools arm embedded/4.8 2014q3/bin/../lib/gcc/arm-none-eabi/4.8.4/../../../../arm-none-eabi/lib/armv7-m\libm.a(lib_a-sf_pow10.o) (powf)
c:/program files/gnu tools arm embedded/4.8 2014q3/bin/../lib/gcc/arm-none-eabi/4.8.4/../../../../arm-none-eabi/lib/armv7-m\libm.a(lib_a-wf_sqrt.o)
                              ..\obj\FFT.o (sqrtf)
c:/program files/gnu tools arm embedded/4.8 2014q3/bin/../lib/gcc/arm-none-eabi/4.8.4/../../../../arm-none-eabi/lib/armv7-m\libm.a(lib_a-ef_pow.o)
                              c:/program files/gnu tools arm embedded/4.8 2014q3/bin/../lib/gcc/arm-none-eabi/4.8.4/../../../../arm-none-eabi/lib/armv7-m\libm.a(lib_a-wf_pow.o) (__ieee754_powf)
c:/program files/gnu tools arm embedded/4.8 2014q3/bin/../lib/gcc/arm-none-eabi/4.8.4/../../../../arm-none-eabi/lib/armv7-m\libm.a(lib_a-ef_rem_pio2.o)
                              c:/program files/gnu tools arm embedded/4.8 2014q3/bin/../lib/gcc/arm-none-eabi/4.8.4/../../../../arm-none-eabi/lib/armv7-m\libm.a(lib_a-sf_sin.o) (__ieee754_rem_pio2f)
c:/program files/gnu tools arm embedded/4.8 2014q3/bin/../lib/gcc/arm-none-eabi/4.8.4/../../../../arm-none-eabi/lib/armv7-m\libm.a(lib_a-ef_sqrt.o)
                              c:/program files/gnu tools arm embedded/4.8 2014q3/bin/../lib/gcc/arm-none-eabi/4.8.4/../../../../arm-none-eabi/lib/armv7-m\libm.a(lib_a-wf_sqrt.o) (__ieee754_sqrtf)
c:/program files/gnu tools arm embedded/4.8 2014q3/bin/../lib/gcc/arm-none-eabi/4.8.4/../../../../arm-none-eabi/lib/armv7-m\libm.a(lib_a-kf_cos.o)
                              c:/program files/gnu tools arm embedded/4.8 2014q3/bin/../lib/gcc/arm-none-eabi/4.8.4/../../../../arm-none-eabi/lib/armv7-m\libm.a(lib_a-sf_sin.o) (__kernel_cosf)
c:/program files/gnu tools arm embedded/4.8 2014q3/bin/../lib/gcc/arm-none-eabi/4.8.4/../../../../arm-none-eabi/lib/armv7-m\libm.a(lib_a-kf_rem_pio2.o)
                              c:/program files/gnu tools arm embedded/4.8 2014q3/bin/../lib/gcc/arm-none-eabi/4.8.4/../../../../arm-none-eabi/lib/armv7-m\libm.a(lib_a-ef_rem_pio2.o) (__kernel_rem_pio2f)
c:/program files/gnu tools arm embedded/4.8 2014q3/bin/../lib/gcc/arm-none-eabi/4.8.4/../../../../arm-none-eabi/lib/armv7-m\libm.a(lib_a-kf_sin.o)
                              c:/program files/gnu tools arm embedded/4.8 2014q3/bin/../lib/gcc/arm-none-eabi/4.8.4/../../../../arm-none-eabi/lib/armv7-m\libm.a(lib_a-sf_sin.o) (__kernel_sinf)
c:/program files/gnu tools arm embedded/4.8 2014q3/bin/../lib/gcc/arm-none-eabi/4.8.4/../../../../arm-none-eabi/lib/armv7-m\libm.a(lib_a-s_lib_ver.o)
                              c:/program files/gnu tools arm embedded/4.8 2014q3/bin/../lib/gcc/arm-none-eabi/4.8.4/../../../../arm-none-eabi/lib/armv7-m\libm.a(lib_a-wf_pow.o) (__fdlib_version)
c:/program files/gnu tools arm embedded/4.8 2014q3/bin/../lib/gcc/arm-none-eabi/4.8.4/../../../../arm-none-eabi/lib/armv7-m\libm.a(lib_a-s_matherr.o)
[...]
Memory Configuration

Name             Origin             Length             Attributes
rom              0x08000000         0x00020000         xr
ram              0x20000000         0x00005000         xrw
*default*        0x00000000         0xffffffff

Linker script and memory map

                0x20005000                _eram = 0x20005000

.text           0x08000000    0x18330
 *(.isr_vector)
 .isr_vector    0x08000000      0x10c ..\obj\startup_stm32f10x_md.o
                0x08000000                g_pfnVectors
 *(.text*)
 .text.Draw_Logo
                0x0800010c      0x128 ..\obj\User_Interface.o
                0x0800010c                Draw_Logo
 .text.Draw_Interface
                0x08000234      0x110 ..\obj\User_Interface.o
                0x08000234                Draw_Interface
 .text.Change_horizontal_size
                0x08000344       0xec ..\obj\User_Interface.o
                0x08000344                Change_horizontal_size
 .text.Save_ReDraw_Auto_Meas
                0x08000430       0xb4 ..\obj\User_Interface.o
                0x08000430                Save_ReDraw_Auto_Meas
 *fill*         0x080004e4        0x4 
 .text.LCD_Draw_SIN
                0x080004e8      0x140 ..\obj\User_Interface.o
 .text.btnTIME_SCALE_trigX_Update
                0x08000628      0x2f4 ..\obj\User_Interface.o
                0x08000628                btnTIME_SCALE_trigX_Update
 *fill*         0x0800091c        0x4 
 .text.Draw_btnTIME_SCALE
                0x08000920      0x250 ..\obj\User_Interface.o
                0x08000920                Draw_btnTIME_SCALE
 .text.Draw_Batt_Line
                0x08000b70       0xa4 ..\obj\User_Interface.o
 .text.Draw_Batt
                0x08000c14      0x1d0 ..\obj\User_Interface.o
                0x08000c14                Draw_Batt
 .text.UI_ShowFPS
                0x08000de4       0x74 ..\obj\User_Interface.o
                0x08000de4                UI_ShowFPS
 .text.UI_SamplingSetTimeout
                0x08000e58       0xb4 ..\obj\User_Interface.o
                0x08000e58                UI_SamplingSetTimeout
 .text.UI_SamplingClearTimeout
                0x08000f0c       0x3c ..\obj\User_Interface.o
                0x08000f0c                UI_SamplingClearTimeout
 .text.Draw_CH_Cursors
                0x08000f48       0x30 ..\obj\User_Interface.o
                0x08000f48                Draw_CH_Cursors
 .text.Draw_Cursor_CH
                0x08000f78       0x4c ..\obj\User_Interface.o
                0x08000f78                Draw_Cursor_CH
 .text.Draw_Cursor_Trig
                0x08000fc4      0x1b4 ..\obj\User_Interface.o
                0x08000fc4                Draw_Cursor_Trig
 .text.Draw_Cursor_Trig_Line
                0x08001178      0x1ac ..\obj\User_Interface.o
                0x08001178                Draw_Cursor_Trig_Line
 .text.DrawTrig_PosX
                0x08001324      0x1f0 ..\obj\User_Interface.o
                0x08001324                DrawTrig_PosX
 .text.Draw_Cursor_Meas_Line
                0x08001514      0x238 ..\obj\User_Interface.o
                0x08001514                Draw_Cursor_Meas_Line
 .text.UpdateAllCursors
                0x0800174c       0x7c ..\obj\User_Interface.o
                0x0800174c                UpdateAllCursors
 .text.Verify_Grid_Match
                0x080017c8       0xdc ..\obj\User_Interface.o
                0x080017c8                Verify_Grid_Match
 .text.mSet_AllButtons_Color
                0x080018a4       0x48 ..\obj\User_Interface.o
                0x080018a4                mSet_AllButtons_Color
 .text.mSet_Button_Color
                0x080018ec       0x54 ..\obj\User_Interface.o
                0x080018ec                mSet_Button_Color
 .text.setActiveButton
                0x08001940       0x1c ..\obj\User_Interface.o
                0x08001940                setActiveButton
 .text.Draw_Menu
                0x0800195c       0xd0 ..\obj\User_Interface.o
                0x0800195c                Draw_Menu
 .text.ReDraw_Menu
                0x08001a2c       0x80 ..\obj\User_Interface.o
                0x08001a2c                ReDraw_Menu
 .text.Clear_Menu
                0x08001aac       0x60 ..\obj\User_Interface.o
                0x08001aac                Clear_Menu
 .text.Change_Menu_Indx
                0x08001b0c      0x180 ..\obj\User_Interface.o
                0x08001b0c                Change_Menu_Indx
 .text.SetActiveMenu
                0x08001c8c       0x1c ..\obj\User_Interface.o
                0x08001c8c                SetActiveMenu
 .text.Init_COLOR_Mn
                0x08001ca8       0xb8 ..\obj\User_Interface.o
                0x08001ca8                Init_COLOR_Mn
 .text.Draw_COLOR_Mn
                0x08001d60       0x84 ..\obj\User_Interface.o
                0x08001d60                Draw_COLOR_Mn
 .text.Get_State_COLOR_Mn
                0x08001de4       0x18 ..\obj\User_Interface.o
                0x08001de4                Get_State_COLOR_Mn
 .text.Clear_COLOR_Mn
                0x08001dfc       0x88 ..\obj\User_Interface.o
                0x08001dfc                Clear_COLOR_Mn
 .text.Change_COLOR_Mn_Position
                0x08001e84       0xdc ..\obj\User_Interface.o
                0x08001e84                Change_COLOR_Mn_Position
 .text.FrequencyMeas_Draw
                0x08001f60       0xe8 ..\obj\User_Interface.o
                0x08001f60                FrequencyMeas_Draw
 .text.FrequencyMeas_SaveRestore_State
                0x08002048       0x58 ..\obj\User_Interface.o
                0x08002048                FrequencyMeas_SaveRestore_State
 .text.UI_BackLightPowerState_UpdateButton
                0x080020a0       0x60 ..\obj\User_Interface.o
                0x080020a0                UI_BackLightPowerState_UpdateButton
 .text.UI_LoadPreferenceUpdate
                0x08002100      0x1c8 ..\obj\User_Interface.o
                0x08002100                UI_LoadPreferenceUpdate
 .text.Beep_Start
                0x080022c8       0x28 ..\obj\User_Interface.o
                0x080022c8                Beep_Start
 .text.Beep_Stop
                0x080022f0       0x14 ..\obj\User_Interface.o
                0x080022f0                Beep_Stop
 .text.Clear_Message
                0x08002304       0x6c ..\obj\User_Interface.o
                0x08002304                Clear_Message
 .text.Show_Message
                0x08002370       0xfc ..\obj\User_Interface.o
                0x08002370                Show_Message
 .text.ConvertToString
                0x0800246c      0x114 ..\obj\User_Interface.o
                0x0800246c                ConvertToString
 .text.int_to_char
                0x08002580       0x1c ..\obj\User_Interface.o
 .text.RTC_ITConfig
                0x0800259c       0x48 ..\obj\stm32f10x_rtc.o
                0x0800259c                RTC_ITConfig
 .text.RTC_EnterConfigMode
                0x080025e4       0x20 ..\obj\stm32f10x_rtc.o
                0x080025e4                RTC_EnterConfigMode
 .text.RTC_ExitConfigMode
                0x08002604       0x20 ..\obj\stm32f10x_rtc.o
                0x08002604                RTC_ExitConfigMode
 .text.RTC_GetCounter
                0x08002624       0x2c ..\obj\stm32f10x_rtc.o
                0x08002624                RTC_GetCounter
 .text.RTC_SetCounter
                0x08002650       0x2c ..\obj\stm32f10x_rtc.o
                0x08002650                RTC_SetCounter
 .text.RTC_SetPrescaler
                0x0800267c       0x30 ..\obj\stm32f10x_rtc.o
                0x0800267c                RTC_SetPrescaler
 .text.RTC_WaitForLastTask
                0x080026ac       0x20 ..\obj\stm32f10x_rtc.o
                0x080026ac                RTC_WaitForLastTask
 .text.RTC_WaitForSynchro
                0x080026cc       0x30 ..\obj\stm32f10x_rtc.o
                0x080026cc                RTC_WaitForSynchro
 .text.RTC_GetITStatus
                0x080026fc       0x50 ..\obj\stm32f10x_rtc.o
                0x080026fc                RTC_GetITStatus
 .text.RTC_ClearITPendingBit
                0x0800274c       0x2c ..\obj\stm32f10x_rtc.o
                0x0800274c                RTC_ClearITPendingBit
 .text.TIM_TimeBaseInit
                0x08002778       0xf8 ..\obj\stm32f10x_tim.o
                0x08002778                TIM_TimeBaseInit
 .text.TIM_OC3Init
                0x08002870      0x10c ..\obj\stm32f10x_tim.o
                0x08002870                TIM_OC3Init
 .text.TIM_OC4Init
                0x0800297c       0xd0 ..\obj\stm32f10x_tim.o
                0x0800297c                TIM_OC4Init
 .text.TIM_Cmd  0x08002a4c       0x40 ..\obj\stm32f10x_tim.o
                0x08002a4c                TIM_Cmd
 .text.TIM_ARRPreloadConfig
                0x08002a8c       0x40 ..\obj\stm32f10x_tim.o
                0x08002a8c                TIM_ARRPreloadConfig
 .text.TIM_OC3PreloadConfig
                0x08002acc       0x38 ..\obj\stm32f10x_tim.o
                0x08002acc                TIM_OC3PreloadConfig
 .text.TIM_OC4PreloadConfig
                0x08002b04       0x3c ..\obj\stm32f10x_tim.o
                0x08002b04                TIM_OC4PreloadConfig
 .text.TIM_SetAutoreload
                0x08002b40       0x1c ..\obj\stm32f10x_tim.o
                0x08002b40                TIM_SetAutoreload
 .text.TIM_GetITStatus
                0x08002b5c       0x54 ..\obj\stm32f10x_tim.o
                0x08002b5c                TIM_GetITStatus
 .text.TrigMenuCallBack
                0x08002bb0       0x24 ..\obj\Trig_Menu.o
 .text.SetActiveTrigCursor
                0x08002bd4       0x1c ..\obj\Trig_Menu.o
                0x08002bd4                SetActiveTrigCursor
 .text.Hide_Show_triggInfo
                0x08002bf0       0x40 ..\obj\Trig_Menu.o
                0x08002bf0                Hide_Show_triggInfo
 .text.Trigg_Position_X
                0x08002c30       0xc8 ..\obj\Trig_Menu.o
                0x08002c30                Trigg_Position_X
 .text.Change_H_CursorLevel
                0x08002cf8       0x44 ..\obj\Trig_Menu.o
                0x08002cf8                Change_H_CursorLevel
 .text.Change_L_CursorLevel
                0x08002d3c       0x58 ..\obj\Trig_Menu.o
                0x08002d3c                Change_L_CursorLevel
 .text.Change_Sync_CursorLevel
                0x08002d94       0x60 ..\obj\Trig_Menu.o
 .text.Sync_ChangeLevel
                0x08002df4       0xa0 ..\obj\Trig_Menu.o
                0x08002df4                Sync_ChangeLevel
 .text.Trigg_SyncType
                0x08002e94       0xfc ..\obj\Trig_Menu.o
                0x08002e94                Trigg_SyncType
 .text.Trigg_SyncSourse
                0x08002f90      0x178 ..\obj\Trig_Menu.o
                0x08002f90                Trigg_SyncSourse
 .text.Change_Trig_X_Y_onMainMenu
                0x08003108      0x11c ..\obj\Trig_Menu.o
                0x08003108                Change_Trig_X_Y_onMainMenu
 .text.Draw_Trigg_Info
                0x08003224       0xa8 ..\obj\Trig_Menu.o
                0x08003224                Draw_Trigg_Info
 .text.Update_triggInfo_OnScreen
                0x080032cc      0x3a4 ..\obj\Trig_Menu.o
                0x080032cc                Update_triggInfo_OnScreen
 .text.DBGMCU_GetREVID
                0x08003670       0x18 ..\obj\stm32f10x_dbgmcu.o
                0x08003670                DBGMCU_GetREVID
 .text.DBGMCU_GetDEVID
                0x08003688       0x1c ..\obj\stm32f10x_dbgmcu.o
                0x08003688                DBGMCU_GetDEVID
 .text.SystemInit
                0x080036a4       0x68 ..\obj\system_stm32f10x.o
                0x080036a4                SystemInit
 .text.SetSysClock
                0x0800370c        0xc ..\obj\system_stm32f10x.o
 .text.SetSysClockTo72
                0x08003718      0x100 ..\obj\system_stm32f10x.o
 .text.EEPROM_Read
                0x08003818       0x4c ..\obj\eeprom_WR_RD.o
                0x08003818                EEPROM_Read
 .text.EEPROM_Write
                0x08003864       0x4c ..\obj\eeprom_WR_RD.o
                0x08003864                EEPROM_Write
 .text.I2C_Write_EEPROM_Cycle
                0x080038b0      0x150 ..\obj\eeprom_WR_RD.o
                0x080038b0                I2C_Write_EEPROM_Cycle
 .text.I2C_Read_EEPROM_Cycle
                0x08003a00      0x1b4 ..\obj\eeprom_WR_RD.o
                0x08003a00                I2C_Read_EEPROM_Cycle
 .text.Error_message
                0x08003bb4       0x58 ..\obj\eeprom_WR_RD.o
                0x08003bb4                Error_message
 .text.Control_AD8129
                0x08003c0c       0x5c ..\obj\Analog.o
                0x08003c0c                Control_AD8129
 .text.Change_AnalogDivider
                0x08003c68      0x104 ..\obj\Analog.o
                0x08003c68                Change_AnalogDivider
 .text.Get_AnalogDivider_Index
                0x08003d6c       0x38 ..\obj\Analog.o
                0x08003d6c                Get_AnalogDivider_Index
 .text.Get_AnalogDivider_Gain_Coeff
                0x08003da4       0x2c ..\obj\Analog.o
                0x08003da4                Get_AnalogDivider_Gain_Coeff
 .text.Get_AutoDivider_State
                0x08003dd0       0x20 ..\obj\Analog.o
                0x08003dd0                Get_AutoDivider_State
 .text.Set_AutoDivider_State
                0x08003df0       0x40 ..\obj\Analog.o
                0x08003df0                Set_AutoDivider_State
 .text.Analog_AutodividerMain
                0x08003e30       0x90 ..\obj\Analog.o
                0x08003e30                Analog_AutodividerMain
 .text.Signal_Limit_Exceeded
                0x08003ec0       0x94 ..\obj\Analog.o
 .text.Analog_SetInput_ACDC
                0x08003f54       0x70 ..\obj\Analog.o
                0x08003f54                Analog_SetInput_ACDC
 .text.Analog_InteliveMode
                0x08003fc4       0x5c ..\obj\Analog.o
                0x08003fc4                Analog_InteliveMode
 .text.PWR_BackupAccessCmd
                0x08004020       0x20 ..\obj\stm32f10x_pwr.o
                0x08004020                PWR_BackupAccessCmd
 .text.Default_Reset_Handler
                0x08004040       0x60 ..\obj\startup_stm32f10x_md.o
                0x08004040                Default_Reset_Handler
                0x08004040                Reset_Handler
 .text.Default_Handler
                0x080040a0        0x8 ..\obj\startup_stm32f10x_md.o
                0x080040a0                EXTI2_IRQHandler
                0x080040a0                TIM1_CC_IRQHandler
                0x080040a0                PVD_IRQHandler
                0x080040a0                EXTI3_IRQHandler
                0x080040a0                EXTI0_IRQHandler
                0x080040a0                I2C2_EV_IRQHandler
                0x080040a0                SPI1_IRQHandler
                0x080040a0                TAMPER_IRQHandler
                0x080040a0                DMA1_Channel4_IRQHandler
                0x080040a0                USART3_IRQHandler
                0x080040a0                DMA1_Channel7_IRQHandler
                0x080040a0                CAN1_RX1_IRQHandler
                0x080040a0                I2C1_EV_IRQHandler
                0x080040a0                DMA1_Channel6_IRQHandler
                0x080040a0                TIM3_IRQHandler
                0x080040a0                RCC_IRQHandler
                0x080040a0                TIM1_TRG_COM_IRQHandler
                0x080040a0                DMA1_Channel1_IRQHandler
                0x080040a0                EXTI15_10_IRQHandler
                0x080040a0                EXTI9_5_IRQHandler
                0x080040a0                SPI2_IRQHandler
                0x080040a0                EXTI4_IRQHandler
                0x080040a0                USB_LP_CAN1_RX0_IRQHandler
                0x080040a0                USB_HP_CAN1_TX_IRQHandler
                0x080040a0                DMA1_Channel3_IRQHandler
                0x080040a0                WWDG_IRQHandler
                0x080040a0                TIM1_BRK_IRQHandler
                0x080040a0                EXTI1_IRQHandler
                0x080040a0                RTCAlarm_IRQHandler
                0x080040a0                USART2_IRQHandler
                0x080040a0                I2C2_ER_IRQHandler
                0x080040a0                DMA1_Channel2_IRQHandler
                0x080040a0                CAN1_SCE_IRQHandler
                0x080040a0                FLASH_IRQHandler
                0x080040a0                USART1_IRQHandler
                0x080040a0                USBWakeUp_IRQHandler
 .text.GPIO_Init
                0x080040a8      0x178 ..\obj\stm32f10x_gpio.o
                0x080040a8                GPIO_Init
 .text.GPIO_ReadOutputDataBit
                0x08004220       0x34 ..\obj\stm32f10x_gpio.o
                0x08004220                GPIO_ReadOutputDataBit
 .text.GPIO_PinRemapConfig
                0x08004254       0xe0 ..\obj\stm32f10x_gpio.o
                0x08004254                GPIO_PinRemapConfig
 .text.NVIC_EnableIRQ
                0x08004334       0x30 ..\obj\EPM570.o
 .text.NVIC_DisableIRQ
                0x08004364       0x34 ..\obj\EPM570.o
 .text.EPM570_Signals_Init
                0x08004398        0xc ..\obj\EPM570.o
                0x08004398                EPM570_Signals_Init
 .text.EPM570_Registers_Init
                0x080043a4       0xbc ..\obj\EPM570.o
                0x080043a4                EPM570_Registers_Init
 .text.EPM570_Set_Decimation
                0x08004460       0x20 ..\obj\EPM570.o
                0x08004460                EPM570_Set_Decimation
 .text.EPM570_Get_Decimation
                0x08004480       0x18 ..\obj\EPM570.o
                0x08004480                EPM570_Get_Decimation
 .text.EPM570_Set_numPoints
                0x08004498       0x58 ..\obj\EPM570.o
                0x08004498                EPM570_Set_numPoints
 .text.EPM570_Get_numPoints
                0x080044f0       0x44 ..\obj\EPM570.o
                0x080044f0                EPM570_Get_numPoints
 .text.EPM570_Set_AD9288_State
                0x08004534       0xa4 ..\obj\EPM570.o
 .text.EPM570_SRAM_TimeoutCounterSetState
                0x080045d8       0x5c ..\obj\EPM570.o
 .text.EPM570_SRAM_SetWriteState
                0x08004634       0x20 ..\obj\EPM570.o
                0x08004634                EPM570_SRAM_SetWriteState
 .text.EPM570_SRAM_GetWriteState
                0x08004654       0x18 ..\obj\EPM570.o
                0x08004654                EPM570_SRAM_GetWriteState
 .text.EPM570_SRAM_Write
                0x0800466c      0x210 ..\obj\EPM570.o
                0x0800466c                EPM570_SRAM_Write
 .text.EPM570_SRAM_ReadDirection
                0x0800487c       0x48 ..\obj\EPM570.o
                0x0800487c                EPM570_SRAM_ReadDirection
 .text.EPM570_SRAM_ReadState
                0x080048c4       0x70 ..\obj\EPM570.o
                0x080048c4                EPM570_SRAM_ReadState
 .text.EPM570_SRAM_Shift
                0x08004934      0x120 ..\obj\EPM570.o
                0x08004934                EPM570_SRAM_Shift
 .text.EPM570_SRAM_Read
                0x08004a54      0x21c ..\obj\EPM570.o
                0x08004a54                EPM570_SRAM_Read
 .text.EPM570_Set_Trigger
                0x08004c70      0x250 ..\obj\EPM570.o
 .text.EPM570_Update_SynchronizationMode
                0x08004ec0       0x44 ..\obj\EPM570.o
                0x08004ec0                EPM570_Update_SynchronizationMode
 .text.EPM570_Set_AnalogDigital_DataInput
                0x08004f04       0x5c ..\obj\EPM570.o
                0x08004f04                EPM570_Set_AnalogDigital_DataInput
 .text.EPM570_Set_LA_RLE_State
                0x08004f60       0x50 ..\obj\EPM570.o
                0x08004f60                EPM570_Set_LA_RLE_State
 .text.EPM570_Get_LA_RLE_State
                0x08004fb0       0x18 ..\obj\EPM570.o
                0x08004fb0                EPM570_Get_LA_RLE_State
 .text.EPM570_Set_BackLight
                0x08004fc8       0x3c ..\obj\EPM570.o
                0x08004fc8                EPM570_Set_BackLight
 .text.EPM570_Read_Keys
                0x08005004       0x28 ..\obj\EPM570.o
                0x08005004                EPM570_Read_Keys
 .text.Sync_StateUpdate
                0x0800502c       0x28 ..\obj\Synchronization.o
 .text.Sync_StateReset
                0x08005054       0x10 ..\obj\Synchronization.o
 .text.Sync_Calc_WriteNumPoints
                0x08005064       0x8c ..\obj\Synchronization.o
 .text.Sync_Calc_ReadNumPoints
                0x080050f0       0x50 ..\obj\Synchronization.o
 .text.Sync_SetTriggCursor_X
                0x08005140       0x5c ..\obj\Synchronization.o
 .text.Sync_delay_pre_trigger
                0x0800519c       0x50 ..\obj\Synchronization.o
 .text.main     0x080051ec      0x1f0 ..\obj\main.o
                0x080051ec                main
 .text.setCondition
                0x080053dc       0x80 ..\obj\main.o
                0x080053dc                setCondition
 .text.Digit_Trig_Menu_UpdateButtons
                0x0800545c      0x1cc ..\obj\Digit_Trig_Menu.o
 .text.Draw_Digit_Trig_Menu_Callback
                0x08005628       0xb8 ..\obj\Digit_Trig_Menu.o
                0x08005628                Draw_Digit_Trig_Menu_Callback
 .text.Change_Digit_Trig_Menu
                0x080056e0      0x264 ..\obj\Digit_Trig_Menu.o
 .text.NVIC_EnableIRQ
                0x08005944       0x30 ..\obj\init.o
 .text.NVIC_DisableIRQ
                0x08005974       0x34 ..\obj\init.o
 .text.NVIC_SetPriority
                0x080059a8       0x54 ..\obj\init.o
 .text.NVIC_SystemReset
                0x080059fc       0x28 ..\obj\init.o
 .text.Init_GPIO
                0x08005a24       0xc0 ..\obj\init.o
 .text.Timer1_init
                0x08005ae4       0x58 ..\obj\init.o
 .text.Timer2_init
                0x08005b3c       0x48 ..\obj\init.o
 .text.Timer3_init
                0x08005b84       0xc8 ..\obj\init.o
 .text.Beep_Timer4_Init
                0x08005c4c       0x44 ..\obj\init.o
 .text.I2C_Configuration
                0x08005c90       0x98 ..\obj\init.o
 .text.ADC_Configuration
                0x08005d28       0xac ..\obj\init.o
 .text.USART_Config
                0x08005dd4       0x98 ..\obj\init.o
 .text.USART_DMA_DefaultConfiguration
                0x08005e6c       0xbc ..\obj\init.o
 .text.LCD_PinsInit
                0x08005f28       0x74 ..\obj\init.o
 .text.EPM570_Init
                0x08005f9c      0x108 ..\obj\init.o
 .text.ExHardware_Init_ERROR
                0x080060a4       0x28 ..\obj\init.o
 .text.Global_Init
                0x080060cc       0x34 ..\obj\init.o
                0x080060cc                Global_Init
 .text.External_Peripheral_Init
                0x08006100       0x74 ..\obj\init.o
                0x08006100                External_Peripheral_Init
 .text.Start_Bootloader
                0x08006174       0x84 ..\obj\init.o
                0x08006174                Start_Bootloader
 .text.PrintChar
                0x080061f8       0x14 ..\obj\printf.o
                0x080061f8                PrintChar
 .text.PutChar  0x0800620c       0x20 ..\obj\printf.o
                0x0800620c                PutChar
 .text.PutString
                0x0800622c       0x3c ..\obj\printf.o
                0x0800622c                PutString
 .text.PutUnsignedInt
                0x08006268       0xa0 ..\obj\printf.o
                0x08006268                PutUnsignedInt
 .text.PutSignedInt
                0x08006308       0xfc ..\obj\printf.o
                0x08006308                PutSignedInt
 .text.PutHexa  0x08006404       0xd4 ..\obj\printf.o
                0x08006404                PutHexa
 .text.vsnprintf
                0x080064d8      0x254 ..\obj\printf.o
                0x080064d8                vsnprintf
 .text.vsprintf
                0x0800672c       0x24 ..\obj\printf.o
                0x0800672c                vsprintf
 .text.vfprintf
                0x08006750       0x68 ..\obj\printf.o
                0x08006750                vfprintf
 .text.sprintf  0x080067b8       0x2c ..\obj\printf.o
                0x080067b8                sprintf
 .text.fputc    0x080067e4       0x40 ..\obj\printf.o
                0x080067e4                fputc
 .text.fputs    0x08006824       0x48 ..\obj\printf.o
                0x08006824                fputs
 .text.RCC_RTCCLKConfig
                0x0800686c       0x24 ..\obj\stm32f10x_rcc.o
                0x0800686c                RCC_RTCCLKConfig
 .text.RCC_RTCCLKCmd
                0x08006890       0x20 ..\obj\stm32f10x_rcc.o
                0x08006890                RCC_RTCCLKCmd
 .text.RCC_GetClocksFreq
                0x080068b0      0x164 ..\obj\stm32f10x_rcc.o
                0x080068b0                RCC_GetClocksFreq
 .text.RCC_AHBPeriphClockCmd
                0x08006a14       0x3c ..\obj\stm32f10x_rcc.o
                0x08006a14                RCC_AHBPeriphClockCmd
 .text.RCC_APB2PeriphClockCmd
                0x08006a50       0x3c ..\obj\stm32f10x_rcc.o
                0x08006a50                RCC_APB2PeriphClockCmd
 .text.RCC_APB1PeriphClockCmd
                0x08006a8c       0x3c ..\obj\stm32f10x_rcc.o
                0x08006a8c                RCC_APB1PeriphClockCmd
 .text.RCC_BackupResetCmd
                0x08006ac8       0x20 ..\obj\stm32f10x_rcc.o
                0x08006ac8                RCC_BackupResetCmd
 .text.NVIC_EnableIRQ
                0x08006ae8       0x30 ..\obj\Processing_and_output.o
 .text.NVIC_DisableIRQ
                0x08006b18       0x34 ..\obj\Processing_and_output.o
 .text.Inerlive_Cmd
                0x08006b4c       0x2c ..\obj\Processing_and_output.o
                0x08006b4c                Inerlive_Cmd
 .text.Set_CH_TypeINFO
                0x08006b78       0x4c ..\obj\Processing_and_output.o
                0x08006b78                Set_CH_TypeINFO
 .text.Update_Oscillogram
                0x08006bc4       0xc0 ..\obj\Processing_and_output.o
                0x08006bc4                Update_Oscillogram
 .text.changeInterpolation
                0x08006c84       0x2c ..\obj\Processing_and_output.o
                0x08006c84                changeInterpolation
 .text.Data_Reprocessing_Interpolate
                0x08006cb0      0x1c8 ..\obj\Processing_and_output.o
 .text.Data_Reprocessing
                0x08006e78      0x12c ..\obj\Processing_and_output.o
 .text.Processing_Analog_CH
                0x08006fa4      0x17c ..\obj\Processing_and_output.o
 .text.Processing_Digit_CH
                0x08007120       0x14 ..\obj\Processing_and_output.o
 .text.InterpolationNONE
                0x08007134      0x1a0 ..\obj\Processing_and_output.o
                0x08007134                InterpolationNONE
 .text.InterpolationLINEAR
                0x080072d4      0x1d8 ..\obj\Processing_and_output.o
                0x080072d4                InterpolationLINEAR
 .text.MIN_MAX_MODEfunc
                0x080074ac      0x268 ..\obj\Processing_and_output.o
                0x080074ac                MIN_MAX_MODEfunc
 .text.FFT_MODEfunc
                0x08007714      0x140 ..\obj\Processing_and_output.o
                0x08007714                FFT_MODEfunc
 .text.DrawClear_iLine
                0x08007854       0xb8 ..\obj\Processing_and_output.o
 .text.DrawClear_MAXMIN_Line
                0x0800790c       0xc4 ..\obj\Processing_and_output.o
 .text.Clear_OLD_DataCH_ON_SCREEN
                0x080079d0       0x50 ..\obj\Processing_and_output.o
                0x080079d0                Clear_OLD_DataCH_ON_SCREEN
 .text.Clear_OLD_Data_NONE
                0x08007a20       0xbc ..\obj\Processing_and_output.o
 .text.Clear_OLD_Data_Lines
                0x08007adc       0x98 ..\obj\Processing_and_output.o
 .text.Clear_OLD_Data_MIN_MAX
                0x08007b74      0x134 ..\obj\Processing_and_output.o
 .text.Clear_OLD_Data_FFT
                0x08007ca8       0x34 ..\obj\Processing_and_output.o
 .text.qMenu    0x08007cdc       0x4c ..\obj\gInterface_MENU.o
                0x08007cdc                qMenu
 .text.change_Div_A
                0x08007d28        0xc ..\obj\gInterface_MENU.o
                0x08007d28                change_Div_A
 .text.change_Div_B
                0x08007d34        0xc ..\obj\gInterface_MENU.o
                0x08007d34                change_Div_B
 .text.Change_Analog_Div
                0x08007d40      0x118 ..\obj\gInterface_MENU.o
 .text.change_Sweep
                0x08007e58      0x208 ..\obj\gInterface_MENU.o
                0x08007e58                change_Sweep
 .text.Auto_Sweep
                0x08008060        0xc ..\obj\gInterface_MENU.o
 .text.change_Sweep_Mode
                0x0800806c       0x84 ..\obj\gInterface_MENU.o
                0x0800806c                change_Sweep_Mode
 .text.Sweep_Mode
                0x080080f0       0x88 ..\obj\gInterface_MENU.o
                0x080080f0                Sweep_Mode
 .text.change_Trigg_Mode
                0x08008178       0xa8 ..\obj\gInterface_MENU.o
                0x08008178                change_Trigg_Mode
 .text.Hide_Show_Meas
                0x08008220      0x18c ..\obj\gInterface_MENU.o
                0x08008220                Hide_Show_Meas
 .text.RUN_HOLD
                0x080083ac       0x68 ..\obj\gInterface_MENU.o
                0x080083ac                RUN_HOLD
 .text.ON_OFF_CHANNEL_A
                0x08008414       0x10 ..\obj\gInterface_MENU.o
                0x08008414                ON_OFF_CHANNEL_A
 .text.ON_OFF_CHANNEL_B
                0x08008424       0x6c ..\obj\gInterface_MENU.o
                0x08008424                ON_OFF_CHANNEL_B
 .text.ON_OFF_Channels
                0x08008490       0xc0 ..\obj\gInterface_MENU.o
 .text.change_TIME_SCALE
                0x08008550       0x28 ..\obj\gInterface_MENU.o
                0x08008550                change_TIME_SCALE
 .text.EPM570_WriteReg_Address
                0x08008578       0x20 ..\obj\EPM570_Registers.o
 .text.EPM570_WriteReg_Data
                0x08008598       0x20 ..\obj\EPM570_Registers.o
 .text.EPM570_ReadReg_Data
                0x080085b8       0x30 ..\obj\EPM570_Registers.o
 .text.EPM570_Registers_WriteReg
                0x080085e8       0x40 ..\obj\EPM570_Registers.o
                0x080085e8                EPM570_Registers_WriteReg
 .text.EPM570_Registers_ReadReg
                0x08008628       0x48 ..\obj\EPM570_Registers.o
                0x08008628                EPM570_Registers_ReadReg
 .text.EPM570_Registers_WriteMultByte
                0x08008670       0x44 ..\obj\EPM570_Registers.o
                0x08008670                EPM570_Registers_WriteMultByte
 .text.EPM570_Registers_ReadMultByte
                0x080086b4       0x4c ..\obj\EPM570_Registers.o
                0x080086b4                EPM570_Registers_ReadMultByte
 .text.EPM570_Registers_GetOperateStatus
                0x08008700       0x18 ..\obj\EPM570_Registers.o
                0x08008700                EPM570_Registers_GetOperateStatus
 .text.Sweep_UpdateState
                0x08008718       0xac ..\obj\Sweep.o
                0x08008718                Sweep_UpdateState
 .text.ADC_Init
                0x080087c4       0xa4 ..\obj\stm32f10x_adc.o
                0x080087c4                ADC_Init
 .text.ADC_Cmd  0x08008868       0x38 ..\obj\stm32f10x_adc.o
                0x08008868                ADC_Cmd
 .text.ADC_ITConfig
                0x080088a0       0x44 ..\obj\stm32f10x_adc.o
                0x080088a0                ADC_ITConfig
 .text.ADC_ResetCalibration
                0x080088e4       0x20 ..\obj\stm32f10x_adc.o
                0x080088e4                ADC_ResetCalibration
 .text.ADC_GetResetCalibrationStatus
                0x08008904       0x30 ..\obj\stm32f10x_adc.o
                0x08008904                ADC_GetResetCalibrationStatus
 .text.ADC_StartCalibration
                0x08008934       0x20 ..\obj\stm32f10x_adc.o
                0x08008934                ADC_StartCalibration
 .text.ADC_GetCalibrationStatus
                0x08008954       0x30 ..\obj\stm32f10x_adc.o
                0x08008954                ADC_GetCalibrationStatus
 .text.ADC_SoftwareStartConvCmd
                0x08008984       0x38 ..\obj\stm32f10x_adc.o
                0x08008984                ADC_SoftwareStartConvCmd
 .text.ADC_RegularChannelConfig
                0x080089bc      0x188 ..\obj\stm32f10x_adc.o
                0x080089bc                ADC_RegularChannelConfig
 .text.Settings_Message
                0x08008b44       0x5c ..\obj\Settings.o
 .text.Settings_U8_CS
                0x08008ba0       0x24 ..\obj\Settings.o
                0x08008ba0                Settings_U8_CS
 .text.Settings_EraseParam
                0x08008bc4       0x7c ..\obj\Settings.o
                0x08008bc4                Settings_EraseParam
 .text.ErasePreference
                0x08008c40       0x3c ..\obj\Settings.o
                0x08008c40                ErasePreference
 .text.Settings_SaveParam
                0x08008c7c       0x60 ..\obj\Settings.o
                0x08008c7c                Settings_SaveParam
 .text.SavePreference
                0x08008cdc       0xb8 ..\obj\Settings.o
                0x08008cdc                SavePreference
 .text.Settings_LoadParam
                0x08008d94       0xc4 ..\obj\Settings.o
 .text.LoadPreference
                0x08008e58      0x378 ..\obj\Settings.o
                0x08008e58                LoadPreference
 .text.USART_Init
                0x080091d0      0x174 ..\obj\stm32f10x_usart.o
                0x080091d0                USART_Init
 .text.USART_Cmd
                0x08009344       0x40 ..\obj\stm32f10x_usart.o
                0x08009344                USART_Cmd
 .text.USART_DMACmd
                0x08009384       0x48 ..\obj\stm32f10x_usart.o
                0x08009384                USART_DMACmd
 .text.NVIC_SystemReset
                0x080093cc       0x28 ..\obj\Quick_Menu.o
 .text.Change_Color_Buttons
                0x080093f4       0xd8 ..\obj\Quick_Menu.o
                0x080093f4                Change_Color_Buttons
 .text.Change_Color_Grid
                0x080094cc       0x8c ..\obj\Quick_Menu.o
                0x080094cc                Change_Color_Grid
 .text.Perform_Erase_EEPROM
                0x08009558       0x50 ..\obj\Quick_Menu.o
                0x08009558                Perform_Erase_EEPROM
 .text.Save_pref
                0x080095a8       0x44 ..\obj\Quick_Menu.o
                0x080095a8                Save_pref
 .text.Auto_Power_OFF
                0x080095ec      0x168 ..\obj\Quick_Menu.o
                0x080095ec                Auto_Power_OFF
 .text.Beep_ON_OFF
                0x08009754       0x58 ..\obj\Quick_Menu.o
                0x08009754                Beep_ON_OFF
 .text.BackLight
                0x080097ac       0xb4 ..\obj\Quick_Menu.o
                0x080097ac                BackLight
 .text.ShowFFT_Freq
                0x08009860       0xa8 ..\obj\Quick_Menu.o
                0x08009860                ShowFFT_Freq
 .text.Change_Interpolation
                0x08009908      0x1e4 ..\obj\Quick_Menu.o
                0x08009908                Change_Interpolation
 .text.Color_ChangeBrightness
                0x08009aec       0xd0 ..\obj\colors 5-6-5.o
                0x08009aec                Color_ChangeBrightness
 .text.Update_TimeScale_Menu_Text
                0x08009bbc       0xfc ..\obj\TimeScale_Menu.o
 .text.Draw_TimeScale_Menu
                0x08009cb8       0xac ..\obj\TimeScale_Menu.o
                0x08009cb8                Draw_TimeScale_Menu
 .text.TimeScale_Menu
                0x08009d64      0x1e8 ..\obj\TimeScale_Menu.o
                0x08009d64                TimeScale_Menu
 .text.FLASH_Unlock
                0x08009f4c       0x24 ..\obj\stm32f10x_flash.o
                0x08009f4c                FLASH_Unlock
 .text.FLASH_Lock
                0x08009f70       0x1c ..\obj\stm32f10x_flash.o
                0x08009f70                FLASH_Lock
 .text.FLASH_ErasePage
                0x08009f8c       0x64 ..\obj\stm32f10x_flash.o
                0x08009f8c                FLASH_ErasePage
 .text.FLASH_ProgramWord
                0x08009ff0       0x94 ..\obj\stm32f10x_flash.o
                0x08009ff0                FLASH_ProgramWord
 .text.FLASH_GetBank1Status
                0x0800a084       0x58 ..\obj\stm32f10x_flash.o
                0x0800a084                FLASH_GetBank1Status
 .text.FLASH_WaitForLastOperation
                0x0800a0dc       0x44 ..\obj\stm32f10x_flash.o
                0x0800a0dc                FLASH_WaitForLastOperation
 .text.NVIC_ClearPendingIRQ
                0x0800a120       0x34 ..\obj\stm32f10x_it.o
 .text.NMI_Handler
                0x0800a154        0xc ..\obj\stm32f10x_it.o
                0x0800a154                NMI_Handler
 .text.HardFault_Handler
                0x0800a160       0x4c ..\obj\stm32f10x_it.o
                0x0800a160                HardFault_Handler
 .text.MemManage_Handler
                0x0800a1ac        0x8 ..\obj\stm32f10x_it.o
                0x0800a1ac                MemManage_Handler
 .text.BusFault_Handler
                0x0800a1b4        0x8 ..\obj\stm32f10x_it.o
                0x0800a1b4                BusFault_Handler
 .text.UsageFault_Handler
                0x0800a1bc        0x8 ..\obj\stm32f10x_it.o
                0x0800a1bc                UsageFault_Handler
 .text.SVC_Handler
                0x0800a1c4        0xc ..\obj\stm32f10x_it.o
                0x0800a1c4                SVC_Handler
 .text.DebugMon_Handler
                0x0800a1d0        0xc ..\obj\stm32f10x_it.o
                0x0800a1d0                DebugMon_Handler
 .text.PendSV_Handler
                0x0800a1dc        0xc ..\obj\stm32f10x_it.o
                0x0800a1dc                PendSV_Handler
 .text.SysTick_Handler
                0x0800a1e8        0xc ..\obj\stm32f10x_it.o
                0x0800a1e8                SysTick_Handler
 .text.RTC_IRQHandler
                0x0800a1f4       0xdc ..\obj\stm32f10x_it.o
                0x0800a1f4                RTC_IRQHandler
 .text.TIM1_UP_IRQHandler
                0x0800a2d0       0x4c ..\obj\stm32f10x_it.o
                0x0800a2d0                TIM1_UP_IRQHandler
 .text.TIM2_IRQHandler
                0x0800a31c       0xf0 ..\obj\stm32f10x_it.o
                0x0800a31c                TIM2_IRQHandler
 .text.TIM4_IRQHandler
                0x0800a40c       0x74 ..\obj\stm32f10x_it.o
                0x0800a40c                TIM4_IRQHandler
 .text.I2C1_ER_IRQHandler
                0x0800a480      0x104 ..\obj\stm32f10x_it.o
                0x0800a480                I2C1_ER_IRQHandler
 *fill*         0x0800a584        0x4 
 .text.ADC1_2_IRQHandler
                0x0800a588      0x140 ..\obj\stm32f10x_it.o
                0x0800a588                ADC1_2_IRQHandler
 .text.DMA1_Channel5_IRQHandler
                0x0800a6c8      0x110 ..\obj\stm32f10x_it.o
                0x0800a6c8                DMA1_Channel5_IRQHandler
 .text.NVIC_EnableIRQ
                0x0800a7d8       0x30 ..\obj\AutoCorrectCH.o
 .text.NVIC_DisableIRQ
                0x0800a808       0x34 ..\obj\AutoCorrectCH.o
 .text.Auto_CorrectZ_CH_A
                0x0800a83c        0xc ..\obj\AutoCorrectCH.o
                0x0800a83c                Auto_CorrectZ_CH_A
 .text.Auto_CorrectZ_CH_B
                0x0800a848        0xc ..\obj\AutoCorrectCH.o
                0x0800a848                Auto_CorrectZ_CH_B
 .text.Auto_CorrectZ_CH
                0x0800a854      0x30c ..\obj\AutoCorrectCH.o
                0x0800a854                Auto_CorrectZ_CH
 .text.Correction
                0x0800ab60      0x33c ..\obj\AutoCorrectCH.o
 .text.InterliveChannelCorrection
                0x0800ae9c       0xf0 ..\obj\AutoCorrectCH.o
 .text.Update_Progress
                0x0800af8c       0xb8 ..\obj\AutoCorrectCH.o
 .text.Fill_Progress
                0x0800b044       0xa0 ..\obj\AutoCorrectCH.o
 .text.Read_zCycle
                0x0800b0e4       0xa0 ..\obj\AutoCorrectCH.o
 .text.Get_CorrectionTerminate
                0x0800b184       0x2c ..\obj\AutoCorrectCH.o
 .text.Correct_AnalogZero_CH_A
                0x0800b1b0       0x10 ..\obj\ChannelsMenu.o
                0x0800b1b0                Correct_AnalogZero_CH_A
 .text.Correct_AnalogZero_CH_B
                0x0800b1c0       0x10 ..\obj\ChannelsMenu.o
                0x0800b1c0                Correct_AnalogZero_CH_B
 .text.Correct_Analog_Zero
                0x0800b1d0       0xa8 ..\obj\ChannelsMenu.o
 .text.OFFSET_CH_A
                0x0800b278       0x54 ..\obj\ChannelsMenu.o
                0x0800b278                OFFSET_CH_A
 .text.OFFSET_CH_B
                0x0800b2cc       0x54 ..\obj\ChannelsMenu.o
                0x0800b2cc                OFFSET_CH_B
 .text.OFFSET_CH
                0x0800b320      0x12c ..\obj\ChannelsMenu.o
 .text.AutoDivider_A
                0x0800b44c       0x2c ..\obj\ChannelsMenu.o
                0x0800b44c                AutoDivider_A
 .text.AutoDivider_B
                0x0800b478       0x2c ..\obj\ChannelsMenu.o
                0x0800b478                AutoDivider_B
 .text.AutoDivider
                0x0800b4a4       0x4c ..\obj\ChannelsMenu.o
 .text.Change_COLOR_CH_A
                0x0800b4f0       0x4c ..\obj\ChannelsMenu.o
                0x0800b4f0                Change_COLOR_CH_A
 .text.Change_TextColor_CH_A
                0x0800b53c       0x4c ..\obj\ChannelsMenu.o
                0x0800b53c                Change_TextColor_CH_A
 .text.Change_COLOR_CH_B
                0x0800b588       0x4c ..\obj\ChannelsMenu.o
                0x0800b588                Change_COLOR_CH_B
 .text.Change_TextColor_CH_B
                0x0800b5d4       0x4c ..\obj\ChannelsMenu.o
                0x0800b5d4                Change_TextColor_CH_B
 .text.Change_COLOR_CH
                0x0800b620       0xd4 ..\obj\ChannelsMenu.o
 .text.Intrlive_Correct
                0x0800b6f4       0x64 ..\obj\ChannelsMenu.o
                0x0800b6f4                Intrlive_Correct
 .text.DMA_DeInit
                0x0800b758      0x178 ..\obj\stm32f10x_dma.o
                0x0800b758                DMA_DeInit
 .text.DMA_Cmd  0x0800b8d0       0x38 ..\obj\stm32f10x_dma.o
                0x0800b8d0                DMA_Cmd
 .text.DMA_ITConfig
                0x0800b908       0x3c ..\obj\stm32f10x_dma.o
                0x0800b908                DMA_ITConfig
 .text.SysTick_CLKSourceConfig
                0x0800b944       0x38 ..\obj\misc.o
                0x0800b944                SysTick_CLKSourceConfig
 .text.MeasMenuCallBack
                0x0800b97c       0xfc ..\obj\Meas_Menu.o
 .text.ChangeMeasCursor_1
                0x0800ba78       0x10 ..\obj\Meas_Menu.o
                0x0800ba78                ChangeMeasCursor_1
 .text.ChangeMeasCursor_2
                0x0800ba88       0x10 ..\obj\Meas_Menu.o
                0x0800ba88                ChangeMeasCursor_2
 .text.ChangeMeasCursors
                0x0800ba98      0x174 ..\obj\Meas_Menu.o
 .text.ChangeMeasMode
                0x0800bc0c       0x68 ..\obj\Meas_Menu.o
                0x0800bc0c                ChangeMeasMode
 .text.DrawMeasModeText
                0x0800bc74      0x18c ..\obj\Meas_Menu.o
 .text.Host_IQueue_Initialization
                0x0800be00       0x4c ..\obj\IQueue.o
                0x0800be00                Host_IQueue_Initialization
 .text.Host_IQueue_GetReadStatus
                0x0800be4c       0x60 ..\obj\IQueue.o
                0x0800be4c                Host_IQueue_GetReadStatus
 .text.Host_GetIQueue
                0x0800beac       0x24 ..\obj\IQueue.o
                0x0800beac                Host_GetIQueue
 .text.Host_IQueue_GetEmptyIndex
                0x0800bed0       0x50 ..\obj\IQueue.o
                0x0800bed0                Host_IQueue_GetEmptyIndex
 .text.Host_IQueue_Clear
                0x0800bf20       0x40 ..\obj\IQueue.o
                0x0800bf20                Host_IQueue_Clear
 .text.Host_IQueue_Get_CommandsCount
                0x0800bf60       0x1c ..\obj\IQueue.o
                0x0800bf60                Host_IQueue_Get_CommandsCount
 .text.Host_IQueue_SetCommandCount
                0x0800bf7c       0x44 ..\obj\IQueue.o
                0x0800bf7c                Host_IQueue_SetCommandCount
 .text.EPM570_GPIO_Configuration
                0x0800bfc0       0x5c ..\obj\EPM570_GPIO.o
                0x0800bfc0                EPM570_GPIO_Configuration
 .text.EPM570_GPIO_RS
                0x0800c01c       0x30 ..\obj\EPM570_GPIO.o
                0x0800c01c                EPM570_GPIO_RS
 .text.EPM570_GPIO_RD
                0x0800c04c       0x30 ..\obj\EPM570_GPIO.o
                0x0800c04c                EPM570_GPIO_RD
 .text.EPM570_GPIO_ResetCntrlSignals
                0x0800c07c       0x2c ..\obj\EPM570_GPIO.o
                0x0800c07c                EPM570_GPIO_ResetCntrlSignals
 .text.EPM570_GPIO_SetPortState
                0x0800c0a8       0x3c ..\obj\EPM570_GPIO.o
                0x0800c0a8                EPM570_GPIO_SetPortState
 .text.EPM570_GPIO_SetPortData
                0x0800c0e4       0x28 ..\obj\EPM570_GPIO.o
                0x0800c0e4                EPM570_GPIO_SetPortData
 .text.EPM570_GPIO_WriteStrobe
                0x0800c10c       0x20 ..\obj\EPM570_GPIO.o
                0x0800c10c                EPM570_GPIO_WriteStrobe
 .text.EPM570_GPIO_AddrWriteStrobe
                0x0800c12c       0x1c ..\obj\EPM570_GPIO.o
                0x0800c12c                EPM570_GPIO_AddrWriteStrobe
 .text.fft_realMag_calc
                0x0800c148      0x100 ..\obj\FFT.o
                0x0800c148                fft_realMag_calc
 .text.fft_calc
                0x0800c248      0x200 ..\obj\FFT.o
                0x0800c248                fft_calc
 .text.fft_binary_inversion
                0x0800c448       0x44 ..\obj\FFT.o
 .text.delay_init
                0x0800c48c       0x54 ..\obj\systick.o
                0x0800c48c                delay_init
 .text.delay_us
                0x0800c4e0       0xa0 ..\obj\systick.o
                0x0800c4e0                delay_us
 .text.delay_ms
                0x0800c580       0x74 ..\obj\systick.o
                0x0800c580                delay_ms
 .text.I2C_Init
                0x0800c5f4      0x184 ..\obj\stm32f10x_i2c.o
                0x0800c5f4                I2C_Init
 .text.I2C_Cmd  0x0800c778       0x40 ..\obj\stm32f10x_i2c.o
                0x0800c778                I2C_Cmd
 .text.I2C_GenerateSTART
                0x0800c7b8       0x40 ..\obj\stm32f10x_i2c.o
                0x0800c7b8                I2C_GenerateSTART
 .text.I2C_GenerateSTOP
                0x0800c7f8       0x40 ..\obj\stm32f10x_i2c.o
                0x0800c7f8                I2C_GenerateSTOP
 .text.I2C_SendData
                0x0800c838       0x20 ..\obj\stm32f10x_i2c.o
                0x0800c838                I2C_SendData
 .text.I2C_ReceiveData
                0x0800c858       0x1c ..\obj\stm32f10x_i2c.o
                0x0800c858                I2C_ReceiveData
 .text.I2C_Send7bitAddress
                0x0800c874       0x3c ..\obj\stm32f10x_i2c.o
                0x0800c874                I2C_Send7bitAddress
 .text.I2C_CheckEvent
                0x0800c8b0       0x60 ..\obj\stm32f10x_i2c.o
                0x0800c8b0                I2C_CheckEvent
 .text.I2C_GetFlagStatus
                0x0800c910       0x68 ..\obj\stm32f10x_i2c.o
                0x0800c910                I2C_GetFlagStatus
 .text.I2C_GetITStatus
                0x0800c978       0x5c ..\obj\stm32f10x_i2c.o
                0x0800c978                I2C_GetITStatus
 .text.I2C_ClearITPendingBit
                0x0800c9d4       0x2c ..\obj\stm32f10x_i2c.o
                0x0800c9d4                I2C_ClearITPendingBit
 .text.NVIC_EnableIRQ
                0x0800ca00       0x30 ..\obj\RTC.o
 .text.NVIC_SetPriority
                0x0800ca30       0x54 ..\obj\RTC.o
 .text.RTC_User_Init
                0x0800ca84       0x24 ..\obj\RTC.o
                0x0800ca84                RTC_User_Init
 .text.RTC_Configuration
                0x0800caa8       0x58 ..\obj\RTC.o
                0x0800caa8                RTC_Configuration
 .text.Reset_Calc_Show_Freq
                0x0800cb00       0x24 ..\obj\Measurments.o
                0x0800cb00                Reset_Calc_Show_Freq
 .text.Calc_Show_Freq
                0x0800cb24      0x160 ..\obj\Measurments.o
                0x0800cb24                Calc_Show_Freq
 .text.All_Measurments_Menu_1
                0x0800cc84       0x8c ..\obj\Measurments.o
                0x0800cc84                All_Measurments_Menu_1
 .text.All_Measurments_Menu_2
                0x0800cd10       0xa0 ..\obj\Measurments.o
                0x0800cd10                All_Measurments_Menu_2
 .text.All_Measurments_Menu_3
                0x0800cdb0       0xbc ..\obj\Measurments.o
                0x0800cdb0                All_Measurments_Menu_3
 .text.Init_Meas_Values
                0x0800ce6c       0x6c ..\obj\Measurments.o
                0x0800ce6c                Init_Meas_Values
 .text.Vcrs1_Meas
                0x0800ced8       0x50 ..\obj\Measurments.o
 .text.Vcrs2_Meas
                0x0800cf28       0x50 ..\obj\Measurments.o
 .text.Vmax_Meas
                0x0800cf78       0x94 ..\obj\Measurments.o
 .text.Vmin_Meas
                0x0800d00c       0x94 ..\obj\Measurments.o
 .text.FFT_Meas
                0x0800d0a0      0x130 ..\obj\Measurments.o
 .text.F_Meas_Calc
                0x0800d1d0       0x90 ..\obj\Measurments.o
 .text.Vp_p_Meas
                0x0800d260       0xe0 ..\obj\Measurments.o
 .text.deltaT_Meas
                0x0800d340       0x44 ..\obj\Measurments.o
 .text.Vdc_Meas
                0x0800d384       0x48 ..\obj\Measurments.o
 .text.Vrms_Meas
                0x0800d3cc       0xb8 ..\obj\Measurments.o
 .text.dutyCycle_Meas
                0x0800d484      0x138 ..\obj\Measurments.o
 .text.Compute_and_Print_All_Values_1
                0x0800d5bc      0x110 ..\obj\Measurments.o
 .text.Compute_and_Print_All_Values_2
                0x0800d6cc       0xf8 ..\obj\Measurments.o
 .text.Compute_and_Print_All_Values_3
                0x0800d7c4      0x140 ..\obj\Measurments.o
 .text.Print_Meas_Text
                0x0800d904       0x48 ..\obj\Measurments.o
 .text.cnvrtToVolts
                0x0800d94c      0x10c ..\obj\Measurments.o
                0x0800d94c                cnvrtToVolts
 .text.cnvrtToTime
                0x0800da58      0x150 ..\obj\Measurments.o
                0x0800da58                cnvrtToTime
 .text.cnvrtToFrequency
                0x0800dba8       0xd0 ..\obj\Measurments.o
                0x0800dba8                cnvrtToFrequency
 .text.ConvertFloatToString
                0x0800dc78      0x15c ..\obj\Measurments.o
                0x0800dc78                ConvertFloatToString
 .text.SysTick_SetReload
                0x0800ddd4       0x1c ..\obj\stm32f10x_systick.o
                0x0800ddd4                SysTick_SetReload
 .text.SysTick_CounterCmd
                0x0800ddf0       0x48 ..\obj\stm32f10x_systick.o
                0x0800ddf0                SysTick_CounterCmd
 .text.SysTick_ITConfig
                0x0800de38       0x38 ..\obj\stm32f10x_systick.o
                0x0800de38                SysTick_ITConfig
 .text.SysTick_GetFlagStatus
                0x0800de70       0x60 ..\obj\stm32f10x_systick.o
                0x0800de70                SysTick_GetFlagStatus
 .text.NVIC_EnableIRQ
                0x0800ded0       0x30 ..\obj\Host.o
 .text.NVIC_DisableIRQ
                0x0800df00       0x34 ..\obj\Host.o
 .text.NVIC_SystemReset
                0x0800df34       0x28 ..\obj\Host.o
 .text.Recive_Host_Data
                0x0800df5c      0x120 ..\obj\Host.o
                0x0800df5c                Recive_Host_Data
 .text.Transmit_To_Host
                0x0800e07c      0x110 ..\obj\Host.o
                0x0800e07c                Transmit_To_Host
 .text.Transmit_DataBuf_To_Host
                0x0800e18c      0x38c ..\obj\Host.o
                0x0800e18c                Transmit_DataBuf_To_Host
 .text.Decoding_Command
                0x0800e518      0x7b0 ..\obj\Host.o
                0x0800e518                Decoding_Command
 .text.Switch_To_HostMode
                0x0800ecc8      0x1dc ..\obj\Host.o
                0x0800ecc8                Switch_To_HostMode
 .text.Host_RequestProcessing
                0x0800eea4       0xc4 ..\obj\Host.o
 .text.Host_RequestReset
                0x0800ef68       0x24 ..\obj\Host.o
                0x0800ef68                Host_RequestReset
 .text.Host_GetTerminateCmd
                0x0800ef8c       0x20 ..\obj\Host.o
                0x0800ef8c                Host_GetTerminateCmd
 .text.Switch_To_AutoMode
                0x0800efac       0x38 ..\obj\Host.o
                0x0800efac                Switch_To_AutoMode
 .text.host_delay
                0x0800efe4       0x20 ..\obj\Host.o
 .text.CRC8_Buff
                0x0800f004       0x4c ..\obj\Host.o
                0x0800f004                CRC8_Buff
 .text.CRC8     0x0800f050       0x88 ..\obj\Host.o
                0x0800f050                CRC8
 .text.BKP_DeInit
                0x0800f0d8       0x14 ..\obj\stm32f10x_bkp.o
                0x0800f0d8                BKP_DeInit
 .text.BKP_WriteBackupRegister
                0x0800f0ec       0x34 ..\obj\stm32f10x_bkp.o
                0x0800f0ec                BKP_WriteBackupRegister
 .text.CS_ClipPoint_IN_Window
                0x0800f120       0x3c ..\..\..\src\LCD\libgl_hx8352_flash.a(Clip.o)
                0x0800f120                CS_ClipPoint_IN_Window
 .text.CS_ClipPoint_OUT_Window
                0x0800f15c       0x48 ..\..\..\src\LCD\libgl_hx8352_flash.a(Clip.o)
                0x0800f15c                CS_ClipPoint_OUT_Window
 .text.CS_ClipLine_Out_Window
                0x0800f1a4      0x5ac ..\..\..\src\LCD\libgl_hx8352_flash.a(Clip.o)
                0x0800f1a4                CS_ClipLine_Out_Window
 .text.CS_ClipLine_IN_Window
                0x0800f750      0x31c ..\..\..\src\LCD\libgl_hx8352_flash.a(Clip.o)
                0x0800f750                CS_ClipLine_IN_Window
 .text.Set_New_ClipObject
                0x0800fa6c       0xe8 ..\..\..\src\LCD\libgl_hx8352_flash.a(Clip.o)
                0x0800fa6c                Set_New_ClipObject
 .text.Clear_ClipObject
                0x0800fb54       0xd4 ..\..\..\src\LCD\libgl_hx8352_flash.a(Clip.o)
                0x0800fb54                Clear_ClipObject
 .text.Verify_Clip_Point
                0x0800fc28       0x58 ..\..\..\src\LCD\libgl_hx8352_flash.a(Clip.o)
                0x0800fc28                Verify_Clip_Point
 .text.Verify_Clip_Line
                0x0800fc80       0x5c ..\..\..\src\LCD\libgl_hx8352_flash.a(Clip.o)
                0x0800fc80                Verify_Clip_Line
 .text.LCD_SetFont
                0x0800fcdc        0xc ..\..\..\src\LCD\libgl_hx8352_flash.a(Font.o)
                0x0800fcdc                LCD_SetFont
 .text.LCD_DrawChar
                0x0800fce8      0x4ac ..\..\..\src\LCD\libgl_hx8352_flash.a(Font.o)
                0x0800fce8                LCD_DrawChar
 .text.LCD_PutStrig
                0x08010194       0xc4 ..\..\..\src\LCD\libgl_hx8352_flash.a(Font.o)
                0x08010194                LCD_PutStrig
 .text.LCD_PutColorStrig
                0x08010258       0x18 ..\..\..\src\LCD\libgl_hx8352_flash.a(Font.o)
                0x08010258                LCD_PutColorStrig
 .text.LCD_Strig_PointsWidht
                0x08010270       0x48 ..\..\..\src\LCD\libgl_hx8352_flash.a(Font.o)
                0x08010270                LCD_Strig_PointsWidht
 .text.DrawPixel
                0x080102b8       0x2c ..\..\..\src\LCD\libgl_hx8352_flash.a(Graphics_Primitive.o)
                0x080102b8                DrawPixel
 .text.LCD_DrawLine
                0x080102e4      0x67c ..\..\..\src\LCD\libgl_hx8352_flash.a(Graphics_Primitive.o)
                0x080102e4                LCD_DrawLine
 .text.LCD_DrawRect
                0x08010960       0x3c ..\..\..\src\LCD\libgl_hx8352_flash.a(Graphics_Primitive.o)
                0x08010960                LCD_DrawRect
 .text.LCD_DrawFillRect
                0x0801099c       0xd4 ..\..\..\src\LCD\libgl_hx8352_flash.a(Graphics_Primitive.o)
                0x0801099c                LCD_DrawFillRect
 .text.LCD_DrawLowerHalf
                0x08010a70      0x11c ..\..\..\src\LCD\libgl_hx8352_flash.a(FillTriangle.o)
                0x08010a70                LCD_DrawLowerHalf
 .text.LCD_DrawUpperHalf
                0x08010b8c      0x11c ..\..\..\src\LCD\libgl_hx8352_flash.a(FillTriangle.o)
                0x08010b8c                LCD_DrawUpperHalf
 .text.LCD_DrawFillTriangle
                0x08010ca8       0xd0 ..\..\..\src\LCD\libgl_hx8352_flash.a(FillTriangle.o)
                0x08010ca8                LCD_DrawFillTriangle
 .text.LCD_PutPixel_16bpp
                0x08010d78       0x3c ..\..\..\src\LCD\libgl_hx8352_flash.a(hx8352.o)
                0x08010d78                LCD_PutPixel_16bpp
 .text.LCD_PutPixel_18bpp
                0x08010db4       0x54 ..\..\..\src\LCD\libgl_hx8352_flash.a(hx8352.o)
                0x08010db4                LCD_PutPixel_18bpp
 .text.LCD_PutPixel_18bpp_16
                0x08010e08       0x5c ..\..\..\src\LCD\libgl_hx8352_flash.a(hx8352.o)
                0x08010e08                LCD_PutPixel_18bpp_16
 .text.LCD_SetTextColor
                0x08010e64        0xc ..\..\..\src\LCD\libgl_hx8352_flash.a(hx8352.o)
                0x08010e64                LCD_SetTextColor
 .text.LCD_SetGraphicsColor
                0x08010e70        0xc ..\..\..\src\LCD\libgl_hx8352_flash.a(hx8352.o)
                0x08010e70                LCD_SetGraphicsColor
 .text.LCD_GetGraphicsColor
                0x08010e7c       0x10 ..\..\..\src\LCD\libgl_hx8352_flash.a(hx8352.o)
                0x08010e7c                LCD_GetGraphicsColor
 .text.LCD_SetBackColor
                0x08010e8c        0xc ..\..\..\src\LCD\libgl_hx8352_flash.a(hx8352.o)
                0x08010e8c                LCD_SetBackColor
 .text.Set_LCD_CS
                0x08010e98       0x14 ..\..\..\src\LCD\libgl_hx8352_flash.a(hx8352.o)
                0x08010e98                Set_LCD_CS
 .text.Reset_LCD_CS
                0x08010eac       0x10 ..\..\..\src\LCD\libgl_hx8352_flash.a(hx8352.o)
                0x08010eac                Reset_LCD_CS
 .text.LCD_SetCursor
                0x08010ebc       0xd4 ..\..\..\src\LCD\libgl_hx8352_flash.a(hx8352.o)
                0x08010ebc                LCD_SetCursor
 .text.LCD_SetArea
                0x08010f90      0x1e4 ..\..\..\src\LCD\libgl_hx8352_flash.a(hx8352.o)
                0x08010f90                LCD_SetArea
 .text.LCD_SetFullScreen
                0x08011174       0x10 ..\..\..\src\LCD\libgl_hx8352_flash.a(hx8352.o)
                0x08011174                LCD_SetFullScreen
 .text.LCD_Init
                0x08011184      0x72c ..\..\..\src\LCD\libgl_hx8352_flash.a(hx8352.o)
                0x08011184                LCD_Init
 .text.LCD_FillScreen
                0x080118b0       0x48 ..\..\..\src\LCD\libgl_hx8352_flash.a(hx8352.o)
                0x080118b0                LCD_FillScreen
 .text.LCD_ClearArea
                0x080118f8       0x7c ..\..\..\src\LCD\libgl_hx8352_flash.a(hx8352.o)
                0x080118f8                LCD_ClearArea
 .text.LCD_Change_Direction
                0x08011974       0xe4 ..\..\..\src\LCD\libgl_hx8352_flash.a(hx8352.o)
                0x08011974                LCD_Change_Direction
 .text.LCD_Set_DataWidth_ColorBitDepth
                0x08011a58       0x3c ..\..\..\src\LCD\libgl_hx8352_flash.a(hx8352.o)
                0x08011a58                LCD_Set_DataWidth_ColorBitDepth
 .text.set_LCD_DATAPort_Init
                0x08011a94       0x18 ..\..\..\src\LCD\libgl_hx8352_flash.a(hx8352_GPIO.o)
                0x08011a94                set_LCD_DATAPort_Init
 .text.set_RES_LCD
                0x08011aac       0x10 ..\..\..\src\LCD\libgl_hx8352_flash.a(hx8352_GPIO.o)
                0x08011aac                set_RES_LCD
 .text.set_RD_LCD
                0x08011abc       0x10 ..\..\..\src\LCD\libgl_hx8352_flash.a(hx8352_GPIO.o)
                0x08011abc                set_RD_LCD
 .text.set_RS_LCD
                0x08011acc       0x10 ..\..\..\src\LCD\libgl_hx8352_flash.a(hx8352_GPIO.o)
                0x08011acc                set_RS_LCD
 .text.set_WR_LCD
                0x08011adc       0x10 ..\..\..\src\LCD\libgl_hx8352_flash.a(hx8352_GPIO.o)
                0x08011adc                set_WR_LCD
 .text.set_CS_LCD
                0x08011aec       0x10 ..\..\..\src\LCD\libgl_hx8352_flash.a(hx8352_GPIO.o)
                0x08011aec                set_CS_LCD
 .text.LCD_DrawButton
                0x08011afc      0x348 ..\..\..\src\LCD\libgl_hx8352_flash.a(GUI_elements.o)
                0x08011afc                LCD_DrawButton
 .text.LCD_DrawGrid
                0x08011e44      0x26c ..\..\..\src\LCD\libgl_hx8352_flash.a(GUI_elements.o)
                0x08011e44                LCD_DrawGrid
 .text.round    0x080120b0       0x9c c:/program files/gnu tools arm embedded/4.8 2014q3/bin/../lib/gcc/arm-none-eabi/4.8.4/../../../../arm-none-eabi/lib/armv7-m\libm.a(lib_a-s_round.o)
                0x080120b0                round
 .text.trunc    0x0801214c       0x60 c:/program files/gnu tools arm embedded/4.8 2014q3/bin/../lib/gcc/arm-none-eabi/4.8.4/../../../../arm-none-eabi/lib/armv7-m\libm.a(lib_a-s_trunc.o)
                0x0801214c                trunc
 .text.pow10f   0x080121ac        0xc c:/program files/gnu tools arm embedded/4.8 2014q3/bin/../lib/gcc/arm-none-eabi/4.8.4/../../../../arm-none-eabi/lib/armv7-m\libm.a(lib_a-sf_pow10.o)
                0x080121ac                pow10f
 .text.sinf     0x080121b8       0x7c c:/program files/gnu tools arm embedded/4.8 2014q3/bin/../lib/gcc/arm-none-eabi/4.8.4/../../../../arm-none-eabi/lib/armv7-m\libm.a(lib_a-sf_sin.o)
                0x080121b8                sinf
 .text.powf     0x08012234      0x310 c:/program files/gnu tools arm embedded/4.8 2014q3/bin/../lib/gcc/arm-none-eabi/4.8.4/../../../../arm-none-eabi/lib/armv7-m\libm.a(lib_a-wf_pow.o)
                0x08012234                powf
 .text.sqrtf    0x08012544       0x9c c:/program files/gnu tools arm embedded/4.8 2014q3/bin/../lib/gcc/arm-none-eabi/4.8.4/../../../../arm-none-eabi/lib/armv7-m\libm.a(lib_a-wf_sqrt.o)
                0x08012544                sqrtf
 .text.__ieee754_powf
                0x080125e0      0x6f8 c:/program files/gnu tools arm embedded/4.8 2014q3/bin/../lib/gcc/arm-none-eabi/4.8.4/../../../../arm-none-eabi/lib/armv7-m\libm.a(lib_a-ef_pow.o)
                0x080125e0                __ieee754_powf
 .text.__ieee754_rem_pio2f
                0x08012cd8      0x2e8 c:/program files/gnu tools arm embedded/4.8 2014q3/bin/../lib/gcc/arm-none-eabi/4.8.4/../../../../arm-none-eabi/lib/armv7-m\libm.a(lib_a-ef_rem_pio2.o)
                0x08012cd8                __ieee754_rem_pio2f
 .text.__ieee754_sqrtf
                0x08012fc0       0xa8 c:/program files/gnu tools arm embedded/4.8 2014q3/bin/../lib/gcc/arm-none-eabi/4.8.4/../../../../arm-none-eabi/lib/armv7-m\libm.a(lib_a-ef_sqrt.o)
                0x08012fc0                __ieee754_sqrtf
 .text.__kernel_cosf
                0x08013068      0x188 c:/program files/gnu tools arm embedded/4.8 2014q3/bin/../lib/gcc/arm-none-eabi/4.8.4/../../../../arm-none-eabi/lib/armv7-m\libm.a(lib_a-kf_cos.o)
                0x08013068                __kernel_cosf
 .text.__kernel_rem_pio2f
                0x080131f0      0x670 c:/program files/gnu tools arm embedded/4.8 2014q3/bin/../lib/gcc/arm-none-eabi/4.8.4/../../../../arm-none-eabi/lib/armv7-m\libm.a(lib_a-kf_rem_pio2.o)
                0x080131f0                __kernel_rem_pio2f
 .text.__kernel_sinf
                0x08013860       0xec c:/program files/gnu tools arm embedded/4.8 2014q3/bin/../lib/gcc/arm-none-eabi/4.8.4/../../../../arm-none-eabi/lib/armv7-m\libm.a(lib_a-kf_sin.o)
                0x08013860                __kernel_sinf
 .text.matherr  0x0801394c        0x4 c:/program files/gnu tools arm embedded/4.8 2014q3/bin/../lib/gcc/arm-none-eabi/4.8.4/../../../../arm-none-eabi/lib/armv7-m\libm.a(lib_a-s_matherr.o)
                0x0801394c                matherr
 .text.rint     0x08013950      0x118 c:/program files/gnu tools arm embedded/4.8 2014q3/bin/../lib/gcc/arm-none-eabi/4.8.4/../../../../arm-none-eabi/lib/armv7-m\libm.a(lib_a-s_rint.o)
                0x08013950                rint
 .text.fabsf    0x08013a68        0x8 c:/program files/gnu tools arm embedded/4.8 2014q3/bin/../lib/gcc/arm-none-eabi/4.8.4/../../../../arm-none-eabi/lib/armv7-m\libm.a(lib_a-sf_fabs.o)
                0x08013a68                fabsf
 .text.finitef  0x08013a70       0x10 c:/program files/gnu tools arm embedded/4.8 2014q3/bin/../lib/gcc/arm-none-eabi/4.8.4/../../../../arm-none-eabi/lib/armv7-m\libm.a(lib_a-sf_finite.o)
                0x08013a70                finitef
 .text.floorf   0x08013a80       0x8c c:/program files/gnu tools arm embedded/4.8 2014q3/bin/../lib/gcc/arm-none-eabi/4.8.4/../../../../arm-none-eabi/lib/armv7-m\libm.a(lib_a-sf_floor.o)
                0x08013a80                floorf
 .text.__fpclassifyf
                0x08013b0c       0x34 c:/program files/gnu tools arm embedded/4.8 2014q3/bin/../lib/gcc/arm-none-eabi/4.8.4/../../../../arm-none-eabi/lib/armv7-m\libm.a(lib_a-sf_fpclassify.o)
                0x08013b0c                __fpclassifyf
 .text.nanf     0x08013b40        0x8 c:/program files/gnu tools arm embedded/4.8 2014q3/bin/../lib/gcc/arm-none-eabi/4.8.4/../../../../arm-none-eabi/lib/armv7-m\libm.a(lib_a-sf_nan.o)
                0x08013b40                nanf
 .text.scalbnf  0x08013b48       0xb4 c:/program files/gnu tools arm embedded/4.8 2014q3/bin/../lib/gcc/arm-none-eabi/4.8.4/../../../../arm-none-eabi/lib/armv7-m\libm.a(lib_a-sf_scalbn.o)
                0x08013b48                scalbnf
 .text.copysignf
                0x08013bfc        0xc c:/program files/gnu tools arm embedded/4.8 2014q3/bin/../lib/gcc/arm-none-eabi/4.8.4/../../../../arm-none-eabi/lib/armv7-m\libm.a(lib_a-sf_copysign.o)
                0x08013bfc                copysignf
 .text          0x08013c08      0x370 c:/program files/gnu tools arm embedded/4.8 2014q3/bin/../lib/gcc/arm-none-eabi/4.8.4/armv7-m\libgcc.a(_arm_addsubdf3.o)
                0x08013c08                __aeabi_drsub
                0x08013c10                __aeabi_dsub
                0x08013c10                __subdf3
                0x08013c14                __aeabi_dadd
                0x08013c14                __adddf3
                0x08013e8c                __floatunsidf
                0x08013e8c                __aeabi_ui2d
                0x08013eac                __floatsidf
                0x08013eac                __aeabi_i2d
                0x08013ed0                __aeabi_f2d
                0x08013ed0                __extendsfdf2
                0x08013f0c                __floatundidf
                0x08013f0c                __aeabi_ul2d
                0x08013f1c                __floatdidf
                0x08013f1c                __aeabi_l2d
 .text          0x08013f78      0x424 c:/program files/gnu tools arm embedded/4.8 2014q3/bin/../lib/gcc/arm-none-eabi/4.8.4/armv7-m\libgcc.a(_arm_muldivdf3.o)
                0x08013f78                __aeabi_dmul
                0x08013f78                __muldf3
                0x080141cc                __divdf3
                0x080141cc                __aeabi_ddiv
 .text          0x0801439c      0x110 c:/program files/gnu tools arm embedded/4.8 2014q3/bin/../lib/gcc/arm-none-eabi/4.8.4/armv7-m\libgcc.a(_arm_cmpdf2.o)
                0x0801439c                __gtdf2
                0x0801439c                __gedf2
                0x080143a4                __ltdf2
                0x080143a4                __ledf2
                0x080143ac                __nedf2
                0x080143ac                __eqdf2
                0x080143ac                __cmpdf2
                0x08014428                __aeabi_cdrcmple
                0x08014438                __aeabi_cdcmpeq
                0x08014438                __aeabi_cdcmple
                0x08014448                __aeabi_dcmpeq
                0x0801445c                __aeabi_dcmplt
                0x08014470                __aeabi_dcmple
                0x08014484                __aeabi_dcmpge
                0x08014498                __aeabi_dcmpgt
 .text          0x080144ac       0x50 c:/program files/gnu tools arm embedded/4.8 2014q3/bin/../lib/gcc/arm-none-eabi/4.8.4/armv7-m\libgcc.a(_arm_fixdfsi.o)
                0x080144ac                __aeabi_d2iz
                0x080144ac                __fixdfsi
 .text          0x080144fc       0x40 c:/program files/gnu tools arm embedded/4.8 2014q3/bin/../lib/gcc/arm-none-eabi/4.8.4/armv7-m\libgcc.a(_arm_fixunsdfsi.o)
                0x080144fc                __aeabi_d2uiz
                0x080144fc                __fixunsdfsi
 .text          0x0801453c       0xa0 c:/program files/gnu tools arm embedded/4.8 2014q3/bin/../lib/gcc/arm-none-eabi/4.8.4/armv7-m\libgcc.a(_arm_truncdfsf2.o)
                0x0801453c                __truncdfsf2
                0x0801453c                __aeabi_d2f
 .text          0x080145dc      0x21c c:/program files/gnu tools arm embedded/4.8 2014q3/bin/../lib/gcc/arm-none-eabi/4.8.4/armv7-m\libgcc.a(_arm_addsubsf3.o)
                0x080145dc                __aeabi_frsub
                0x080145e4                __subsf3
                0x080145e4                __aeabi_fsub
                0x080145e8                __aeabi_fadd
                0x080145e8                __addsf3
                0x08014748                __aeabi_ui2f
                0x08014748                __floatunsisf
                0x08014750                __aeabi_i2f
                0x08014750                __floatsisf
                0x0801476c                __aeabi_ul2f
                0x0801476c                __floatundisf
                0x0801477c                __aeabi_l2f
                0x0801477c                __floatdisf
 .text          0x080147f8      0x2a0 c:/program files/gnu tools arm embedded/4.8 2014q3/bin/../lib/gcc/arm-none-eabi/4.8.4/armv7-m\libgcc.a(_arm_muldivsf3.o)
                0x080147f8                __mulsf3
                0x080147f8                __aeabi_fmul
                0x08014960                __aeabi_fdiv
                0x08014960                __divsf3
 .text          0x08014a98       0xec c:/program files/gnu tools arm embedded/4.8 2014q3/bin/../lib/gcc/arm-none-eabi/4.8.4/armv7-m\libgcc.a(_arm_cmpsf2.o)
                0x08014a98                __gesf2
                0x08014a98                __gtsf2
                0x08014aa0                __lesf2
                0x08014aa0                __ltsf2
                0x08014aa8                __nesf2
                0x08014aa8                __eqsf2
                0x08014aa8                __cmpsf2
                0x08014b08                __aeabi_cfrcmple
                0x08014b10                __aeabi_cfcmpeq
                0x08014b10                __aeabi_cfcmple
                0x08014b20                __aeabi_fcmpeq
                0x08014b34                __aeabi_fcmplt
                0x08014b48                __aeabi_fcmple
                0x08014b5c                __aeabi_fcmpge
                0x08014b70                __aeabi_fcmpgt
 .text          0x08014b84       0x4c c:/program files/gnu tools arm embedded/4.8 2014q3/bin/../lib/gcc/arm-none-eabi/4.8.4/armv7-m\libgcc.a(_arm_fixsfsi.o)
                0x08014b84                __aeabi_f2iz
                0x08014b84                __fixsfsi
 .text          0x08014bd0       0x40 c:/program files/gnu tools arm embedded/4.8 2014q3/bin/../lib/gcc/arm-none-eabi/4.8.4/armv7-m\libgcc.a(_arm_fixunssfsi.o)
                0x08014bd0                __fixunssfsi
                0x08014bd0                __aeabi_f2uiz
 .text.__errno  0x08014c10        0xc c:/program files/gnu tools arm embedded/4.8 2014q3/bin/../lib/gcc/arm-none-eabi/4.8.4/../../../../arm-none-eabi/lib/armv7-m\libg.a(lib_a-errno.o)
                0x08014c10                __errno
 .text.memcmp   0x08014c1c       0x68 c:/program files/gnu tools arm embedded/4.8 2014q3/bin/../lib/gcc/arm-none-eabi/4.8.4/../../../../arm-none-eabi/lib/armv7-m\libg.a(lib_a-memcmp.o)
                0x08014c1c                memcmp
 .text          0x08014c84       0xec c:/program files/gnu tools arm embedded/4.8 2014q3/bin/../lib/gcc/arm-none-eabi/4.8.4/../../../../arm-none-eabi/lib/armv7-m\libg.a(lib_a-memcpy.o)
                0x08014c84                memcpy
 .text.memset   0x08014d70       0x94 c:/program files/gnu tools arm embedded/4.8 2014q3/bin/../lib/gcc/arm-none-eabi/4.8.4/../../../../arm-none-eabi/lib/armv7-m\libg.a(lib_a-memset.o)
                0x08014d70                memset
 .text.strcat   0x08014e04       0x4c c:/program files/gnu tools arm embedded/4.8 2014q3/bin/../lib/gcc/arm-none-eabi/4.8.4/../../../../arm-none-eabi/lib/armv7-m\libg.a(lib_a-strcat.o)
                0x08014e04                strcat
 .text.strcpy   0x08014e50       0xbc c:/program files/gnu tools arm embedded/4.8 2014q3/bin/../lib/gcc/arm-none-eabi/4.8.4/../../../../arm-none-eabi/lib/armv7-m\libg.a(lib_a-strcpy.o)
                0x08014e50                strcpy
 .text.strlen   0x08014f0c       0x60 c:/program files/gnu tools arm embedded/4.8 2014q3/bin/../lib/gcc/arm-none-eabi/4.8.4/../../../../arm-none-eabi/lib/armv7-m\libg.a(lib_a-strlen.o)
                0x08014f0c                strlen
 *(.init)
 *(.fini)
 *crtbegin.o(.ctors)
 *crtbegin?.o(.ctors)
 *(EXCLUDE_FILE(*crtend.o *crtend?.o) .ctors)
 *(SORT(.ctors.*))
 *(.ctors)
 *crtbegin.o(.dtors)
 *crtbegin?.o(.dtors)
 *(EXCLUDE_FILE(*crtend.o *crtend?.o) .dtors)
 *(SORT(.dtors.*))
 *(.dtors)
 *(.rodata*)
 .rodata        0x08014f6c      0x1f4 ..\obj\User_Interface.o
                0x08014f6c                sweep_text
                0x08015040                sweep_Scale_text
                0x08015060                sweepMODE_text
 .rodata        0x08015160       0xe0 ..\obj\Trig_Menu.o
                0x08015160                Trigg_Sourse_Sync_Text
 .rodata        0x08015240       0xc8 ..\obj\eeprom_WR_RD.o
 .rodata        0x08015308      0x120 ..\obj\Analog.o
 .rodata        0x08015428       0x18 ..\obj\Synchronization.o
                0x08015428                syncfoops
 .rodata        0x08015440       0x30 ..\obj\main.o
 .rodata        0x08015470       0x24 ..\obj\Digit_Trig_Menu.o
 .rodata        0x08015494       0xf0 ..\obj\init.o
 .rodata        0x08015584      0xce0 ..\obj\Arial16.o
                0x08015584                arialUnicodeMS_16ptBitmaps
                0x080160d8                arialUnicodeMS_16ptDescriptors
                0x08016254                arialUnicodeMS_16ptFontInfo
 .rodata        0x08016264       0x24 ..\obj\printf.o
 .rodata        0x08016288       0x28 ..\obj\Processing_and_output.o
 .rodata        0x080162b0       0x74 ..\obj\SansSerif_9Bold.o
                0x080162b0                lucidaConsole_9ptBitmaps
                0x080162ec                lucidaConsole_9ptDescriptors
                0x08016314                lucidaConsole_9pt_Bold_FontInfo
 .rodata        0x08016324      0x128 ..\obj\gInterface_MENU.o
 .rodata        0x0801644c       0x5c ..\obj\Sweep.o
                0x0801644c                sweep_coff
                0x080164a0                IntrlSweepScaleCoff
                0x080164a4                SweepScaleCoff
 .rodata        0x080164a8      0x1a4 ..\obj\Settings.o
                0x080164a8                Param_ADC_Zero_A
                0x080164b0                Param_ADC_Zero_B
                0x080164b8                Param_A_Position
                0x080164c0                Param_B_Position
                0x080164c8                Param_ActiveMode
                0x080164d0                Param_ADC_IN_Div_A
                0x080164d8                Param_ADC_IN_Div_B
                0x080164e0                Param_SweepIndex
                0x080164e8                Param_ScaleIndex
                0x080164f0                Param_WindowsNum
                0x080164f8                Param_WindowPosition
                0x08016500                Param_AutoOff_Timer
                0x08016508                Param_AutoDivider_State
                0x08016510                Param_SyncState_Mode
                0x08016518                Param_SyncState_Sourse
                0x08016520                Param_SyncState_Type
                0x08016528                Param_Height_Y_cursor
                0x08016530                Param_Low_Y_cursor
                0x08016538                Param_trigPosX_cursor
                0x08016540                Param_trigPosX_WinPosition
                0x08016548                Param_TriggShowInfo
                0x08016550                Param_indxColorA
                0x08016558                Param_indxColorB
                0x08016560                Param_indxColorButtons
                0x08016568                Param_indxTextColorA
                0x08016570                Param_indxTextColorB
                0x08016578                Param_indxColorGrid
                0x08016580                Param_PowerSave
                0x08016588                Param_BL
                0x08016590                Param_BeepState
                0x08016598                Param_ADC_Input_AC_DC_A
                0x080165a0                Param_ADC__Input_AC_DC_B
                0x080165a8                Param_ShowFFTFreq
                0x080165b0                Param_InterliveCorrectionCoeff
                0x080165b8                Param_oscNumPoints
 .rodata        0x0801664c      0x184 ..\obj\Quick_Menu.o
 .rodata        0x080167d0      0x400 ..\obj\colors 5-6-5.o
                0x080167d0                M256_Colors
                0x080169d0                grayScalle
 .rodata        0x08016bd0       0x18 ..\obj\TimeScale_Menu.o
 .rodata        0x08016be8       0x38 ..\obj\stm32f10x_it.o
 .rodata        0x08016c20       0x4c ..\obj\AutoCorrectCH.o
 .rodata        0x08016c6c       0x9c ..\obj\ChannelsMenu.o
 .rodata        0x08016d08      0x5d8 ..\obj\lucidaConsole10.o
                0x08016d08                lucidaConsole10ptBitmaps
                0x08017154                lucidaConsole10ptDescriptors
                0x080172d0                lucidaConsole10ptFontInfo
 .rodata        0x080172e0       0x80 ..\obj\Meas_Menu.o
 .rodata        0x08017360      0x6a0 ..\obj\TimesNewRoman12.o
                0x08017360                timesNewRoman12ptBitmaps
                0x08017874                timesNewRoman12ptDescriptors
                0x080179f0                timesNewRoman12ptFontInfo
 .rodata        0x08017a00      0x400 ..\obj\FFT.o
                0x08017a00                Coeffs_256
 .rodata        0x08017e00       0x3c ..\obj\Measurments.o
                0x08017e00                MeasurmentsMode
 .rodata        0x08017e3c       0xe8 ..\obj\Host.o
 .rodata.str1.4
                0x08017f24        0x5 c:/program files/gnu tools arm embedded/4.8 2014q3/bin/../lib/gcc/arm-none-eabi/4.8.4/../../../../arm-none-eabi/lib/armv7-m\libm.a(lib_a-wf_pow.o)
                                  0x8 (size before relaxing)
 *fill*         0x08017f29        0x3 
 .rodata.str1.4
                0x08017f2c        0x6 c:/program files/gnu tools arm embedded/4.8 2014q3/bin/../lib/gcc/arm-none-eabi/4.8.4/../../../../arm-none-eabi/lib/armv7-m\libm.a(lib_a-wf_sqrt.o)
                                  0x8 (size before relaxing)
 *fill*         0x08017f32        0x2 
 .rodata.dp_h   0x08017f34        0x8 c:/program files/gnu tools arm embedded/4.8 2014q3/bin/../lib/gcc/arm-none-eabi/4.8.4/../../../../arm-none-eabi/lib/armv7-m\libm.a(lib_a-ef_pow.o)
 .rodata.dp_l   0x08017f3c        0x8 c:/program files/gnu tools arm embedded/4.8 2014q3/bin/../lib/gcc/arm-none-eabi/4.8.4/../../../../arm-none-eabi/lib/armv7-m\libm.a(lib_a-ef_pow.o)
 .rodata.bp     0x08017f44        0x8 c:/program files/gnu tools arm embedded/4.8 2014q3/bin/../lib/gcc/arm-none-eabi/4.8.4/../../../../arm-none-eabi/lib/armv7-m\libm.a(lib_a-ef_pow.o)
 .rodata.str1.4
                0x00000000        0x8 c:/program files/gnu tools arm embedded/4.8 2014q3/bin/../lib/gcc/arm-none-eabi/4.8.4/../../../../arm-none-eabi/lib/armv7-m\libm.a(lib_a-ef_pow.o)
                                  0x4 (size before relaxing)
 .rodata.npio2_hw
                0x08017f4c       0x80 c:/program files/gnu tools arm embedded/4.8 2014q3/bin/../lib/gcc/arm-none-eabi/4.8.4/../../../../arm-none-eabi/lib/armv7-m\libm.a(lib_a-ef_rem_pio2.o)
 .rodata.two_over_pi
                0x08017fcc      0x318 c:/program files/gnu tools arm embedded/4.8 2014q3/bin/../lib/gcc/arm-none-eabi/4.8.4/../../../../arm-none-eabi/lib/armv7-m\libm.a(lib_a-ef_rem_pio2.o)
 .rodata.init_jk
                0x080182e4        0xc c:/program files/gnu tools arm embedded/4.8 2014q3/bin/../lib/gcc/arm-none-eabi/4.8.4/../../../../arm-none-eabi/lib/armv7-m\libm.a(lib_a-kf_rem_pio2.o)
 .rodata.PIo2   0x080182f0       0x2c c:/program files/gnu tools arm embedded/4.8 2014q3/bin/../lib/gcc/arm-none-eabi/4.8.4/../../../../arm-none-eabi/lib/armv7-m\libm.a(lib_a-kf_rem_pio2.o)
 *fill*         0x0801831c        0x4 
 .rodata.TWO52  0x08018320       0x10 c:/program files/gnu tools arm embedded/4.8 2014q3/bin/../lib/gcc/arm-none-eabi/4.8.4/../../../../arm-none-eabi/lib/armv7-m\libm.a(lib_a-s_rint.o)
 *(.eh_fram e*)

.glue_7         0x08018330        0x0
 .glue_7        0x00000000        0x0 linker stubs

.glue_7t        0x08018330        0x0
 .glue_7t       0x00000000        0x0 linker stubs

.vfp11_veneer   0x08018330        0x0
 .vfp11_veneer  0x00000000        0x0 linker stubs

.v4_bx          0x08018330        0x0
 .v4_bx         0x00000000        0x0 linker stubs

.iplt           0x08018330        0x0
 .iplt          0x00000000        0x0 ..\obj\User_Interface.o

.rel.dyn        0x08018330        0x0
 .rel.iplt      0x00000000        0x0 ..\obj\User_Interface.o

.ARM.extab
 *(.ARM.extab* .gnu.linkonce.armextab.*)
                0x08018330                __exidx_start = .

.ARM.exidx
 *(.ARM.exidx* .gnu.linkonce.armexidx.*)
                0x08018330                __exidx_end = .
                0x08018330                __etext = .
                0x08018330                _sidata = __etext

.data           0x20000000     0x27ac load address 0x08018330
                0x20000000                __data_start__ = .
                0x20000000                _sdata = __data_start__
 *(vtable)
 *(.data*)
 .data          0x20000000       0x68 ..\obj\User_Interface.o
                0x20000000                pAll_Menu
                0x2000001c                pMenu
                0x20000020                gMessage
                0x20000038                activeAreaGrid
                0x20000044                ColorMn
                0x2000004c                globalBackColor
                0x2000004e                Active_BorderColor
                0x20000050                indxColorA
                0x20000051                indxColorB
                0x20000052                indxColorButtons
                0x20000053                indxColorGrid
                0x20000054                indxTextColorA
                0x20000055                indxTextColorB
                0x20000056                centerX
                0x20000058                centerY
                0x2000005a                leftLimit
                0x2000005c                rightLimit
                0x2000005e                upperLimit
                0x20000060                lowerLimit
 .data          0x20000068      0x17c ..\obj\Trig_Menu.o
                0x20000068                TriggShowInfo
                0x200000cc                Height_Y_cursor
                0x200000dc                Low_Y_cursor
                0x200000ec                trigPosX_cursor
                0x200000fc                pntTrigCursor
                0x20000100                btnTrigg_ShowInfo
                0x20000118                btnTrigg_Position_X
                0x20000130                btnLow_Level_W
                0x20000148                btnHeight_Level_W
                0x20000160                btnTrigg_Type_sync
                0x20000178                btnSync_Sourse
                0x20000190                TrigMenu
 .data          0x200001e4       0x14 ..\obj\system_stm32f10x.o
                0x200001e4                SystemCoreClock
                0x200001e8                AHBPrescTable
 .data          0x200001f8        0x4 ..\obj\eeprom_WR_RD.o
                0x200001f8                sEETimeout
 .data          0x200001fc        0x1 ..\obj\Analog.o
                0x200001fc                param_auto_div
 *fill*         0x200001fd        0x1 
 .data          0x200001fe        0x2 ..\obj\EPM570.o
 .data          0x20000200       0x10 ..\obj\Synchronization.o
                0x20000200                gSyncState
 .data          0x20000210       0x1c ..\obj\main.o
                0x20000210                gOSC_MODE
                0x2000021c                gSamplesWin
                0x20000228                pMNU
 .data          0x2000022c      0x1e4 ..\obj\Digit_Trig_Menu.o
                0x2000022c                btnCondDigit_0
                0x20000244                btnCondDigit_1
                0x2000025c                btnCondDigit_2
                0x20000274                btnCondDigit_3
                0x2000028c                btnCondDigit_4
                0x200002a4                btnCondDigit_5
                0x200002bc                btnCondDigit_6
                0x200002d4                btnCondDigit_7
                0x200002ec                btnDiffDigit_0
                0x20000304                btnDiffDigit_1
                0x2000031c                btnDiffDigit_2
                0x20000334                btnDiffDigit_3
                0x2000034c                btnDiffDigit_4
                0x20000364                btnDiffDigit_5
                0x2000037c                btnDiffDigit_6
                0x20000394                btnDiffDigit_7
                0x200003ac                DigitTrigMenu
                0x20000400                pRegisters
 .data          0x20000410      0x430 ..\obj\printf.o
                0x20000410                r
                0x20000838                _impure_ptr
 .data          0x20000840       0x14 ..\obj\stm32f10x_rcc.o
 .data          0x20000854     0x185c ..\obj\Processing_and_output.o
                0x20000854                INFO_A
                0x20001050                INFO_B
                0x2000184c                DINFO_A
                0x20002048                Shift
                0x2000204c                IntNONE
                0x20002060                IntLIN
                0x20002074                IntMIN_MAX
                0x20002088                FFT_MODE
                0x2000209c                InterpModes
                0x200020ac                ActiveMode
 .data          0x200020b0      0x15c ..\obj\gInterface_MENU.o
                0x200020b0                btnMENU
                0x200020c8                btnVDIV_A
                0x200020e0                btnVDIV_B
                0x200020f8                btnSWEEP
                0x20002110                btnSWEEP_MODE
                0x20002128                btnTRIG
                0x20002140                btnMEASURMENTS
                0x20002158                btnRUN_HOLD
                0x20002170                btnCHA_AC_DC
                0x20002188                btnCHB_AC_DC
                0x200021a0                btnTIME_SCALE
                0x200021b8                gInterfaceMenu
 .data          0x2000220c       0x50 ..\obj\EPM570_Registers.o
                0x2000220c                EPM570_Register_TRG_UP
                0x20002210                EPM570_Register_TRG_DWN
                0x20002214                EPM570_Register_LA_CND_DAT
                0x20002218                EPM570_Register_LA_DIFF_DAT
                0x2000221c                EPM570_Register_LA_CND_MSK
                0x20002220                EPM570_Register_LA_DIFF_MSK
                0x20002224                EPM570_Register_InKeys
                0x20002228                EPM570_Register_Decim
                0x20002238                EPM570_Register_WIN
                0x20002248                EPM570_Register_cnfPin
                0x2000224c                EPM570_Register_cnfPin_B
                0x20002250                EPM570_Register_extPin0
                0x20002254                EPM570_Register_extPin_1
                0x20002258                EPM570_Register_WriteControl
 .data          0x2000225c        0x4 ..\obj\Sweep.o
                0x2000225c                SweepScale
 .data          0x20002260       0x8c ..\obj\Settings.o
                0x20002260                SettingsParams
 .data          0x200022ec      0x13c ..\obj\Quick_Menu.o
                0x200022ec                Color_Buttons
                0x20002304                Color_Grid
                0x2000231c                EraseEeprom
                0x20002334                Save
                0x2000234c                AutoPowerOFF
                0x20002364                BeepEN
                0x2000237c                btnLIGHT_INFO
                0x20002394                btnShowFFT
                0x200023ac                Interpolation
                0x200023c4                QuickMenu
                0x20002418                AutoPowerOFF_btnTxt
 .data          0x20002428       0x30 ..\obj\TimeScale_Menu.o
                0x20002428                nI
 .data          0x20002458        0x6 ..\obj\stm32f10x_it.o
                0x20002458                beep_cnt
                0x2000245a                ButtonEnable
                0x2000245b                ButtonPush
 .data          0x2000245e        0x2 ..\obj\AutoCorrectCH.o
 .data          0x20002460      0x1e0 ..\obj\ChannelsMenu.o
                0x20002460                IntrlCorrect_A
                0x20002478                TextColor_A
                0x20002490                Color_A
                0x200024a8                Auto_Correction_Zero_A
                0x200024c0                Correction_Zero_A
                0x200024d8                AutoDiv_A
                0x200024f0                Offset_A
                0x20002508                TextColor_B
                0x20002520                Color_B
                0x20002538                Auto_Correction_Zero_B
                0x20002550                Correction_Zero_B
                0x20002568                AutoDiv_B
                0x20002580                Offset_B
                0x20002598                ChannelA_Menu
                0x200025ec                ChannelB_Menu
 .data          0x20002640       0xa0 ..\obj\Meas_Menu.o
                0x20002640                btnMeasCursor1
                0x20002658                btnMeasCursor2
                0x20002670                btnMeasMode
                0x20002688                numMeasMenu
                0x2000268c                MeasMenu
 .data          0x200026e0       0xb8 ..\obj\Measurments.o
                0x200026e0                mModeActive
                0x200026e4                measurments_A
                0x20002734                measurments_B
                0x20002784                OldFreq_A
                0x20002788                OldFreq_B
                0x2000278c                measCursor1
                0x2000278e                measCursor2
                0x20002790                gMIN
                0x20002794                MeasurmentsFunc
 .data          0x20002798        0x8 ..\obj\Host.o
                0x20002798                SoftwareName
 .data          0x200027a0        0x4 ..\..\..\src\LCD\libgl_hx8352_flash.a(Graphics_Primitive.o)
                0x200027a0                NumLevels
                0x200027a2                IntensityBits
 .data          0x200027a4        0x4 ..\..\..\src\LCD\libgl_hx8352_flash.a(hx8352.o)
                0x200027a4                LCD_PutPixel
 .data          0x200027a8        0x2 ..\..\..\src\LCD\libgl_hx8352_flash.a(hx8352_GPIO.o)
                0x200027a8                LCD_portMask
 .data.__fdlib_version
                0x200027aa        0x1 c:/program files/gnu tools arm embedded/4.8 2014q3/bin/../lib/gcc/arm-none-eabi/4.8.4/../../../../arm-none-eabi/lib/armv7-m\libm.a(lib_a-s_lib_ver.o)
                0x200027aa                __fdlib_version
                0x200027ac                . = ALIGN (0x4)
 *fill*         0x200027ab        0x1 
                0x200027ac                PROVIDE (__preinit_array_start, .)
 *(.preinit_array)
                0x200027ac                PROVIDE (__preinit_array_end, .)
                0x200027ac                . = ALIGN (0x4)
                0x200027ac                PROVIDE (__init_array_start, .)
 *(SORT(.init_array.*))
 *(.init_array)
                0x200027ac                PROVIDE (__init_array_end, .)
                0x200027ac                . = ALIGN (0x4)
                0x200027ac                PROVIDE (__fini_array_start, .)
 *(SORT(.fini_array.*))
 *(.fini_array)
                0x200027ac                PROVIDE (__fini_array_end, .)
 *(.jcr*)
                0x200027ac                . = ALIGN (0x4)
                0x200027ac                __data_end__ = .
                0x200027ac                _edata = __data_end__

.igot.plt       0x200027ac        0x0 load address 0x0801aadc
 .igot.plt      0x00000000        0x0 ..\obj\User_Interface.o

.bss            0x200027ac     0x1374 load address 0x0801aadc
                0x200027ac                . = ALIGN (0x4)
                0x200027ac                __bss_start__ = .
                0x200027ac                _sbss = __bss_start__
 *(.bss*)
 .bss           0x200027ac       0x4c ..\obj\User_Interface.o
                0x200027ac                chMessage
                0x200027e0                btn
                0x200027e4                TrigTimeoutState
                0x200027e6                Active_BackColor
 .bss           0x200027f8        0x1 ..\obj\eeprom_WR_RD.o
                0x200027f8                err_I2C_flag
 *fill*         0x200027f9        0x3 
 .bss           0x200027fc        0x8 ..\obj\Analog.o
 .bss           0x20002804        0x8 ..\obj\EPM570.o